<html>
<body>
<pre>
<h1>µVision Build Log</h1>
<h2>Tool Versions:</h2>
IDE-Version: ¦ÌVision V5.34.0.0
Copyright (C) 2021 ARM Ltd and ARM Germany GmbH. All rights reserved.
License Information: 11 11, 11, LIC=YA39H-WUXTY-2ZFW4-FH85F-YXSRI-KMU5C
 
Tool Versions:
Toolchain:       MDK-ARM Plus  Version: 5.34.0.0
Toolchain Path:  D:\Keil\ARM\ARMCC\Bin
C Compiler:      Armcc.exe V5.06 update 7 (build 960)
Assembler:       Armasm.exe V5.06 update 7 (build 960)
Linker/Locator:  ArmLink.exe V5.06 update 7 (build 960)
Library Manager: ArmAr.exe V5.06 update 7 (build 960)
Hex Converter:   FromElf.exe V5.06 update 7 (build 960)
CPU DLL:         SARMCM3.DLL V5.34.0.0
Dialog DLL:      DCM.DLL V1.17.3.0
Target DLL:      CMSIS_AGDI.dll V1.32.13.0
Dialog DLL:      TCM.DLL V1.48.0.0
 
<h2>Project:</h2>
D:\school\zhengtu\Infantry\Wheeled infantry Two\MDK-ARM\Wheeled infantry.uvprojx
Project File Date:  11/17/2025

<h2>Output:</h2>
*** Using Compiler 'V5.06 update 7 (build 960)', folder: 'D:\Keil\ARM\ARMCC\Bin'
Build target 'Wheeled infantry'
compiling CAN_receive.c...
compiling M2006_Driver.c...
compiling GimbalControl.c...
compiling M3508_Driver.c...
compiling Shoot_Control.c...
compiling Chassis_Control.c...
compiling M6020_Driver.c...
compiling Power_distribution.c...
compiling ins_task.c...
compiling main.c...
compiling freertos.c...
compiling All_Task.c...
..\Application\All_Task.c(50): warning:  #177-D: variable "setChassis_xSpeed"  was declared but never referenced
      int16_t setChassis_xSpeed = 0;
..\Application\All_Task.c(51): warning:  #177-D: variable "setChassis_ySpeed"  was declared but never referenced
      int16_t setChassis_ySpeed = 0;
..\Application\All_Task.c(52): warning:  #177-D: variable "setChassis_zSpeed"  was declared but never referenced
      int16_t setChassis_zSpeed = 0;
..\Application\All_Task.c(34): warning:  #177-D: variable "prev_xSpeed"  was declared but never referenced
  static float prev_xSpeed = 0;
..\Application\All_Task.c(35): warning:  #177-D: variable "prev_ySpeed"  was declared but never referenced
  static float prev_ySpeed = 0;
..\Application\All_Task.c(36): warning:  #177-D: variable "prev_zSpeed"  was declared but never referenced
  static float prev_zSpeed = 0;
..\Application\All_Task.c: 6 warnings, 0 errors
linking...
Program Size: Code=53988 RO-data=2912 RW-data=1420 ZI-data=64500  
FromELF: creating hex file...
"Wheeled infantry\Wheeled infantry.axf" - 0 Error(s), 6 Warning(s).

<h2>Software Packages used:</h2>

Package Vendor: ARM
                http://www.keil.com/pack/ARM.CMSIS.5.7.0.pack
                ARM.CMSIS.5.7.0
                CMSIS (Cortex Microcontroller Software Interface Standard)
   * Component: CORE Version: 5.4.0

Package Vendor: Keil
                https://www.keil.com/pack/Keil.STM32F4xx_DFP.2.17.1.pack
                Keil.STM32F4xx_DFP.2.17.1
                STMicroelectronics STM32F4 Series Device Support, Drivers and Examples

<h2>Collection of Component include folders:</h2>
  .\RTE\_Wheeled_infantry
  D:\Arm\Packs\ARM\CMSIS\5.7.0\CMSIS\Core\Include
  D:\Arm\Packs\Keil\STM32F4xx_DFP\2.17.1\Drivers\CMSIS\Device\ST\STM32F4xx\Include

<h2>Collection of Component Files used:</h2>

   * Component: ARM::CMSIS:CORE:5.4.0
Build Time Elapsed:  00:00:08
</pre>
</body>
</html>
