Component: ARM Compiler 5.06 update 7 (build 960) Tool: armlink [4d3601]

==============================================================================

Section Cross References

    startup_stm32f407xx.o(STACK) refers (Special) to heapauxi.o(.text) for __use_two_region_memory
    startup_stm32f407xx.o(HEAP) refers (Special) to heapauxi.o(.text) for __use_two_region_memory
    startup_stm32f407xx.o(RESET) refers (Special) to heapauxi.o(.text) for __use_two_region_memory
    startup_stm32f407xx.o(RESET) refers to startup_stm32f407xx.o(STACK) for __initial_sp
    startup_stm32f407xx.o(RESET) refers to startup_stm32f407xx.o(.text) for Reset_Handler
    startup_stm32f407xx.o(RESET) refers to stm32f4xx_it.o(i.NMI_Handler) for NMI_Handler
    startup_stm32f407xx.o(RESET) refers to stm32f4xx_it.o(i.HardFault_Handler) for HardFault_Handler
    startup_stm32f407xx.o(RESET) refers to stm32f4xx_it.o(i.MemManage_Handler) for MemManage_Handler
    startup_stm32f407xx.o(RESET) refers to stm32f4xx_it.o(i.BusFault_Handler) for BusFault_Handler
    startup_stm32f407xx.o(RESET) refers to stm32f4xx_it.o(i.UsageFault_Handler) for UsageFault_Handler
    startup_stm32f407xx.o(RESET) refers to port.o(.emb_text) for SVC_Handler
    startup_stm32f407xx.o(RESET) refers to stm32f4xx_it.o(i.DebugMon_Handler) for DebugMon_Handler
    startup_stm32f407xx.o(RESET) refers to port.o(i.SysTick_Handler) for SysTick_Handler
    startup_stm32f407xx.o(RESET) refers to stm32f4xx_it.o(i.DMA1_Stream1_IRQHandler) for DMA1_Stream1_IRQHandler
    startup_stm32f407xx.o(RESET) refers to stm32f4xx_it.o(i.DMA1_Stream2_IRQHandler) for DMA1_Stream2_IRQHandler
    startup_stm32f407xx.o(RESET) refers to stm32f4xx_it.o(i.DMA1_Stream4_IRQHandler) for DMA1_Stream4_IRQHandler
    startup_stm32f407xx.o(RESET) refers to stm32f4xx_it.o(i.CAN1_RX0_IRQHandler) for CAN1_RX0_IRQHandler
    startup_stm32f407xx.o(RESET) refers to stm32f4xx_it.o(i.TIM2_IRQHandler) for TIM2_IRQHandler
    startup_stm32f407xx.o(RESET) refers to remote_control.o(i.USART3_IRQHandler) for USART3_IRQHandler
    startup_stm32f407xx.o(RESET) refers to stm32f4xx_it.o(i.DMA2_Stream0_IRQHandler) for DMA2_Stream0_IRQHandler
    startup_stm32f407xx.o(RESET) refers to stm32f4xx_it.o(i.DMA2_Stream2_IRQHandler) for DMA2_Stream2_IRQHandler
    startup_stm32f407xx.o(RESET) refers to stm32f4xx_it.o(i.DMA2_Stream3_IRQHandler) for DMA2_Stream3_IRQHandler
    startup_stm32f407xx.o(RESET) refers to stm32f4xx_it.o(i.CAN2_RX1_IRQHandler) for CAN2_RX1_IRQHandler
    startup_stm32f407xx.o(.text) refers (Special) to heapauxi.o(.text) for __use_two_region_memory
    startup_stm32f407xx.o(.text) refers to system_stm32f4xx.o(i.SystemInit) for SystemInit
    startup_stm32f407xx.o(.text) refers to __main.o(!!!main) for __main
    startup_stm32f407xx.o(.text) refers to startup_stm32f407xx.o(HEAP) for Heap_Mem
    startup_stm32f407xx.o(.text) refers to startup_stm32f407xx.o(STACK) for Stack_Mem
    main.o(i.HAL_TIM_PeriodElapsedCallback) refers to stm32f4xx_hal.o(i.HAL_IncTick) for HAL_IncTick
    main.o(i.SystemClock_Config) refers to rt_memclr_w.o(.text) for __aeabi_memclr4
    main.o(i.SystemClock_Config) refers to stm32f4xx_hal_rcc.o(i.HAL_RCC_OscConfig) for HAL_RCC_OscConfig
    main.o(i.SystemClock_Config) refers to main.o(i.Error_Handler) for Error_Handler
    main.o(i.SystemClock_Config) refers to stm32f4xx_hal_rcc.o(i.HAL_RCC_ClockConfig) for HAL_RCC_ClockConfig
    main.o(i.main) refers to stm32f4xx_hal.o(i.HAL_Init) for HAL_Init
    main.o(i.main) refers to main.o(i.SystemClock_Config) for SystemClock_Config
    main.o(i.main) refers to gpio.o(i.MX_GPIO_Init) for MX_GPIO_Init
    main.o(i.main) refers to dma.o(i.MX_DMA_Init) for MX_DMA_Init
    main.o(i.main) refers to can.o(i.MX_CAN1_Init) for MX_CAN1_Init
    main.o(i.main) refers to can.o(i.MX_CAN2_Init) for MX_CAN2_Init
    main.o(i.main) refers to usart.o(i.MX_USART3_UART_Init) for MX_USART3_UART_Init
    main.o(i.main) refers to i2c.o(i.MX_I2C3_Init) for MX_I2C3_Init
    main.o(i.main) refers to spi.o(i.MX_SPI1_Init) for MX_SPI1_Init
    main.o(i.main) refers to tim.o(i.MX_TIM10_Init) for MX_TIM10_Init
    main.o(i.main) refers to usart.o(i.MX_USART1_UART_Init) for MX_USART1_UART_Init
    main.o(i.main) refers to bsp_can.o(i.can_filter_init) for can_filter_init
    main.o(i.main) refers to remote_control.o(i.remote_control_init) for remote_control_init
    main.o(i.main) refers to ins_task.o(i.INS_Init) for INS_Init
    main.o(i.main) refers to chassis_control.o(i.Chassis_Init) for Chassis_Init
    main.o(i.main) refers to gimbalcontrol.o(i.Gimbal_Init) for Gimbal_Init
    main.o(i.main) refers to shoot_control.o(i.Shoot_Init) for Shoot_Init
    main.o(i.main) refers to bsp_dwt.o(i.DWT_Init) for DWT_Init
    main.o(i.main) refers to bmi088driver.o(i.BMI088_init) for BMI088_init
    main.o(i.main) refers to hipnuc_imu_task.o(i.hipnuc_Init) for hipnuc_Init
    main.o(i.main) refers to freertos.o(i.MX_FREERTOS_Init) for MX_FREERTOS_Init
[...]
    HAL_CAN_WakeUpFromRxMsgCallback          0x08003625   Thumb Code     2  stm32f4xx_hal_can.o(i.HAL_CAN_WakeUpFromRxMsgCallback)
    HAL_DMA_IRQHandler                       0x08003629   Thumb Code   570  stm32f4xx_hal_dma.o(i.HAL_DMA_IRQHandler)
    HAL_DMA_Init                             0x08003869   Thumb Code   232  stm32f4xx_hal_dma.o(i.HAL_DMA_Init)
    HAL_DMA_Start_IT                         0x08003955   Thumb Code   146  stm32f4xx_hal_dma.o(i.HAL_DMA_Start_IT)
    HAL_Delay                                0x080039e9   Thumb Code    36  stm32f4xx_hal.o(i.HAL_Delay)
    HAL_GPIO_Init                            0x08003a11   Thumb Code   454  stm32f4xx_hal_gpio.o(i.HAL_GPIO_Init)
    HAL_GPIO_WritePin                        0x08003c05   Thumb Code    12  stm32f4xx_hal_gpio.o(i.HAL_GPIO_WritePin)
    HAL_GetTick                              0x08003c11   Thumb Code     6  stm32f4xx_hal.o(i.HAL_GetTick)
    HAL_I2C_Init                             0x08003c1d   Thumb Code   446  stm32f4xx_hal_i2c.o(i.HAL_I2C_Init)
    HAL_I2C_MspInit                          0x08003ded   Thumb Code   318  i2c.o(i.HAL_I2C_MspInit)
    HAL_IncTick                              0x08003f49   Thumb Code    16  stm32f4xx_hal.o(i.HAL_IncTick)
    HAL_Init                                 0x08003f61   Thumb Code    54  stm32f4xx_hal.o(i.HAL_Init)
    HAL_InitTick                             0x08003f9d   Thumb Code   124  stm32f4xx_hal_timebase_tim.o(i.HAL_InitTick)
    HAL_MspInit                              0x08004025   Thumb Code    78  stm32f4xx_hal_msp.o(i.HAL_MspInit)
    HAL_NVIC_EnableIRQ                       0x08004079   Thumb Code    32  stm32f4xx_hal_cortex.o(i.HAL_NVIC_EnableIRQ)
    HAL_NVIC_SetPriority                     0x08004099   Thumb Code   124  stm32f4xx_hal_cortex.o(i.HAL_NVIC_SetPriority)
    HAL_NVIC_SetPriorityGrouping             0x08004115   Thumb Code    32  stm32f4xx_hal_cortex.o(i.HAL_NVIC_SetPriorityGrouping)
    HAL_RCC_ClockConfig                      0x0800413d   Thumb Code   368  stm32f4xx_hal_rcc.o(i.HAL_RCC_ClockConfig)
    HAL_RCC_GetClockConfig                   0x080042c1   Thumb Code    58  stm32f4xx_hal_rcc.o(i.HAL_RCC_GetClockConfig)
    HAL_RCC_GetHCLKFreq                      0x08004305   Thumb Code     6  stm32f4xx_hal_rcc.o(i.HAL_RCC_GetHCLKFreq)
    HAL_RCC_GetPCLK1Freq                     0x08004311   Thumb Code    22  stm32f4xx_hal_rcc.o(i.HAL_RCC_GetPCLK1Freq)
    HAL_RCC_GetPCLK2Freq                     0x08004331   Thumb Code    22  stm32f4xx_hal_rcc.o(i.HAL_RCC_GetPCLK2Freq)
    HAL_RCC_GetSysClockFreq                  0x08004351   Thumb Code   162  stm32f4xx_hal_rcc.o(i.HAL_RCC_GetSysClockFreq)
    HAL_RCC_OscConfig                        0x08004401   Thumb Code  1172  stm32f4xx_hal_rcc.o(i.HAL_RCC_OscConfig)
    HAL_SPI_Init                             0x0800489d   Thumb Code   200  stm32f4xx_hal_spi.o(i.HAL_SPI_Init)
    HAL_SPI_MspInit                          0x08004965   Thumb Code   316  spi.o(i.HAL_SPI_MspInit)
    HAL_SPI_TransmitReceive                  0x08004abd   Thumb Code   554  stm32f4xx_hal_spi.o(i.HAL_SPI_TransmitReceive)
    HAL_TIMEx_BreakCallback                  0x08004ce7   Thumb Code     2  stm32f4xx_hal_tim_ex.o(i.HAL_TIMEx_BreakCallback)
    HAL_TIMEx_CommutCallback                 0x08004ce9   Thumb Code     2  stm32f4xx_hal_tim_ex.o(i.HAL_TIMEx_CommutCallback)
    HAL_TIM_Base_Init                        0x08004ceb   Thumb Code   102  stm32f4xx_hal_tim.o(i.HAL_TIM_Base_Init)
    HAL_TIM_Base_MspInit                     0x08004d51   Thumb Code    44  tim.o(i.HAL_TIM_Base_MspInit)
    HAL_TIM_Base_Start_IT                    0x08004d85   Thumb Code   138  stm32f4xx_hal_tim.o(i.HAL_TIM_Base_Start_IT)
    HAL_TIM_IC_CaptureCallback               0x08004e2d   Thumb Code     2  stm32f4xx_hal_tim.o(i.HAL_TIM_IC_CaptureCallback)
    HAL_TIM_IRQHandler                       0x08004e2f   Thumb Code   406  stm32f4xx_hal_tim.o(i.HAL_TIM_IRQHandler)
    HAL_TIM_MspPostInit                      0x08004fc5   Thumb Code    84  tim.o(i.HAL_TIM_MspPostInit)
    HAL_TIM_OC_DelayElapsedCallback          0x08005025   Thumb Code     2  stm32f4xx_hal_tim.o(i.HAL_TIM_OC_DelayElapsedCallback)
    HAL_TIM_PWM_ConfigChannel                0x08005027   Thumb Code   260  stm32f4xx_hal_tim.o(i.HAL_TIM_PWM_ConfigChannel)
    HAL_TIM_PWM_Init                         0x0800512b   Thumb Code   102  stm32f4xx_hal_tim.o(i.HAL_TIM_PWM_Init)
    HAL_TIM_PWM_MspInit                      0x08005191   Thumb Code     2  stm32f4xx_hal_tim.o(i.HAL_TIM_PWM_MspInit)
    HAL_TIM_PWM_PulseFinishedCallback        0x08005193   Thumb Code     2  stm32f4xx_hal_tim.o(i.HAL_TIM_PWM_PulseFinishedCallback)
    HAL_TIM_PWM_Start                        0x08005195   Thumb Code   238  stm32f4xx_hal_tim.o(i.HAL_TIM_PWM_Start)
    HAL_TIM_PeriodElapsedCallback            0x080052a1   Thumb Code    18  main.o(i.HAL_TIM_PeriodElapsedCallback)
    HAL_TIM_TriggerCallback                  0x080052b3   Thumb Code     2  stm32f4xx_hal_tim.o(i.HAL_TIM_TriggerCallback)
    HAL_UARTEx_RxEventCallback               0x080052b5   Thumb Code     2  stm32f4xx_hal_uart.o(i.HAL_UARTEx_RxEventCallback)
    HAL_UART_ErrorCallback                   0x080052b7   Thumb Code     2  stm32f4xx_hal_uart.o(i.HAL_UART_ErrorCallback)
    HAL_UART_Init                            0x080052b9   Thumb Code   114  stm32f4xx_hal_uart.o(i.HAL_UART_Init)
    HAL_UART_MspInit                         0x0800532d   Thumb Code   456  usart.o(i.HAL_UART_MspInit)
    HAL_UART_Receive_DMA                     0x0800551d   Thumb Code    66  stm32f4xx_hal_uart.o(i.HAL_UART_Receive_DMA)
    HAL_UART_RxCpltCallback                  0x0800555f   Thumb Code     2  stm32f4xx_hal_uart.o(i.HAL_UART_RxCpltCallback)
    HAL_UART_RxHalfCpltCallback              0x08005561   Thumb Code     2  stm32f4xx_hal_uart.o(i.HAL_UART_RxHalfCpltCallback)
    HardFault_Handler                        0x08005695   Thumb Code     4  stm32f4xx_it.o(i.HardFault_Handler)
    HiPNUC_DMA_Init                          0x08005699   Thumb Code    86  hipnuc_dec.o(i.HiPNUC_DMA_Init)
    HiPNUC_Process                           0x080056ef   Thumb Code    22  hipnuc_dec.o(i.HiPNUC_Process)
    IMU_QuaternionEKF_Init                   0x08005cb1   Thumb Code   264  quaternionekf.o(i.IMU_QuaternionEKF_Init)
    IMU_QuaternionEKF_Update                 0x08005f3d   Thumb Code  1566  quaternionekf.o(i.IMU_QuaternionEKF_Update)
    IMU_Temperature_Ctrl                     0x08006a79   Thumb Code    90  ins_task.o(i.IMU_Temperature_Ctrl)
    INS_Init                                 0x08006aed   Thumb Code   152  ins_task.o(i.INS_Init)
    INS_Task                                 0x08006bb1   Thumb Code   616  ins_task.o(i.INS_Task)
    Kalman_Filter_Init                       0x08006e55   Thumb Code  1800  kalman_filter.o(i.Kalman_Filter_Init)
    Kalman_Filter_Measure                    0x08007561   Thumb Code    74  kalman_filter.o(i.Kalman_Filter_Measure)
    Kalman_Filter_P_Update                   0x080075b1   Thumb Code   104  kalman_filter.o(i.Kalman_Filter_P_Update)
    Kalman_Filter_PminusUpdate               0x08007619   Thumb Code   104  kalman_filter.o(i.Kalman_Filter_PminusUpdate)
    Kalman_Filter_SetK                       0x08007681   Thumb Code   210  kalman_filter.o(i.Kalman_Filter_SetK)
    Kalman_Filter_Update                     0x08007755   Thumb Code   292  kalman_filter.o(i.Kalman_Filter_Update)
    Kalman_Filter_xhatMinusUpdate            0x0800787d   Thumb Code   124  kalman_filter.o(i.Kalman_Filter_xhatMinusUpdate)
    Kalman_Filter_xhatUpdate                 0x080078f9   Thumb Code   134  kalman_filter.o(i.Kalman_Filter_xhatUpdate)
    M2006_GetBasicData                       0x0800797f   Thumb Code    30  m2006_driver.o(i.M2006_GetBasicData)
    M2006_Init                               0x0800799d   Thumb Code   202  m2006_driver.o(i.M2006_Init)
    M2006_LockedMotorDetertion               0x08007a7d   Thumb Code   136  m2006_driver.o(i.M2006_LockedMotorDetertion)
    M2006_SpeedLoopPIDController             0x08007b0d   Thumb Code   516  m2006_driver.o(i.M2006_SpeedLoopPIDController)
    M2006_UnlockMotor                        0x08007d11   Thumb Code   344  m2006_driver.o(i.M2006_UnlockMotor)
    M3508_GetBasicData                       0x08007e7d   Thumb Code    94  m3508_driver.o(i.M3508_GetBasicData)
    M3508_Init                               0x08007edd   Thumb Code   498  m3508_driver.o(i.M3508_Init)
    M3508_SpeedLoopPIDController             0x08008101   Thumb Code   516  m3508_driver.o(i.M3508_SpeedLoopPIDController)
    M6020_GetBasicData                       0x08008305   Thumb Code    44  m6020_driver.o(i.M6020_GetBasicData)
    M6020_Init                               0x08008331   Thumb Code   420  m6020_driver.o(i.M6020_Init)
    M6020_PositionLoopPIDController          0x080084f9   Thumb Code   554  m6020_driver.o(i.M6020_PositionLoopPIDController)
    M6020_SpeedLoopPIDController             0x08008723   Thumb Code   516  m6020_driver.o(i.M6020_SpeedLoopPIDController)
    MX_CAN1_Init                             0x08008929   Thumb Code    58  can.o(i.MX_CAN1_Init)
    MX_CAN2_Init                             0x0800896d   Thumb Code    58  can.o(i.MX_CAN2_Init)
    MX_DMA_Init                              0x080089b1   Thumb Code   162  dma.o(i.MX_DMA_Init)
    MX_FREERTOS_Init                         0x08008a59   Thumb Code   126  freertos.o(i.MX_FREERTOS_Init)
    MX_GPIO_Init                             0x08008af1   Thumb Code   334  gpio.o(i.MX_GPIO_Init)
    MX_I2C3_Init                             0x08008c55   Thumb Code    48  i2c.o(i.MX_I2C3_Init)
    MX_SPI1_Init                             0x08008c91   Thumb Code    62  spi.o(i.MX_SPI1_Init)
    MX_TIM10_Init                            0x08008cd9   Thumb Code   100  tim.o(i.MX_TIM10_Init)
    MX_USART1_UART_Init                      0x08008d45   Thumb Code    46  usart.o(i.MX_USART1_UART_Init)
    MX_USART3_UART_Init                      0x08008d7d   Thumb Code    48  usart.o(i.MX_USART3_UART_Init)
    MemManage_Handler                        0x08008db9   Thumb Code     4  stm32f4xx_it.o(i.MemManage_Handler)
    NMI_Handler                              0x08008dbd   Thumb Code     4  stm32f4xx_it.o(i.NMI_Handler)
    OLS_Derivative                           0x08008dc1   Thumb Code   578  user_lib.o(i.OLS_Derivative)
    OLS_Init                                 0x0800900d   Thumb Code    82  user_lib.o(i.OLS_Init)
    PID_Calculate                            0x08009065   Thumb Code   720  controller.o(i.PID_Calculate)
    PID_Init                                 0x08009335   Thumb Code   184  controller.o(i.PID_Init)
    PID_calc                                 0x080093f1   Thumb Code   492  pid.o(i.PID_calc)
    PID_init                                 0x080095e1   Thumb Code   100  pid.o(i.PID_init)
    Pitch_Gimbal_Contro_Angle                0x08009649   Thumb Code   154  gimbalcontrol.o(i.Pitch_Gimbal_Contro_Angle)
    Pitch_Gimbal_ControlOfIMU                0x080096ed   Thumb Code   146  gimbalcontrol.o(i.Pitch_Gimbal_ControlOfIMU)
    RC_init                                  0x0800979d   Thumb Code   142  bsp_rc.o(i.RC_init)
    Shoot_FrictionWheelControl               0x0800997d   Thumb Code   164  shoot_control.o(i.Shoot_FrictionWheelControl)
    Shoot_Init                               0x08009a29   Thumb Code    50  shoot_control.o(i.Shoot_Init)
    Shoot_Task                               0x08009a69   Thumb Code   130  all_task.o(i.Shoot_Task)
    StartDefaultTask                         0x08009b0d   Thumb Code    10  freertos.o(i.StartDefaultTask)
    StartINSTask                             0x08009b17   Thumb Code    14  freertos.o(i.StartINSTask)
    SysTick_Handler                          0x08009b25   Thumb Code    38  port.o(i.SysTick_Handler)
    SystemClock_Config                       0x08009b51   Thumb Code   170  main.o(i.SystemClock_Config)
    SystemInit                               0x08009c05   Thumb Code    14  system_stm32f4xx.o(i.SystemInit)
    TIM2_IRQHandler                          0x08009c19   Thumb Code    10  stm32f4xx_it.o(i.TIM2_IRQHandler)
    TIM_Base_SetConfig                       0x08009c29   Thumb Code   170  stm32f4xx_hal_tim.o(i.TIM_Base_SetConfig)
    TIM_CCxChannelCmd                        0x08009d01   Thumb Code    34  stm32f4xx_hal_tim.o(i.TIM_CCxChannelCmd)
    TIM_OC2_SetConfig                        0x08009d95   Thumb Code   114  stm32f4xx_hal_tim.o(i.TIM_OC2_SetConfig)
    TIM_Set_PWM                              0x08009edd   Thumb Code    58  bsp_pwm.o(i.TIM_Set_PWM)
    UART_Start_Receive_DMA                   0x0800a305   Thumb Code   196  stm32f4xx_hal_uart.o(i.UART_Start_Receive_DMA)
    USART3_IRQHandler                        0x0800a3d5   Thumb Code   264  remote_control.o(i.USART3_IRQHandler)
    UsageFault_Handler                       0x0800a4f9   Thumb Code     4  stm32f4xx_it.o(i.UsageFault_Handler)
    Yaw_Gimbal_6020_angle                    0x0800a4fd   Thumb Code    80  gimbalcontrol.o(i.Yaw_Gimbal_6020_angle)
    Yaw_Gimbal_Contro_Angle                  0x0800a54d   Thumb Code    78  gimbalcontrol.o(i.Yaw_Gimbal_Contro_Angle)
    Yaw_Gimbal_ControlOfIMU                  0x0800a5a5   Thumb Code   146  gimbalcontrol.o(i.Yaw_Gimbal_ControlOfIMU)
    __ARM_fpclassifyf                        0x0800a645   Thumb Code    38  fpclassifyf.o(i.__ARM_fpclassifyf)
    __hardfp_acosf                           0x0800a6a5   Thumb Code   234  acosf.o(i.__hardfp_acosf)
    __hardfp_asinf                           0x0800a7bd   Thumb Code   258  asinf.o(i.__hardfp_asinf)
    __hardfp_atan2f                          0x0800a8e9   Thumb Code   594  atan2f.o(i.__hardfp_atan2f)
    __hardfp_sqrtf                           0x0800ab95   Thumb Code    58  sqrtf.o(i.__hardfp_sqrtf)
    __mathlib_flt_infnan                     0x0800abcf   Thumb Code     6  funder.o(i.__mathlib_flt_infnan)
    __mathlib_flt_infnan2                    0x0800abd5   Thumb Code     6  funder.o(i.__mathlib_flt_infnan2)
    __mathlib_flt_invalid                    0x0800abdd   Thumb Code    10  funder.o(i.__mathlib_flt_invalid)
    __mathlib_flt_underflow                  0x0800abed   Thumb Code    10  funder.o(i.__mathlib_flt_underflow)
    bmi088_accel_init                        0x0800abfd   Thumb Code   348  bmi088driver.o(i.bmi088_accel_init)
    bmi088_gyro_init                         0x0800ad69   Thumb Code   284  bmi088driver.o(i.bmi088_gyro_init)
    can_filter_init                          0x0800ae99   Thumb Code   138  bsp_can.o(i.can_filter_init)
    float_constrain                          0x0800b4af   Thumb Code    42  user_lib.o(i.float_constrain)
    float_rounding                           0x0800b4d9   Thumb Code    62  user_lib.o(i.float_rounding)
    get_Fire_motor_measure_point             0x0800b521   Thumb Code    18  can_receive.o(i.get_Fire_motor_measure_point)
    get_chassis_motor_measure_point          0x0800b539   Thumb Code    18  can_receive.o(i.get_chassis_motor_measure_point)
    get_pitch_gimbal_motor_measure_point     0x0800b551   Thumb Code     4  can_receive.o(i.get_pitch_gimbal_motor_measure_point)
    get_remote_control_point                 0x0800b559   Thumb Code     4  remote_control.o(i.get_remote_control_point)
    get_trigger_motor_measure_point          0x0800b561   Thumb Code     4  can_receive.o(i.get_trigger_motor_measure_point)
    get_yaw_gimbal_motor_measure_point       0x0800b569   Thumb Code     4  can_receive.o(i.get_yaw_gimbal_motor_measure_point)
    hipnuc_Init                              0x0800b571   Thumb Code    32  hipnuc_imu_task.o(i.hipnuc_Init)
    hipnuc_imu_task                          0x0800b5e9   Thumb Code   190  hipnuc_imu_task.o(i.hipnuc_imu_task)
    int16_abs                                0x0800b6c5   Thumb Code    16  m2006_driver.o(i.int16_abs)
    main                                     0x0800b711   Thumb Code   104  main.o(i.main)
    osDelay                                  0x0800b789   Thumb Code    16  cmsis_os.o(i.osDelay)
    osKernelStart                            0x0800b799   Thumb Code    10  cmsis_os.o(i.osKernelStart)
    osThreadCreate                           0x0800b7a3   Thumb Code    92  cmsis_os.o(i.osThreadCreate)
    pvPortMalloc                             0x0800c2b9   Thumb Code   224  heap_4.o(i.pvPortMalloc)
    pxPortInitialiseStack                    0x0800c3a1   Thumb Code    38  port.o(i.pxPortInitialiseStack)
    remote_control_init                      0x0800c3cd   Thumb Code    24  remote_control.o(i.remote_control_init)
    sqrtf                                    0x0800c4c7   Thumb Code    62  sqrtf.o(i.sqrtf)
    ulTaskNotifyTake                         0x0800c505   Thumb Code    96  tasks.o(i.ulTaskNotifyTake)
    uxListRemove                             0x0800c56d   Thumb Code    38  list.o(i.uxListRemove)
    vApplicationGetIdleTaskMemory            0x0800c595   Thumb Code    14  freertos.o(i.vApplicationGetIdleTaskMemory)
    vApplicationGetTimerTaskMemory           0x0800c5ad   Thumb Code    16  freertos.o(i.vApplicationGetTimerTaskMemory)
    vListInitialise                          0x0800c5c5   Thumb Code    22  list.o(i.vListInitialise)
    vListInitialiseItem                      0x0800c5db   Thumb Code     6  list.o(i.vListInitialiseItem)
    vListInsert                              0x0800c5e1   Thumb Code    54  list.o(i.vListInsert)
    vListInsertEnd                           0x0800c617   Thumb Code    24  list.o(i.vListInsertEnd)
    vPortEnterCritical                       0x0800c631   Thumb Code    54  port.o(i.vPortEnterCritical)
    vPortExitCritical                        0x0800c671   Thumb Code    38  port.o(i.vPortExitCritical)
    vPortFree                                0x0800c69d   Thumb Code    94  heap_4.o(i.vPortFree)
    vPortSetupTimerInterrupt                 0x0800c701   Thumb Code    32  port.o(i.vPortSetupTimerInterrupt)
    vPortValidateInterruptPriority           0x0800c725   Thumb Code    74  port.o(i.vPortValidateInterruptPriority)
    vQueueAddToRegistry                      0x0800c779   Thumb Code    34  queue.o(i.vQueueAddToRegistry)
    vQueueWaitForMessageRestricted           0x0800c7a1   Thumb Code    74  queue.o(i.vQueueWaitForMessageRestricted)
    vTaskDelay                               0x0800c7ed   Thumb Code    70  tasks.o(i.vTaskDelay)
    vTaskInternalSetTimeOutState             0x0800c83d   Thumb Code    12  tasks.o(i.vTaskInternalSetTimeOutState)
    vTaskMissedYield                         0x0800c84d   Thumb Code     8  tasks.o(i.vTaskMissedYield)
    vTaskPlaceOnEventList                    0x0800c859   Thumb Code    48  tasks.o(i.vTaskPlaceOnEventList)
    vTaskPlaceOnEventListRestricted          0x0800c88d   Thumb Code    54  tasks.o(i.vTaskPlaceOnEventListRestricted)
    vTaskStartScheduler                      0x0800c8c9   Thumb Code   128  tasks.o(i.vTaskStartScheduler)
    vTaskSuspendAll                          0x0800c959   Thumb Code    10  tasks.o(i.vTaskSuspendAll)
    vTaskSwitchContext                       0x0800c969   Thumb Code    86  tasks.o(i.vTaskSwitchContext)
    xPortStartScheduler                      0x0800c9c9   Thumb Code   232  port.o(i.xPortStartScheduler)
    xQueueGenericCreateStatic                0x0800cacd   Thumb Code   112  queue.o(i.xQueueGenericCreateStatic)
    xQueueGenericReset                       0x0800cb3d   Thumb Code   138  queue.o(i.xQueueGenericReset)
    xQueueGenericSend                        0x0800cbcd   Thumb Code   362  queue.o(i.xQueueGenericSend)
    xQueueGenericSendFromISR                 0x0800cd3d   Thumb Code   190  queue.o(i.xQueueGenericSendFromISR)
    xQueueReceive                            0x0800cdfd   Thumb Code   322  queue.o(i.xQueueReceive)
    xTaskCheckForTimeOut                     0x0800cf45   Thumb Code   148  tasks.o(i.xTaskCheckForTimeOut)
    xTaskCreate                              0x0800cfdd   Thumb Code   108  tasks.o(i.xTaskCreate)
    xTaskCreateStatic                        0x0800d049   Thumb Code    96  tasks.o(i.xTaskCreateStatic)
    xTaskGetSchedulerState                   0x0800d0a9   Thumb Code    24  tasks.o(i.xTaskGetSchedulerState)
    xTaskGetTickCount                        0x0800d0c5   Thumb Code     6  tasks.o(i.xTaskGetTickCount)
    xTaskIncrementTick                       0x0800d0d1   Thumb Code   202  tasks.o(i.xTaskIncrementTick)
    xTaskPriorityDisinherit                  0x0800d1a5   Thumb Code   146  tasks.o(i.xTaskPriorityDisinherit)
    xTaskRemoveFromEventList                 0x0800d241   Thumb Code   108  tasks.o(i.xTaskRemoveFromEventList)
    xTaskResumeAll                           0x0800d2b9   Thumb Code   190  tasks.o(i.xTaskResumeAll)
    xTimerCreateTimerTask                    0x0800d385   Thumb Code    86  timers.o(i.xTimerCreateTimerTask)
    xTimerGenericCommand                     0x0800d3ed   Thumb Code   112  timers.o(i.xTimerGenericCommand)
    _fp_init                                 0x0800d461   Thumb Code    10  fpinit.o(x$fpl$fpinit)
    __fplib_config_fpu_vfp                   0x0800d469   Thumb Code     0  fpinit.o(x$fpl$fpinit)
    __fplib_config_pureend_doubles           0x0800d469   Thumb Code     0  fpinit.o(x$fpl$fpinit)
    __I$use$fp                               0x0800d46a   Number         0  usenofp.o(x$fpl$usenofp)
    AHBPrescTable                            0x0800d500   Data          16  system_stm32f4xx.o(.constdata)
    APBPrescTable                            0x0800d510   Data           8  system_stm32f4xx.o(.constdata)
    xb                                       0x0800d518   Data          12  ins_task.o(.constdata)
    yb                                       0x0800d524   Data          12  ins_task.o(.constdata)
    zb                                       0x0800d530   Data          12  ins_task.o(.constdata)
    IMU_QuaternionEKF_F                      0x0800d560   Data         144  quaternionekf.o(.constdata)
    sinTable_f32                             0x0800d620   Data        2052  arm_common_tables.o(.rodata.sinTable_f32)
    Region$$Table$$Base                      0x0800de24   Number         0  anon$$obj.o(Region$$Table)
    Region$$Table$$Limit                     0x0800de44   Number         0  anon$$obj.o(Region$$Table)
    defaultTaskHandle                        0x20000000   Data           4  freertos.o(.data)
    INS_TaskHandle                           0x20000004   Data           4  freertos.o(.data)
    ChassisHandle                            0x20000008   Data           4  freertos.o(.data)
    GimbalHandle                             0x2000000c   Data           4  freertos.o(.data)
    ShootHandle                              0x20000010   Data           4  freertos.o(.data)
    uwTick                                   0x20000018   Data           4  stm32f4xx_hal.o(.data)
    uwTickPrio                               0x2000001c   Data           4  stm32f4xx_hal.o(.data)
    uwTickFreq                               0x20000020   Data           1  stm32f4xx_hal.o(.data)
    SystemCoreClock                          0x20000024   Data           4  system_stm32f4xx.o(.data)
    ChassisMode                              0x20000028   Data           1  all_task.o(.data)
    INS_Total                                0x20000038   Data           4  all_task.o(.data)
    GimbalMode                               0x2000003c   Data           1  all_task.o(.data)
    pitch_output                             0x2000003e   Data           2  all_task.o(.data)
    pitch_angle_output                       0x20000040   Data           2  all_task.o(.data)
    pitch_GravityCompensation                0x20000042   Data           2  all_task.o(.data)
    yaw_angle_output                         0x20000044   Data           2  all_task.o(.data)
    yaw_output                               0x20000046   Data           2  all_task.o(.data)
    set_pitch                                0x20000048   Data           2  all_task.o(.data)
    set_yaw                                  0x2000004a   Data           2  all_task.o(.data)
    vision_yaw_diff                          0x20000054   Data           2  all_task.o(.data)
    vision_pitch_diff                        0x20000056   Data           2  all_task.o(.data)
    UP_TRIGGER_SPEED                         0x20000058   Data           2  all_task.o(.data)
    INS_DWT_Count                            0x2000005c   Data           4  ins_task.o(.data)
    ins_debug_mode                           0x20000068   Data           1  ins_task.o(.data)
    RefTemp                                  0x2000006c   Data           4  ins_task.o(.data)
    hipnuc_imu_taskHandle                    0x200000a4   Data           4  hipnuc_imu_task.o(.data)
    set_currentMA                            0x200000b0   Data           2  chassis_control.o(.data)
    set_currentMB                            0x200000b2   Data           2  chassis_control.o(.data)
    set_currentMC                            0x200000b4   Data           2  chassis_control.o(.data)
    set_currentMD                            0x200000b6   Data           2  chassis_control.o(.data)
    Compensation_Factor                      0x200000b8   Data           4  gimbalcontrol.o(.data)
    Pitch_cos                                0x200000bc   Data           4  gimbalcontrol.o(.data)
    Pitch_sin                                0x200000c0   Data           4  gimbalcontrol.o(.data)
    RC                                       0x200000cc   Data           4  remote_control.o(.data)
    shoot_mode_message                       0x200000d4   Data           8  shoot_control.o(.data)
    CAN2_RX                                  0x200000fc   Data           8  can_receive.o(.data)
    Stop_Signal                              0x20000110   Data           4  m2006_driver.o(.data)
    BMI088_ACCEL_SEN                         0x20000124   Data           4  bmi088driver.o(.data)
    BMI088_GYRO_SEN                          0x20000128   Data           4  bmi088driver.o(.data)
    gNormDiff                                0x20000130   Data           4  bmi088driver.o(.data)
    caliOffset                               0x20000134   Data           1  bmi088driver.o(.data)
    caliCount                                0x20000136   Data           2  bmi088driver.o(.data)
    BMI088_SPI                               0x2000016c   Data           4  bmi088middleware.o(.data)
    SysTime                                  0x20000170   Data           8  bsp_dwt.o(.data)
    CYCCNT64                                 0x20000190   Data           8  bsp_dwt.o(.data)
    sizeof_float                             0x20000420   Data           2  kalman_filter.o(.data)
    sizeof_double                            0x20000422   Data           2  kalman_filter.o(.data)
    IMU_QuaternionEKF_P                      0x20000424   Data         144  quaternionekf.o(.data)
    GlobalDebugMode                          0x200004f8   Data           1  user_lib.o(.data)
    pxCurrentTCB                             0x20000510   Data           4  tasks.o(.data)
    hcan1                                    0x20000c34   Data          40  can.o(.bss)
    hcan2                                    0x20000c5c   Data          40  can.o(.bss)
    hi2c3                                    0x20000c84   Data          84  i2c.o(.bss)
    hdma_i2c3_rx                             0x20000cd8   Data          96  i2c.o(.bss)
    hdma_i2c3_tx                             0x20000d38   Data          96  i2c.o(.bss)
    hspi1                                    0x20000d98   Data          88  spi.o(.bss)
    hdma_spi1_rx                             0x20000df0   Data          96  spi.o(.bss)
    hdma_spi1_tx                             0x20000e50   Data          96  spi.o(.bss)
    htim10                                   0x20000eb0   Data          72  tim.o(.bss)
    huart1                                   0x20000ef8   Data          68  usart.o(.bss)
    huart3                                   0x20000f3c   Data          68  usart.o(.bss)
    hdma_usart1_rx                           0x20000f80   Data          96  usart.o(.bss)
    hdma_usart3_rx                           0x20000fe0   Data          96  usart.o(.bss)
    htim2                                    0x20001040   Data          72  stm32f4xx_hal_timebase_tim.o(.bss)
    INS                                      0x20001088   Data         124  ins_task.o(.bss)
    IMU_Param                                0x20001104   Data          28  ins_task.o(.bss)
    TempCtrl                                 0x20001120   Data         170  ins_task.o(.bss)
    chassis_hipnuc_imu                       0x200011cc   Data         500  hipnuc_imu_task.o(.bss)
    Wheel_M3508Handle                        0x200013c0   Data         640  chassis_control.o(.bss)
    chassis_vectors                          0x20001640   Data          12  chassis_control.o(.bss)
    Chassis_Angle_PID                        0x2000164c   Data          76  chassis_control.o(.bss)
    Chassis_Speed_PID                        0x20001698   Data          76  chassis_control.o(.bss)
    Yaw_Gimbal_Motor                         0x200016e4   Data         236  gimbalcontrol.o(.bss)
    Pitch_Gimbal_Motor                       0x200017d0   Data         236  gimbalcontrol.o(.bss)
    rc_ctrl                                  0x200018bc   Data          22  remote_control.o(.bss)
    up_trigger_motor                         0x2000191c   Data         256  shoot_control.o(.bss)
    FrictionWheel_motorHandle                0x20001a1c   Data         320  shoot_control.o(.bss)
    gyroDiff                                 0x20001c58   Data          12  bmi088driver.o(.bss)
    BMI088                                   0x20001c64   Data          52  bmi088driver.o(.bss)
    QEKF_INS                                 0x20001c98   Data         480  quaternionekf.o(.bss)
    IMU_QuaternionEKF_K                      0x20001e78   Data          72  quaternionekf.o(.bss)
    IMU_QuaternionEKF_H                      0x20001ec0   Data          72  quaternionekf.o(.bss)
    xQueueRegistry                           0x20001f08   Data          64  queue.o(.bss)
    __libspace_start                         0x20008120   Data          96  libspace.o(.bss)
    __temporary_stack_top$libspace           0x20008180   Data           0  libspace.o(.bss)



==============================================================================

Memory Map of the image

  Image Entry point : 0x08000189

  Load Region LR_IROM1 (Base: 0x08000000, Size: 0x0000e3d0, Max: 0x00080000, ABSOLUTE, COMPRESSED[0x0000df04])

    Execution Region ER_IROM1 (Exec base: 0x08000000, Load base: 0x08000000, Size: 0x0000de44, Max: 0x00080000, ABSOLUTE)

    Exec Addr    Load Addr    Size         Type   Attr      Idx    E Section Name        Object

    0x08000000   0x08000000   0x00000188   Data   RO            3    RESET               startup_stm32f407xx.o
    0x08000188   0x08000188   0x00000008   Code   RO         8029  * !!!main             c_w.l(__main.o)
    0x08000190   0x08000190   0x00000034   Code   RO         8422    !!!scatter          c_w.l(__scatter.o)
    0x080001c4   0x080001c4   0x0000005a   Code   RO         8420    !!dczerorl2         c_w.l(__dczerorl2.o)
    0x0800021e   0x0800021e   0x00000002   PAD
    0x08000220   0x08000220   0x0000001c   Code   RO         8424    !!handler_zi        c_w.l(__scatter_zi.o)
    0x0800023c   0x0800023c   0x00000002   Code   RO         8357    .ARM.Collect$$libinit$$00000000  c_w.l(libinit.o)
    0x0800023e   0x0800023e   0x00000004   Code   RO         8162    .ARM.Collect$$libinit$$00000001  c_w.l(libinit2.o)
    0x08000242   0x08000242   0x00000000   Code   RO         8165    .ARM.Collect$$libinit$$00000004  c_w.l(libinit2.o)
    0x08000242   0x08000242   0x00000008   Code   RO         8166    .ARM.Collect$$libinit$$00000005  c_w.l(libinit2.o)
    0x0800024a   0x0800024a   0x00000000   Code   RO         8168    .ARM.Collect$$libinit$$0000000A  c_w.l(libinit2.o)
    0x0800024a   0x0800024a   0x00000000   Code   RO         8170    .ARM.Collect$$libinit$$0000000C  c_w.l(libinit2.o)
    0x0800024a   0x0800024a   0x00000000   Code   RO         8172    .ARM.Collect$$libinit$$0000000E  c_w.l(libinit2.o)
    0x0800024a   0x0800024a   0x00000000   Code   RO         8175    .ARM.Collect$$libinit$$00000011  c_w.l(libinit2.o)
    0x0800024a   0x0800024a   0x00000000   Code   RO         8177    .ARM.Collect$$libinit$$00000013  c_w.l(libinit2.o)
    0x0800024a   0x0800024a   0x00000000   Code   RO         8179    .ARM.Collect$$libinit$$00000015  c_w.l(libinit2.o)
    0x0800024a   0x0800024a   0x00000000   Code   RO         8181    .ARM.Collect$$libinit$$00000017  c_w.l(libinit2.o)
    0x0800024a   0x0800024a   0x00000000   Code   RO         8183    .ARM.Collect$$libinit$$00000019  c_w.l(libinit2.o)
    0x0800024a   0x0800024a   0x00000000   Code   RO         8185    .ARM.Collect$$libinit$$0000001B  c_w.l(libinit2.o)
    0x0800024a   0x0800024a   0x00000000   Code   RO         8187    .ARM.Collect$$libinit$$0000001D  c_w.l(libinit2.o)
    0x0800024a   0x0800024a   0x00000000   Code   RO         8189    .ARM.Collect$$libinit$$0000001F  c_w.l(libinit2.o)
    0x0800024a   0x0800024a   0x00000000   Code   RO         8191    .ARM.Collect$$libinit$$00000021  c_w.l(libinit2.o)
    0x0800024a   0x0800024a   0x00000000   Code   RO         8193    .ARM.Collect$$libinit$$00000023  c_w.l(libinit2.o)
    0x0800024a   0x0800024a   0x00000000   Code   RO         8195    .ARM.Collect$$libinit$$00000025  c_w.l(libinit2.o)
    0x0800024a   0x0800024a   0x00000000   Code   RO         8199    .ARM.Collect$$libinit$$0000002C  c_w.l(libinit2.o)
    0x0800024a   0x0800024a   0x00000000   Code   RO         8201    .ARM.Collect$$libinit$$0000002E  c_w.l(libinit2.o)
    0x0800024a   0x0800024a   0x00000000   Code   RO         8203    .ARM.Collect$$libinit$$00000030  c_w.l(libinit2.o)
    0x0800024a   0x0800024a   0x00000000   Code   RO         8205    .ARM.Collect$$libinit$$00000032  c_w.l(libinit2.o)
    0x0800024a   0x0800024a   0x00000002   Code   RO         8206    .ARM.Collect$$libinit$$00000033  c_w.l(libinit2.o)
    0x0800024c   0x0800024c   0x00000002   Code   RO         8417    .ARM.Collect$$libshutdown$$00000000  c_w.l(libshutdown.o)
    0x0800024e   0x0800024e   0x00000000   Code   RO         8373    .ARM.Collect$$libshutdown$$00000002  c_w.l(libshutdown2.o)
    0x0800024e   0x0800024e   0x00000000   Code   RO         8375    .ARM.Collect$$libshutdown$$00000004  c_w.l(libshutdown2.o)
    0x0800024e   0x0800024e   0x00000000   Code   RO         8377    .ARM.Collect$$libshutdown$$00000006  c_w.l(libshutdown2.o)
    0x0800024e   0x0800024e   0x00000000   Code   RO         8380    .ARM.Collect$$libshutdown$$00000009  c_w.l(libshutdown2.o)
    0x0800024e   0x0800024e   0x00000000   Code   RO         8383    .ARM.Collect$$libshutdown$$0000000C  c_w.l(libshutdown2.o)
    0x0800024e   0x0800024e   0x00000000   Code   RO         8385    .ARM.Collect$$libshutdown$$0000000E  c_w.l(libshutdown2.o)
    0x0800024e   0x0800024e   0x00000000   Code   RO         8388    .ARM.Collect$$libshutdown$$00000011  c_w.l(libshutdown2.o)
    0x0800024e   0x0800024e   0x00000002   Code   RO         8389    .ARM.Collect$$libshutdown$$00000012  c_w.l(libshutdown2.o)
    0x08000250   0x08000250   0x00000000   Code   RO         8111    .ARM.Collect$$rtentry$$00000000  c_w.l(__rtentry.o)
    0x08000250   0x08000250   0x00000000   Code   RO         8242    .ARM.Collect$$rtentry$$00000002  c_w.l(__rtentry2.o)
    0x08000250   0x08000250   0x00000006   Code   RO         8254    .ARM.Collect$$rtentry$$00000004  c_w.l(__rtentry4.o)
    0x08000256   0x08000256   0x00000000   Code   RO         8244    .ARM.Collect$$rtentry$$00000009  c_w.l(__rtentry2.o)
    0x08000256   0x08000256   0x00000004   Code   RO         8245    .ARM.Collect$$rtentry$$0000000A  c_w.l(__rtentry2.o)
    0x0800025a   0x0800025a   0x00000000   Code   RO         8247    .ARM.Collect$$rtentry$$0000000C  c_w.l(__rtentry2.o)
    0x0800025a   0x0800025a   0x00000008   Code   RO         8248    .ARM.Collect$$rtentry$$0000000D  c_w.l(__rtentry2.o)
    0x08000262   0x08000262   0x00000002   Code   RO         8360    .ARM.Collect$$rtexit$$00000000  c_w.l(rtexit.o)
    0x08000264   0x08000264   0x00000000   Code   RO         8393    .ARM.Collect$$rtexit$$00000002  c_w.l(rtexit2.o)
    0x08000264   0x08000264   0x00000004   Code   RO         8394    .ARM.Collect$$rtexit$$00000003  c_w.l(rtexit2.o)
    0x08000268   0x08000268   0x00000006   Code   RO         8395    .ARM.Collect$$rtexit$$00000004  c_w.l(rtexit2.o)
    0x0800026e   0x0800026e   0x00000002   PAD
    0x08000270   0x08000270   0x000000be   Code   RO         7652    .emb_text           port.o
    0x0800032e   0x0800032e   0x00000002   PAD
    0x08000330   0x08000330   0x00000000   Code   RO         8270    .emb_text           c_w.l(maybetermalloc1.o)
    0x08000330   0x08000330   0x00000040   Code   RO            4    .text               startup_stm32f407xx.o
    0x08000370   0x08000370   0x0000005e   Code   RO         7924    .text               c_w.l(h1_alloc.o)
    0x080003ce   0x080003ce   0x000000ee   Code   RO         7978    .text               c_w.l(lludivv7m.o)
    0x080004bc   0x080004bc   0x0000008a   Code   RO         8015    .text               c_w.l(rt_memcpy_v6.o)
    0x08000546   0x08000546   0x00000064   Code   RO         8017    .text               c_w.l(rt_memcpy_w.o)
    0x080005aa   0x080005aa   0x00000010   Code   RO         8021    .text               c_w.l(aeabi_memset.o)
    0x080005ba   0x080005ba   0x00000044   Code   RO         8023    .text               c_w.l(rt_memclr.o)
    0x080005fe   0x080005fe   0x0000004e   Code   RO         8025    .text               c_w.l(rt_memclr_w.o)
    0x0800064c   0x0800064c   0x00000006   Code   RO         8027    .text               c_w.l(heapauxi.o)
    0x08000652   0x08000652   0x00000002   PAD
    0x08000654   0x08000654   0x00000008   Code   RO         8119    .text               c_w.l(rt_heap_descriptor_intlibspace.o)
    0x0800065c   0x0800065c   0x00000004   Code   RO         8121    .text               c_w.l(hguard.o)
    0x08000660   0x08000660   0x0000008a   Code   RO         8123    .text               c_w.l(init_alloc.o)
    0x080006ea   0x080006ea   0x0000000e   Code   RO         8129    .text               c_w.l(h1_init.o)
    0x080006f8   0x080006f8   0x0000004e   Code   RO         8131    .text               c_w.l(h1_free.o)
    0x08000746   0x08000746   0x00000016   Code   RO         8147    .text               c_w.l(_rserrno.o)
    0x0800075c   0x0800075c   0x00000008   Code   RO         8238    .text               c_w.l(libspace.o)
    0x08000764   0x08000764   0x00000008   Code   RO         8266    .text               c_w.l(rt_errno_addr_intlibspace.o)
    0x0800076c   0x0800076c   0x00000034   Code   RO         8272    .text               c_w.l(h1_extend.o)
    0x080007a0   0x080007a0   0x0000000e   Code   RO         8310    .text               c_w.l(defsig_rtmem_outer.o)
    0x080007ae   0x080007ae   0x00000002   Code   RO         8327    .text               c_w.l(use_no_semi.o)
    0x080007b0   0x080007b0   0x00000000   Code   RO         8329    .text               c_w.l(indicate_semi.o)
    0x080007b0   0x080007b0   0x0000004a   Code   RO         8330    .text               c_w.l(sys_stackheap_outer.o)
    0x080007fa   0x080007fa   0x00000012   Code   RO         8336    .text               c_w.l(exit.o)
    0x0800080c   0x0800080c   0x0000000a   Code   RO         8338    .text               c_w.l(defsig_exit.o)
    0x08000816   0x08000816   0x00000002   PAD
    0x08000818   0x08000818   0x00000050   Code   RO         8344    .text               c_w.l(defsig_rtmem_inner.o)
    0x08000868   0x08000868   0x0000000c   Code   RO         8358    .text               c_w.l(sys_exit.o)
    0x08000874   0x08000874   0x00000032   Code   RO         8368    .text               c_w.l(defsig_general.o)
    0x080008a6   0x080008a6   0x0000000e   Code   RO         8390    .text               c_w.l(sys_wrch.o)
    0x080008b4   0x080008b4   0x00000098   Code   RO         7730    .text.arm_cos_f32   arm_cortexM4lf_math.lib(arm_cos_f32.o)
    0x0800094c   0x0800094c   0x000000ba   Code   RO         7748    .text.arm_mat_add_f32  arm_cortexM4lf_math.lib(arm_mat_add_f32.o)
    0x08000a06   0x08000a06   0x00000008   Code   RO         7757    .text.arm_mat_init_f32  arm_cortexM4lf_math.lib(arm_mat_init_f32.o)
    0x08000a0e   0x08000a0e   0x00000002   PAD
    0x08000a10   0x08000a10   0x000002f4   Code   RO         7765    .text.arm_mat_inverse_f32  arm_cortexM4lf_math.lib(arm_mat_inverse_f32.o)
    0x08000d04   0x08000d04   0x00000128   Code   RO         7774    .text.arm_mat_mult_f32  arm_cortexM4lf_math.lib(arm_mat_mult_f32.o)
    0x08000e2c   0x08000e2c   0x000000ba   Code   RO         7783    .text.arm_mat_sub_f32  arm_cortexM4lf_math.lib(arm_mat_sub_f32.o)
    0x08000ee6   0x08000ee6   0x00000002   PAD
    0x08000ee8   0x08000ee8   0x000000a2   Code   RO         7792    .text.arm_mat_trans_f32  arm_cortexM4lf_math.lib(arm_mat_trans_f32.o)
    0x08000f8a   0x08000f8a   0x00000002   PAD
    0x08000f8c   0x08000f8c   0x00000090   Code   RO         7739    .text.arm_sin_f32   arm_cortexM4lf_math.lib(arm_sin_f32.o)
    0x0800101c   0x0800101c   0x00000014   Code   RO         5625    i.BMI088_ACCEL_NS_H  bmi088middleware.o
    0x08001030   0x08001030   0x00000014   Code   RO         5626    i.BMI088_ACCEL_NS_L  bmi088middleware.o
    0x08001044   0x08001044   0x00000014   Code   RO         5627    i.BMI088_GYRO_NS_H  bmi088middleware.o
    0x08001058   0x08001058   0x00000014   Code   RO         5628    i.BMI088_GYRO_NS_L  bmi088middleware.o
    0x0800106c   0x0800106c   0x0000027c   Code   RO         5540    i.BMI088_Read       bmi088driver.o
    0x080012e8   0x080012e8   0x00000098   Code   RO         5541    i.BMI088_init       bmi088driver.o
    0x08001380   0x08001380   0x00000026   Code   RO         5542    i.BMI088_read_muli_reg  bmi088driver.o
    0x080013a6   0x080013a6   0x00000018   Code   RO         5543    i.BMI088_read_single_reg  bmi088driver.o
    0x080013be   0x080013be   0x00000002   PAD
    0x080013c0   0x080013c0   0x00000024   Code   RO         5629    i.BMI088_read_write_byte  bmi088middleware.o
    0x080013e4   0x080013e4   0x00000014   Code   RO         5544    i.BMI088_write_single_reg  bmi088driver.o
    0x080013f8   0x080013f8   0x0000015a   Code   RO         4560    i.BodyFrameToEarthFrame  ins_task.o
    0x08001552   0x08001552   0x00000004   Code   RO          682    i.BusFault_Handler  stm32f4xx_it.o
    0x08001556   0x08001556   0x00000002   PAD
    0x08001558   0x08001558   0x00000010   Code   RO          683    i.CAN1_RX0_IRQHandler  stm32f4xx_it.o
    0x08001568   0x08001568   0x00000010   Code   RO          684    i.CAN2_RX1_IRQHandler  stm32f4xx_it.o
    0x08001578   0x08001578   0x00000050   Code   RO         5062    i.CAN_cmd_chassis   can_receive.o
    0x080015c8   0x080015c8   0x0000004c   Code   RO         5065    i.CAN_cmd_gimbal    can_receive.o
    0x08001614   0x08001614   0x00000050   Code   RO         5066    i.CAN_cmd_gimbal_Frie  can_receive.o
    0x08001664   0x08001664   0x00000540   Code   RO         5545    i.Calibrate_MPU_Offset  bmi088driver.o
    0x08001ba4   0x08001ba4   0x000000c8   Code   RO         4718    i.ChassisGyro_Task  chassis_control.o
    0x08001c6c   0x08001c6c   0x00000084   Code   RO         4719    i.ChassisPositionControl_Task  chassis_control.o
    0x08001cf0   0x08001cf0   0x000000ac   Code   RO         4721    i.Chassis_Init      chassis_control.o
    0x08001d9c   0x08001d9c   0x000001dc   Code   RO         4476    i.Chassis_Task      all_task.o
    0x08001f78   0x08001f78   0x0000019c   Code   RO         4722    i.Chassis_WheatWheel_Solution  chassis_control.o
    0x08002114   0x08002114   0x00000010   Code   RO          685    i.DMA1_Stream1_IRQHandler  stm32f4xx_it.o
    0x08002124   0x08002124   0x00000010   Code   RO          686    i.DMA1_Stream2_IRQHandler  stm32f4xx_it.o
    0x08002134   0x08002134   0x00000010   Code   RO          687    i.DMA1_Stream4_IRQHandler  stm32f4xx_it.o
    0x08002144   0x08002144   0x00000010   Code   RO          688    i.DMA2_Stream0_IRQHandler  stm32f4xx_it.o
    0x08002154   0x08002154   0x00000010   Code   RO          689    i.DMA2_Stream2_IRQHandler  stm32f4xx_it.o
    0x08002164   0x08002164   0x00000010   Code   RO          690    i.DMA2_Stream3_IRQHandler  stm32f4xx_it.o
    0x08002174   0x08002174   0x00000034   Code   RO         2582    i.DMA_CalcBaseAndBitshift  stm32f4xx_hal_dma.o
    0x080021a8   0x080021a8   0x000000aa   Code   RO         2583    i.DMA_CheckFifoParam  stm32f4xx_hal_dma.o
    0x08002252   0x08002252   0x0000002c   Code   RO         2584    i.DMA_SetConfig     stm32f4xx_hal_dma.o
    0x0800227e   0x0800227e   0x00000002   PAD
    0x08002280   0x08002280   0x00000030   Code   RO         5679    i.DWT_CNT_Update    bsp_dwt.o
    0x080022b0   0x080022b0   0x0000003c   Code   RO         5680    i.DWT_Delay         bsp_dwt.o
    0x080022ec   0x080022ec   0x0000004c   Code   RO         5681    i.DWT_GetDeltaT     bsp_dwt.o
    0x08002338   0x08002338   0x00000054   Code   RO         5684    i.DWT_GetTimeline_s  bsp_dwt.o
    0x0800238c   0x0800238c   0x00000068   Code   RO         5686    i.DWT_Init          bsp_dwt.o
    0x080023f4   0x080023f4   0x000000d0   Code   RO         5687    i.DWT_SysTimeUpdate  bsp_dwt.o
    0x080024c4   0x080024c4   0x00000002   Code   RO          691    i.DebugMon_Handler  stm32f4xx_it.o
    0x080024c6   0x080024c6   0x0000015a   Code   RO         4561    i.EarthFrameToBodyFrame  ins_task.o
    0x08002620   0x08002620   0x00000006   Code   RO           13    i.Error_Handler     main.o
    0x08002626   0x08002626   0x00000002   PAD
    0x08002628   0x08002628   0x00000050   Code   RO         4774    i.Gimbal_Init       gimbalcontrol.o
    0x08002678   0x08002678   0x000003f4   Code   RO         4477    i.Gimbal_Task       all_task.o
    0x08002a6c   0x08002a6c   0x0000002a   Code   RO         1845    i.HAL_CAN_ActivateNotification  stm32f4xx_hal_can.o
    0x08002a96   0x08002a96   0x00000156   Code   RO         1846    i.HAL_CAN_AddTxMessage  stm32f4xx_hal_can.o
    0x08002bec   0x08002bec   0x00000124   Code   RO         1847    i.HAL_CAN_ConfigFilter  stm32f4xx_hal_can.o
    0x08002d10   0x08002d10   0x00000002   Code   RO         1850    i.HAL_CAN_ErrorCallback  stm32f4xx_hal_can.o
    0x08002d12   0x08002d12   0x0000017a   Code   RO         1853    i.HAL_CAN_GetRxMessage  stm32f4xx_hal_can.o
    0x08002e8c   0x08002e8c   0x0000024e   Code   RO         1857    i.HAL_CAN_IRQHandler  stm32f4xx_hal_can.o
    0x080030da   0x080030da   0x00000174   Code   RO         1858    i.HAL_CAN_Init      stm32f4xx_hal_can.o
    0x0800324e   0x0800324e   0x00000002   PAD
    0x08003250   0x08003250   0x00000160   Code   RO          430    i.HAL_CAN_MspInit   can.o
    0x080033b0   0x080033b0   0x00000002   Code   RO         1865    i.HAL_CAN_RxFifo0FullCallback  stm32f4xx_hal_can.o
    0x080033b2   0x080033b2   0x00000002   PAD
    0x080033b4   0x080033b4   0x00000104   Code   RO         5068    i.HAL_CAN_RxFifo0MsgPendingCallback  can_receive.o
    0x080034b8   0x080034b8   0x00000002   Code   RO         1867    i.HAL_CAN_RxFifo1FullCallback  stm32f4xx_hal_can.o
    0x080034ba   0x080034ba   0x00000002   PAD
    0x080034bc   0x080034bc   0x000000fc   Code   RO         5069    i.HAL_CAN_RxFifo1MsgPendingCallback  can_receive.o
    0x080035b8   0x080035b8   0x00000002   Code   RO         1869    i.HAL_CAN_SleepCallback  stm32f4xx_hal_can.o
    0x080035ba   0x080035ba   0x0000005e   Code   RO         1870    i.HAL_CAN_Start     stm32f4xx_hal_can.o
    0x08003618   0x08003618   0x00000002   Code   RO         1872    i.HAL_CAN_TxMailbox0AbortCallback  stm32f4xx_hal_can.o
    0x0800361a   0x0800361a   0x00000002   Code   RO         1873    i.HAL_CAN_TxMailbox0CompleteCallback  stm32f4xx_hal_can.o
    0x0800361c   0x0800361c   0x00000002   Code   RO         1874    i.HAL_CAN_TxMailbox1AbortCallback  stm32f4xx_hal_can.o
    0x0800361e   0x0800361e   0x00000002   Code   RO         1875    i.HAL_CAN_TxMailbox1CompleteCallback  stm32f4xx_hal_can.o
    0x08003620   0x08003620   0x00000002   Code   RO         1876    i.HAL_CAN_TxMailbox2AbortCallback  stm32f4xx_hal_can.o
    0x08003622   0x08003622   0x00000002   Code   RO         1877    i.HAL_CAN_TxMailbox2CompleteCallback  stm32f4xx_hal_can.o
    0x08003624   0x08003624   0x00000002   Code   RO         1879    i.HAL_CAN_WakeUpFromRxMsgCallback  stm32f4xx_hal_can.o
    0x08003626   0x08003626   0x00000002   PAD
    0x08003628   0x08003628   0x00000240   Code   RO         2590    i.HAL_DMA_IRQHandler  stm32f4xx_hal_dma.o
    0x08003868   0x08003868   0x000000ec   Code   RO         2591    i.HAL_DMA_Init      stm32f4xx_hal_dma.o
    0x08003954   0x08003954   0x00000092   Code   RO         2595    i.HAL_DMA_Start_IT  stm32f4xx_hal_dma.o
    0x080039e6   0x080039e6   0x00000002   PAD
    0x080039e8   0x080039e8   0x00000028   Code   RO         3009    i.HAL_Delay         stm32f4xx_hal.o
    0x08003a10   0x08003a10   0x000001f4   Code   RO         2478    i.HAL_GPIO_Init     stm32f4xx_hal_gpio.o
    0x08003c04   0x08003c04   0x0000000c   Code   RO         2482    i.HAL_GPIO_WritePin  stm32f4xx_hal_gpio.o
    0x08003c10   0x08003c10   0x0000000c   Code   RO         3015    i.HAL_GetTick       stm32f4xx_hal.o
    0x08003c1c   0x08003c1c   0x000001d0   Code   RO         3271    i.HAL_I2C_Init      stm32f4xx_hal_i2c.o
    0x08003dec   0x08003dec   0x0000015c   Code   RO          503    i.HAL_I2C_MspInit   i2c.o
    0x08003f48   0x08003f48   0x00000018   Code   RO         3021    i.HAL_IncTick       stm32f4xx_hal.o
    0x08003f60   0x08003f60   0x0000003c   Code   RO         3022    i.HAL_Init          stm32f4xx_hal.o
    0x08003f9c   0x08003f9c   0x00000088   Code   RO          821    i.HAL_InitTick      stm32f4xx_hal_timebase_tim.o
    0x08004024   0x08004024   0x00000054   Code   RO          797    i.HAL_MspInit       stm32f4xx_hal_msp.o
    0x08004078   0x08004078   0x00000020   Code   RO         2867    i.HAL_NVIC_EnableIRQ  stm32f4xx_hal_cortex.o
    0x08004098   0x08004098   0x0000007c   Code   RO         2873    i.HAL_NVIC_SetPriority  stm32f4xx_hal_cortex.o
    0x08004114   0x08004114   0x00000028   Code   RO         2874    i.HAL_NVIC_SetPriorityGrouping  stm32f4xx_hal_cortex.o
    0x0800413c   0x0800413c   0x00000184   Code   RO         2079    i.HAL_RCC_ClockConfig  stm32f4xx_hal_rcc.o
    0x080042c0   0x080042c0   0x00000044   Code   RO         2083    i.HAL_RCC_GetClockConfig  stm32f4xx_hal_rcc.o
    0x08004304   0x08004304   0x0000000c   Code   RO         2084    i.HAL_RCC_GetHCLKFreq  stm32f4xx_hal_rcc.o
    0x08004310   0x08004310   0x00000020   Code   RO         2086    i.HAL_RCC_GetPCLK1Freq  stm32f4xx_hal_rcc.o
    0x08004330   0x08004330   0x00000020   Code   RO         2087    i.HAL_RCC_GetPCLK2Freq  stm32f4xx_hal_rcc.o
    0x08004350   0x08004350   0x000000b0   Code   RO         2088    i.HAL_RCC_GetSysClockFreq  stm32f4xx_hal_rcc.o
    0x08004400   0x08004400   0x0000049c   Code   RO         2091    i.HAL_RCC_OscConfig  stm32f4xx_hal_rcc.o
    0x0800489c   0x0800489c   0x000000c8   Code   RO         3761    i.HAL_SPI_Init      stm32f4xx_hal_spi.o
    0x08004964   0x08004964   0x00000158   Code   RO          545    i.HAL_SPI_MspInit   spi.o
    0x08004abc   0x08004abc   0x0000022a   Code   RO         3770    i.HAL_SPI_TransmitReceive  stm32f4xx_hal_spi.o
    0x08004ce6   0x08004ce6   0x00000002   Code   RO         1577    i.HAL_TIMEx_BreakCallback  stm32f4xx_hal_tim_ex.o
    0x08004ce8   0x08004ce8   0x00000002   Code   RO         1578    i.HAL_TIMEx_CommutCallback  stm32f4xx_hal_tim_ex.o
    0x08004cea   0x08004cea   0x00000066   Code   RO          862    i.HAL_TIM_Base_Init  stm32f4xx_hal_tim.o
    0x08004d50   0x08004d50   0x00000034   Code   RO          587    i.HAL_TIM_Base_MspInit  tim.o
    0x08004d84   0x08004d84   0x000000a8   Code   RO          867    i.HAL_TIM_Base_Start_IT  stm32f4xx_hal_tim.o
    0x08004e2c   0x08004e2c   0x00000002   Code   RO          896    i.HAL_TIM_IC_CaptureCallback  stm32f4xx_hal_tim.o
    0x08004e2e   0x08004e2e   0x00000196   Code   RO          910    i.HAL_TIM_IRQHandler  stm32f4xx_hal_tim.o
    0x08004fc4   0x08004fc4   0x00000060   Code   RO          588    i.HAL_TIM_MspPostInit  tim.o
    0x08005024   0x08005024   0x00000002   Code   RO          913    i.HAL_TIM_OC_DelayElapsedCallback  stm32f4xx_hal_tim.o
    0x08005026   0x08005026   0x00000104   Code   RO          934    i.HAL_TIM_PWM_ConfigChannel  stm32f4xx_hal_tim.o
    0x0800512a   0x0800512a   0x00000066   Code   RO          937    i.HAL_TIM_PWM_Init  stm32f4xx_hal_tim.o
    0x08005190   0x08005190   0x00000002   Code   RO          939    i.HAL_TIM_PWM_MspInit  stm32f4xx_hal_tim.o
    0x08005192   0x08005192   0x00000002   Code   RO          940    i.HAL_TIM_PWM_PulseFinishedCallback  stm32f4xx_hal_tim.o
    0x08005194   0x08005194   0x0000010c   Code   RO          942    i.HAL_TIM_PWM_Start  stm32f4xx_hal_tim.o
    0x080052a0   0x080052a0   0x00000012   Code   RO           14    i.HAL_TIM_PeriodElapsedCallback  main.o
    0x080052b2   0x080052b2   0x00000002   Code   RO          953    i.HAL_TIM_TriggerCallback  stm32f4xx_hal_tim.o
    0x080052b4   0x080052b4   0x00000002   Code   RO         4083    i.HAL_UARTEx_RxEventCallback  stm32f4xx_hal_uart.o
    0x080052b6   0x080052b6   0x00000002   Code   RO         4097    i.HAL_UART_ErrorCallback  stm32f4xx_hal_uart.o
    0x080052b8   0x080052b8   0x00000072   Code   RO         4101    i.HAL_UART_Init     stm32f4xx_hal_uart.o
    0x0800532a   0x0800532a   0x00000002   PAD
    0x0800532c   0x0800532c   0x000001f0   Code   RO          635    i.HAL_UART_MspInit  usart.o
    0x0800551c   0x0800551c   0x00000042   Code   RO         4105    i.HAL_UART_Receive_DMA  stm32f4xx_hal_uart.o
    0x0800555e   0x0800555e   0x00000002   Code   RO         4107    i.HAL_UART_RxCpltCallback  stm32f4xx_hal_uart.o
    0x08005560   0x08005560   0x00000002   Code   RO         4108    i.HAL_UART_RxHalfCpltCallback  stm32f4xx_hal_uart.o
    0x08005562   0x08005562   0x00000002   PAD
    0x08005564   0x08005564   0x00000130   Code   RO         5918    i.H_K_R_Adjustment  kalman_filter.o
    0x08005694   0x08005694   0x00000004   Code   RO          692    i.HardFault_Handler  stm32f4xx_it.o
    0x08005698   0x08005698   0x00000056   Code   RO         5409    i.HiPNUC_DMA_Init   hipnuc_dec.o
    0x080056ee   0x080056ee   0x00000016   Code   RO         5411    i.HiPNUC_Process    hipnuc_dec.o
    0x08005704   0x08005704   0x00000374   Code   RO         4563    i.IMU_Param_Correction  ins_task.o
    0x08005a78   0x08005a78   0x00000238   Code   RO         6004    i.IMU_QuaternionEKF_F_Linearization_P_Fading  quaternionekf.o
    0x08005cb0   0x08005cb0   0x00000130   Code   RO         6005    i.IMU_QuaternionEKF_Init  quaternionekf.o
    0x08005de0   0x08005de0   0x00000034   Code   RO         6006    i.IMU_QuaternionEKF_Observe  quaternionekf.o
    0x08005e14   0x08005e14   0x00000128   Code   RO         6007    i.IMU_QuaternionEKF_SetH  quaternionekf.o
    0x08005f3c   0x08005f3c   0x00000634   Code   RO         6008    i.IMU_QuaternionEKF_Update  quaternionekf.o
    0x08006570   0x08006570   0x00000508   Code   RO         6009    i.IMU_QuaternionEKF_xhatUpdate  quaternionekf.o
    0x08006a78   0x08006a78   0x00000074   Code   RO         4564    i.IMU_Temperature_Ctrl  ins_task.o
    0x08006aec   0x08006aec   0x000000c4   Code   RO         4565    i.INS_Init          ins_task.o
    0x08006bb0   0x08006bb0   0x000002a4   Code   RO         4566    i.INS_Task          ins_task.o
    0x08006e54   0x08006e54   0x0000070c   Code   RO         5919    i.Kalman_Filter_Init  kalman_filter.o
    0x08007560   0x08007560   0x00000050   Code   RO         5920    i.Kalman_Filter_Measure  kalman_filter.o
    0x080075b0   0x080075b0   0x00000068   Code   RO         5921    i.Kalman_Filter_P_Update  kalman_filter.o
    0x08007618   0x08007618   0x00000068   Code   RO         5922    i.Kalman_Filter_PminusUpdate  kalman_filter.o
    0x08007680   0x08007680   0x000000d2   Code   RO         5923    i.Kalman_Filter_SetK  kalman_filter.o
    0x08007752   0x08007752   0x00000002   PAD
    0x08007754   0x08007754   0x00000128   Code   RO         5924    i.Kalman_Filter_Update  kalman_filter.o
    0x0800787c   0x0800787c   0x0000007c   Code   RO         5925    i.Kalman_Filter_xhatMinusUpdate  kalman_filter.o
    0x080078f8   0x080078f8   0x00000086   Code   RO         5926    i.Kalman_Filter_xhatUpdate  kalman_filter.o
    0x0800797e   0x0800797e   0x0000001e   Code   RO         5276    i.M2006_GetBasicData  m2006_driver.o
    0x0800799c   0x0800799c   0x000000e0   Code   RO         5278    i.M2006_Init        m2006_driver.o
    0x08007a7c   0x08007a7c   0x00000090   Code   RO         5279    i.M2006_LockedMotorDetertion  m2006_driver.o
    0x08007b0c   0x08007b0c   0x00000204   Code   RO         5281    i.M2006_SpeedLoopPIDController  m2006_driver.o
    0x08007d10   0x08007d10   0x0000016c   Code   RO         5282    i.M2006_UnlockMotor  m2006_driver.o
    0x08007e7c   0x08007e7c   0x0000005e   Code   RO         5176    i.M3508_GetBasicData  m3508_driver.o
    0x08007eda   0x08007eda   0x00000002   PAD
    0x08007edc   0x08007edc   0x00000224   Code   RO         5177    i.M3508_Init        m3508_driver.o
    0x08008100   0x08008100   0x00000204   Code   RO         5178    i.M3508_SpeedLoopPIDController  m3508_driver.o
    0x08008304   0x08008304   0x0000002c   Code   RO         5224    i.M6020_GetBasicData  m6020_driver.o
    0x08008330   0x08008330   0x000001c8   Code   RO         5225    i.M6020_Init        m6020_driver.o
    0x080084f8   0x080084f8   0x0000022a   Code   RO         5226    i.M6020_PositionLoopPIDController  m6020_driver.o
    0x08008722   0x08008722   0x00000204   Code   RO         5227    i.M6020_SpeedLoopPIDController  m6020_driver.o
    0x08008926   0x08008926   0x00000002   PAD
    0x08008928   0x08008928   0x00000044   Code   RO          431    i.MX_CAN1_Init      can.o
    0x0800896c   0x0800896c   0x00000044   Code   RO          432    i.MX_CAN2_Init      can.o
    0x080089b0   0x080089b0   0x000000a8   Code   RO          478    i.MX_DMA_Init       dma.o
    0x08008a58   0x08008a58   0x00000098   Code   RO          345    i.MX_FREERTOS_Init  freertos.o
    0x08008af0   0x08008af0   0x00000164   Code   RO          319    i.MX_GPIO_Init      gpio.o
    0x08008c54   0x08008c54   0x0000003c   Code   RO          504    i.MX_I2C3_Init      i2c.o
    0x08008c90   0x08008c90   0x00000048   Code   RO          546    i.MX_SPI1_Init      spi.o
    0x08008cd8   0x08008cd8   0x0000006c   Code   RO          589    i.MX_TIM10_Init     tim.o
    0x08008d44   0x08008d44   0x00000038   Code   RO          636    i.MX_USART1_UART_Init  usart.o
    0x08008d7c   0x08008d7c   0x0000003c   Code   RO          637    i.MX_USART3_UART_Init  usart.o
    0x08008db8   0x08008db8   0x00000004   Code   RO          693    i.MemManage_Handler  stm32f4xx_it.o
    0x08008dbc   0x08008dbc   0x00000004   Code   RO          694    i.NMI_Handler       stm32f4xx_it.o
    0x08008dc0   0x08008dc0   0x0000024c   Code   RO         6074    i.OLS_Derivative    user_lib.o
    0x0800900c   0x0800900c   0x00000058   Code   RO         6075    i.OLS_Init          user_lib.o
    0x08009064   0x08009064   0x000002d0   Code   RO         5789    i.PID_Calculate     controller.o
    0x08009334   0x08009334   0x000000bc   Code   RO         5790    i.PID_Init          controller.o
    0x080093f0   0x080093f0   0x000001f0   Code   RO         5491    i.PID_calc          pid.o
    0x080095e0   0x080095e0   0x00000068   Code   RO         5494    i.PID_init          pid.o
    0x08009648   0x08009648   0x000000a4   Code   RO         4776    i.Pitch_Gimbal_Contro_Angle  gimbalcontrol.o
    0x080096ec   0x080096ec   0x000000a4   Code   RO         4778    i.Pitch_Gimbal_ControlOfIMU  gimbalcontrol.o
    0x08009790   0x08009790   0x0000000c   Code   RO         5412    i.R4                hipnuc_dec.o
    0x0800979c   0x0800979c   0x0000009c   Code   RO         5034    i.RC_init           bsp_rc.o
    0x08009838   0x08009838   0x0000006c   Code   RO         3799    i.SPI_EndRxTxTransaction  stm32f4xx_hal_spi.o
    0x080098a4   0x080098a4   0x000000d8   Code   RO         3804    i.SPI_WaitFlagStateUntilTimeout  stm32f4xx_hal_spi.o
    0x0800997c   0x0800997c   0x000000ac   Code   RO         4972    i.Shoot_FrictionWheelControl  shoot_control.o
    0x08009a28   0x08009a28   0x00000040   Code   RO         4973    i.Shoot_Init        shoot_control.o
    0x08009a68   0x08009a68   0x000000a4   Code   RO         4478    i.Shoot_Task        all_task.o
    0x08009b0c   0x08009b0c   0x0000000a   Code   RO          347    i.StartDefaultTask  freertos.o
    0x08009b16   0x08009b16   0x0000000e   Code   RO          348    i.StartINSTask      freertos.o
    0x08009b24   0x08009b24   0x0000002c   Code   RO         7653    i.SysTick_Handler   port.o
    0x08009b50   0x08009b50   0x000000b4   Code   RO           15    i.SystemClock_Config  main.o
    0x08009c04   0x08009c04   0x00000014   Code   RO         4440    i.SystemInit        system_stm32f4xx.o
    0x08009c18   0x08009c18   0x00000010   Code   RO          695    i.TIM2_IRQHandler   stm32f4xx_it.o
    0x08009c28   0x08009c28   0x000000d8   Code   RO          955    i.TIM_Base_SetConfig  stm32f4xx_hal_tim.o
    0x08009d00   0x08009d00   0x00000022   Code   RO          956    i.TIM_CCxChannelCmd  stm32f4xx_hal_tim.o
    0x08009d22   0x08009d22   0x00000002   PAD
    0x08009d24   0x08009d24   0x00000070   Code   RO          968    i.TIM_OC1_SetConfig  stm32f4xx_hal_tim.o
    0x08009d94   0x08009d94   0x0000007c   Code   RO          969    i.TIM_OC2_SetConfig  stm32f4xx_hal_tim.o
    0x08009e10   0x08009e10   0x00000078   Code   RO          970    i.TIM_OC3_SetConfig  stm32f4xx_hal_tim.o
    0x08009e88   0x08009e88   0x00000054   Code   RO          971    i.TIM_OC4_SetConfig  stm32f4xx_hal_tim.o
    0x08009edc   0x08009edc   0x0000003a   Code   RO         5756    i.TIM_Set_PWM       bsp_pwm.o
    0x08009f16   0x08009f16   0x0000000e   Code   RO         5413    i.U2                hipnuc_dec.o
    0x08009f24   0x08009f24   0x00000050   Code   RO         4115    i.UART_DMAError     stm32f4xx_hal_uart.o
    0x08009f74   0x08009f74   0x000000b0   Code   RO         4116    i.UART_DMAReceiveCplt  stm32f4xx_hal_uart.o
    0x0800a024   0x0800a024   0x00000020   Code   RO         4118    i.UART_DMARxHalfCplt  stm32f4xx_hal_uart.o
    0x0800a044   0x0800a044   0x0000006c   Code   RO         4124    i.UART_EndRxTransfer  stm32f4xx_hal_uart.o
    0x0800a0b0   0x0800a0b0   0x00000026   Code   RO         4126    i.UART_EndTxTransfer  stm32f4xx_hal_uart.o
    0x0800a0d6   0x0800a0d6   0x00000002   PAD
    0x0800a0d8   0x0800a0d8   0x0000022c   Code   RO         4128    i.UART_SetConfig    stm32f4xx_hal_uart.o
    0x0800a304   0x0800a304   0x000000d0   Code   RO         4129    i.UART_Start_Receive_DMA  stm32f4xx_hal_uart.o
    0x0800a3d4   0x0800a3d4   0x00000124   Code   RO         4851    i.USART3_IRQHandler  remote_control.o
    0x0800a4f8   0x0800a4f8   0x00000004   Code   RO          696    i.UsageFault_Handler  stm32f4xx_it.o
    0x0800a4fc   0x0800a4fc   0x00000050   Code   RO         4779    i.Yaw_Gimbal_6020_angle  gimbalcontrol.o
    0x0800a54c   0x0800a54c   0x00000058   Code   RO         4780    i.Yaw_Gimbal_Contro_Angle  gimbalcontrol.o
    0x0800a5a4   0x0800a5a4   0x000000a0   Code   RO         4781    i.Yaw_Gimbal_ControlOfIMU  gimbalcontrol.o
    0x0800a644   0x0800a644   0x00000026   Code   RO         8220    i.__ARM_fpclassifyf  m_wm.l(fpclassifyf.o)
    0x0800a66a   0x0800a66a   0x00000002   PAD
    0x0800a66c   0x0800a66c   0x00000010   Code   RO         2880    i.__NVIC_GetPriorityGrouping  stm32f4xx_hal_cortex.o
    0x0800a67c   0x0800a67c   0x00000028   Code   RO         2881    i.__NVIC_SetPriority  stm32f4xx_hal_cortex.o
    0x0800a6a4   0x0800a6a4   0x00000118   Code   RO         8049    i.__hardfp_acosf    m_wm.l(acosf.o)
    0x0800a7bc   0x0800a7bc   0x0000012c   Code   RO         8061    i.__hardfp_asinf    m_wm.l(asinf.o)
    0x0800a8e8   0x0800a8e8   0x000002ac   Code   RO         8073    i.__hardfp_atan2f   m_wm.l(atan2f.o)
    0x0800ab94   0x0800ab94   0x0000003a   Code   RO         8097    i.__hardfp_sqrtf    m_wm.l(sqrtf.o)
    0x0800abce   0x0800abce   0x00000006   Code   RO         8223    i.__mathlib_flt_infnan  m_wm.l(funder.o)
    0x0800abd4   0x0800abd4   0x00000006   Code   RO         8224    i.__mathlib_flt_infnan2  m_wm.l(funder.o)
    0x0800abda   0x0800abda   0x00000002   PAD
    0x0800abdc   0x0800abdc   0x00000010   Code   RO         8225    i.__mathlib_flt_invalid  m_wm.l(funder.o)
    0x0800abec   0x0800abec   0x00000010   Code   RO         8228    i.__mathlib_flt_underflow  m_wm.l(funder.o)
    0x0800abfc   0x0800abfc   0x0000016c   Code   RO         5546    i.bmi088_accel_init  bmi088driver.o
    0x0800ad68   0x0800ad68   0x00000130   Code   RO         5547    i.bmi088_gyro_init  bmi088driver.o
    0x0800ae98   0x0800ae98   0x00000094   Code   RO         5006    i.can_filter_init   bsp_can.o
    0x0800af2c   0x0800af2c   0x0000003e   Code   RO         5414    i.decode_hipnuc     hipnuc_dec.o
    0x0800af6a   0x0800af6a   0x00000002   PAD
    0x0800af6c   0x0800af6c   0x000000f0   Code   RO         5793    i.f_Changing_Integration_Rate  controller.o
    0x0800b05c   0x0800b05c   0x00000056   Code   RO         5794    i.f_Derivative_Filter  controller.o
    0x0800b0b2   0x0800b0b2   0x000000f4   Code   RO         5795    i.f_Derivative_On_Measurement  controller.o
    0x0800b1a6   0x0800b1a6   0x00000002   PAD
    0x0800b1a8   0x0800b1a8   0x000000f0   Code   RO         5796    i.f_Integral_Limit  controller.o
    0x0800b298   0x0800b298   0x00000056   Code   RO         5797    i.f_Output_Filter   controller.o
    0x0800b2ee   0x0800b2ee   0x00000046   Code   RO         5798    i.f_Output_Limit    controller.o
    0x0800b334   0x0800b334   0x000000b4   Code   RO         5799    i.f_PID_ErrorHandle  controller.o
    0x0800b3e8   0x0800b3e8   0x00000046   Code   RO         5800    i.f_Proportion_Limit  controller.o
    0x0800b42e   0x0800b42e   0x00000080   Code   RO         5801    i.f_Trapezoid_Intergral  controller.o
    0x0800b4ae   0x0800b4ae   0x0000002a   Code   RO         6080    i.float_constrain   user_lib.o
    0x0800b4d8   0x0800b4d8   0x00000048   Code   RO         6082    i.float_rounding    user_lib.o
    0x0800b520   0x0800b520   0x00000018   Code   RO         5071    i.get_Fire_motor_measure_point  can_receive.o
    0x0800b538   0x0800b538   0x00000018   Code   RO         5072    i.get_chassis_motor_measure_point  can_receive.o
    0x0800b550   0x0800b550   0x00000008   Code   RO         5073    i.get_pitch_gimbal_motor_measure_point  can_receive.o
    0x0800b558   0x0800b558   0x00000008   Code   RO         4852    i.get_remote_control_point  remote_control.o
    0x0800b560   0x0800b560   0x00000008   Code   RO         5074    i.get_trigger_motor_measure_point  can_receive.o
    0x0800b568   0x0800b568   0x00000008   Code   RO         5075    i.get_yaw_gimbal_motor_measure_point  can_receive.o
    0x0800b570   0x0800b570   0x0000003c   Code   RO         4656    i.hipnuc_Init       hipnuc_imu_task.o
    0x0800b5ac   0x0800b5ac   0x0000003c   Code   RO         5415    i.hipnuc_crc16      hipnuc_dec.o
    0x0800b5e8   0x0800b5e8   0x000000dc   Code   RO         4657    i.hipnuc_imu_task   hipnuc_imu_task.o
    0x0800b6c4   0x0800b6c4   0x00000010   Code   RO         5283    i.int16_abs         m2006_driver.o
    0x0800b6d4   0x0800b6d4   0x0000003c   Code   RO         6010    i.invSqrt           quaternionekf.o
    0x0800b710   0x0800b710   0x0000006c   Code   RO           16    i.main              main.o
    0x0800b77c   0x0800b77c   0x0000000c   Code   RO         7218    i.makeFreeRtosPriority  cmsis_os.o
    0x0800b788   0x0800b788   0x00000010   Code   RO         7220    i.osDelay           cmsis_os.o
    0x0800b798   0x0800b798   0x0000000a   Code   RO         7223    i.osKernelStart     cmsis_os.o
    0x0800b7a2   0x0800b7a2   0x0000005c   Code   RO         7257    i.osThreadCreate    cmsis_os.o
    0x0800b7fe   0x0800b7fe   0x00000002   PAD
    0x0800b800   0x0800b800   0x0000026c   Code   RO         5418    i.parse_data        hipnuc_dec.o
    0x0800ba6c   0x0800ba6c   0x00000080   Code   RO         6698    i.prvAddCurrentTaskToDelayedList  tasks.o
    0x0800baec   0x0800baec   0x00000088   Code   RO         6699    i.prvAddNewTaskToReadyList  tasks.o
    0x0800bb74   0x0800bb74   0x0000005c   Code   RO         7062    i.prvCheckForValidListAndQueue  timers.o
    0x0800bbd0   0x0800bbd0   0x00000040   Code   RO         6700    i.prvCheckTasksWaitingTermination  tasks.o
    0x0800bc10   0x0800bc10   0x00000024   Code   RO         6351    i.prvCopyDataFromQueue  queue.o
    0x0800bc34   0x0800bc34   0x0000006e   Code   RO         6352    i.prvCopyDataToQueue  queue.o
    0x0800bca2   0x0800bca2   0x00000040   Code   RO         6701    i.prvDeleteTCB      tasks.o
    0x0800bce2   0x0800bce2   0x00000002   PAD
    0x0800bce4   0x0800bce4   0x00000024   Code   RO         7063    i.prvGetNextExpireTime  timers.o
    0x0800bd08   0x0800bd08   0x00000050   Code   RO         7597    i.prvHeapInit       heap_4.o
    0x0800bd58   0x0800bd58   0x00000028   Code   RO         6702    i.prvIdleTask       tasks.o
    0x0800bd80   0x0800bd80   0x00000018   Code   RO         6355    i.prvInitialiseNewQueue  queue.o
    0x0800bd98   0x0800bd98   0x00000098   Code   RO         6703    i.prvInitialiseNewTask  tasks.o
    0x0800be30   0x0800be30   0x00000060   Code   RO         6704    i.prvInitialiseTaskLists  tasks.o
    0x0800be90   0x0800be90   0x0000005c   Code   RO         7598    i.prvInsertBlockIntoFreeList  heap_4.o
    0x0800beec   0x0800beec   0x00000048   Code   RO         7065    i.prvInsertTimerInActiveList  timers.o
    0x0800bf34   0x0800bf34   0x0000001a   Code   RO         6356    i.prvIsQueueEmpty   queue.o
    0x0800bf4e   0x0800bf4e   0x0000001e   Code   RO         6357    i.prvIsQueueFull    queue.o
    0x0800bf6c   0x0800bf6c   0x00000068   Code   RO         7066    i.prvProcessExpiredTimer  timers.o
    0x0800bfd4   0x0800bfd4   0x00000104   Code   RO         7067    i.prvProcessReceivedCommands  timers.o
    0x0800c0d8   0x0800c0d8   0x0000006c   Code   RO         7068    i.prvProcessTimerOrBlockTask  timers.o
    0x0800c144   0x0800c144   0x00000024   Code   RO         6705    i.prvResetNextTaskUnblockTime  tasks.o
    0x0800c168   0x0800c168   0x0000002c   Code   RO         7069    i.prvSampleTimeNow  timers.o
    0x0800c194   0x0800c194   0x00000078   Code   RO         7070    i.prvSwitchTimerLists  timers.o
    0x0800c20c   0x0800c20c   0x00000030   Code   RO         7654    i.prvTaskExitError  port.o
    0x0800c23c   0x0800c23c   0x00000014   Code   RO         7071    i.prvTimerTask      timers.o
    0x0800c250   0x0800c250   0x00000068   Code   RO         6358    i.prvUnlockQueue    queue.o
    0x0800c2b8   0x0800c2b8   0x000000e8   Code   RO         7599    i.pvPortMalloc      heap_4.o
    0x0800c3a0   0x0800c3a0   0x0000002c   Code   RO         7655    i.pxPortInitialiseStack  port.o
    0x0800c3cc   0x0800c3cc   0x00000020   Code   RO         4853    i.remote_control_init  remote_control.o
    0x0800c3ec   0x0800c3ec   0x000000da   Code   RO         4854    i.sbus_to_rc        remote_control.o
    0x0800c4c6   0x0800c4c6   0x0000003e   Code   RO         8099    i.sqrtf             m_wm.l(sqrtf.o)
    0x0800c504   0x0800c504   0x00000068   Code   RO         6710    i.ulTaskNotifyTake  tasks.o
    0x0800c56c   0x0800c56c   0x00000026   Code   RO         6314    i.uxListRemove      list.o
    0x0800c592   0x0800c592   0x00000002   PAD
    0x0800c594   0x0800c594   0x00000018   Code   RO          349    i.vApplicationGetIdleTaskMemory  freertos.o
    0x0800c5ac   0x0800c5ac   0x00000018   Code   RO          350    i.vApplicationGetTimerTaskMemory  freertos.o
    0x0800c5c4   0x0800c5c4   0x00000016   Code   RO         6315    i.vListInitialise   list.o
    0x0800c5da   0x0800c5da   0x00000006   Code   RO         6316    i.vListInitialiseItem  list.o
    0x0800c5e0   0x0800c5e0   0x00000036   Code   RO         6317    i.vListInsert       list.o
    0x0800c616   0x0800c616   0x00000018   Code   RO         6318    i.vListInsertEnd    list.o
    0x0800c62e   0x0800c62e   0x00000002   PAD
    0x0800c630   0x0800c630   0x00000040   Code   RO         7657    i.vPortEnterCritical  port.o
    0x0800c670   0x0800c670   0x0000002c   Code   RO         7658    i.vPortExitCritical  port.o
    0x0800c69c   0x0800c69c   0x00000064   Code   RO         7600    i.vPortFree         heap_4.o
    0x0800c700   0x0800c700   0x00000024   Code   RO         7659    i.vPortSetupTimerInterrupt  port.o
    0x0800c724   0x0800c724   0x00000054   Code   RO         7660    i.vPortValidateInterruptPriority  port.o
    0x0800c778   0x0800c778   0x00000028   Code   RO         6362    i.vQueueAddToRegistry  queue.o
    0x0800c7a0   0x0800c7a0   0x0000004a   Code   RO         6365    i.vQueueWaitForMessageRestricted  queue.o
    0x0800c7ea   0x0800c7ea   0x00000002   PAD
    0x0800c7ec   0x0800c7ec   0x00000050   Code   RO         6717    i.vTaskDelay        tasks.o
    0x0800c83c   0x0800c83c   0x00000010   Code   RO         6721    i.vTaskInternalSetTimeOutState  tasks.o
    0x0800c84c   0x0800c84c   0x0000000c   Code   RO         6722    i.vTaskMissedYield  tasks.o
    0x0800c858   0x0800c858   0x00000034   Code   RO         6724    i.vTaskPlaceOnEventList  tasks.o
    0x0800c88c   0x0800c88c   0x0000003c   Code   RO         6725    i.vTaskPlaceOnEventListRestricted  tasks.o
    0x0800c8c8   0x0800c8c8   0x00000090   Code   RO         6732    i.vTaskStartScheduler  tasks.o
    0x0800c958   0x0800c958   0x00000010   Code   RO         6734    i.vTaskSuspendAll   tasks.o
    0x0800c968   0x0800c968   0x00000060   Code   RO         6735    i.vTaskSwitchContext  tasks.o
    0x0800c9c8   0x0800c9c8   0x00000104   Code   RO         7661    i.xPortStartScheduler  port.o
    0x0800cacc   0x0800cacc   0x00000070   Code   RO         6369    i.xQueueGenericCreateStatic  queue.o
    0x0800cb3c   0x0800cb3c   0x00000090   Code   RO         6370    i.xQueueGenericReset  queue.o
    0x0800cbcc   0x0800cbcc   0x00000170   Code   RO         6371    i.xQueueGenericSend  queue.o
    0x0800cd3c   0x0800cd3c   0x000000be   Code   RO         6372    i.xQueueGenericSendFromISR  queue.o
    0x0800cdfa   0x0800cdfa   0x00000002   PAD
    0x0800cdfc   0x0800cdfc   0x00000148   Code   RO         6380    i.xQueueReceive     queue.o
    0x0800cf44   0x0800cf44   0x00000098   Code   RO         6738    i.xTaskCheckForTimeOut  tasks.o
    0x0800cfdc   0x0800cfdc   0x0000006c   Code   RO         6739    i.xTaskCreate       tasks.o
    0x0800d048   0x0800d048   0x00000060   Code   RO         6740    i.xTaskCreateStatic  tasks.o
    0x0800d0a8   0x0800d0a8   0x0000001c   Code   RO         6745    i.xTaskGetSchedulerState  tasks.o
    0x0800d0c4   0x0800d0c4   0x0000000c   Code   RO         6746    i.xTaskGetTickCount  tasks.o
    0x0800d0d0   0x0800d0d0   0x000000d4   Code   RO         6748    i.xTaskIncrementTick  tasks.o
    0x0800d1a4   0x0800d1a4   0x0000009c   Code   RO         6751    i.xTaskPriorityDisinherit  tasks.o
    0x0800d240   0x0800d240   0x00000078   Code   RO         6753    i.xTaskRemoveFromEventList  tasks.o
    0x0800d2b8   0x0800d2b8   0x000000cc   Code   RO         6754    i.xTaskResumeAll    tasks.o
    0x0800d384   0x0800d384   0x00000068   Code   RO         7078    i.xTimerCreateTimerTask  timers.o
    0x0800d3ec   0x0800d3ec   0x00000074   Code   RO         7079    i.xTimerGenericCommand  timers.o
    0x0800d460   0x0800d460   0x0000000a   Code   RO         8321    x$fpl$fpinit        fz_wm.l(fpinit.o)
    0x0800d46a   0x0800d46a   0x00000000   Code   RO         8219    x$fpl$usenofp       fz_wm.l(usenofp.o)
    0x0800d46a   0x0800d46a   0x00000002   PAD
    0x0800d46c   0x0800d46c   0x0000008c   Data   RO          352    .constdata          freertos.o
    0x0800d4f8   0x0800d4f8   0x00000008   Data   RO         2597    .constdata          stm32f4xx_hal_dma.o
    0x0800d500   0x0800d500   0x00000018   Data   RO         4441    .constdata          system_stm32f4xx.o
    0x0800d518   0x0800d518   0x00000030   Data   RO         4570    .constdata          ins_task.o
    0x0800d548   0x0800d548   0x00000018   Data   RO         4724    .constdata          chassis_control.o
    0x0800d560   0x0800d560   0x00000090   Data   RO         6012    .constdata          quaternionekf.o
    0x0800d5f0   0x0800d5f0   0x0000002e   Data   RO          353    .conststring        freertos.o
    0x0800d61e   0x0800d61e   0x00000002   PAD
    0x0800d620   0x0800d620   0x00000804   Data   RO         7913    .rodata.sinTable_f32  arm_cortexM4lf_math.lib(arm_common_tables.o)
    0x0800de24   0x0800de24   0x00000020   Data   RO         8418    Region$$Table       anon$$obj.o


    Execution Region RW_IRAM1 (Exec base: 0x20000000, Load base: 0x0800de44, Size: 0x00010180, Max: 0x0001c000, ABSOLUTE, COMPRESSED[0x000000c0])

    Exec Addr    Load Addr    Size         Type   Attr      Idx    E Section Name        Object

    0x20000000   COMPRESSED   0x00000014   Data   RW          354    .data               freertos.o
    0x20000014   COMPRESSED   0x00000004   Data   RW          434    .data               can.o
    0x20000018   COMPRESSED   0x00000009   Data   RW         3029    .data               stm32f4xx_hal.o
    0x20000021   COMPRESSED   0x00000003   PAD
    0x20000024   COMPRESSED   0x00000004   Data   RW         4442    .data               system_stm32f4xx.o
    0x20000028   COMPRESSED   0x00000032   Data   RW         4480    .data               all_task.o
    0x2000005a   COMPRESSED   0x00000002   PAD
    0x2000005c   COMPRESSED   0x00000048   Data   RW         4571    .data               ins_task.o
    0x200000a4   COMPRESSED   0x0000000c   Data   RW         4660    .data               hipnuc_imu_task.o
    0x200000b0   COMPRESSED   0x00000008   Data   RW         4725    .data               chassis_control.o
    0x200000b8   COMPRESSED   0x00000014   Data   RW         4783    .data               gimbalcontrol.o
    0x200000cc   COMPRESSED   0x00000006   Data   RW         4856    .data               remote_control.o
    0x200000d2   COMPRESSED   0x00000002   PAD
    0x200000d4   COMPRESSED   0x00000008   Data   RW         4975    .data               shoot_control.o
    0x200000dc   COMPRESSED   0x00000032   Data   RW         5077    .data               can_receive.o
    0x2000010e   COMPRESSED   0x00000002   PAD
    0x20000110   COMPRESSED   0x00000014   Data   RW         5284    .data               m2006_driver.o
    0x20000124   COMPRESSED   0x00000048   Data   RW         5549    .data               bmi088driver.o
    0x2000016c   COMPRESSED   0x00000004   Data   RW         5630    .data               bmi088middleware.o
    0x20000170   COMPRESSED   0x00000040   Data   RW         5688    .data               bsp_dwt.o
    0x200001b0   COMPRESSED   0x00000270   Data   RW         5802    .data               controller.o
    0x20000420   COMPRESSED   0x00000004   Data   RW         5927    .data               kalman_filter.o
    0x20000424   COMPRESSED   0x000000d4   Data   RW         6013    .data               quaternionekf.o
    0x200004f8   COMPRESSED   0x00000018   Data   RW         6090    .data               user_lib.o
    0x20000510   COMPRESSED   0x0000003c   Data   RW         6757    .data               tasks.o
    0x2000054c   COMPRESSED   0x00000014   Data   RW         7085    .data               timers.o
    0x20000560   COMPRESSED   0x00000020   Data   RW         7606    .data               heap_4.o
    0x20000580   COMPRESSED   0x0000000c   Data   RW         7662    .data               port.o
    0x2000058c        -       0x000006a8   Zero   RW          351    .bss                freertos.o
    0x20000c34        -       0x00000050   Zero   RW          433    .bss                can.o
    0x20000c84        -       0x00000114   Zero   RW          505    .bss                i2c.o
    0x20000d98        -       0x00000118   Zero   RW          547    .bss                spi.o
    0x20000eb0        -       0x00000048   Zero   RW          590    .bss                tim.o
    0x20000ef8        -       0x00000148   Zero   RW          638    .bss                usart.o
    0x20001040        -       0x00000048   Zero   RW          824    .bss                stm32f4xx_hal_timebase_tim.o
    0x20001088        -       0x00000142   Zero   RW         4569    .bss                ins_task.o
    0x200011ca   COMPRESSED   0x00000002   PAD
    0x200011cc        -       0x000001f4   Zero   RW         4659    .bss                hipnuc_imu_task.o
    0x200013c0        -       0x00000324   Zero   RW         4723    .bss                chassis_control.o
    0x200016e4        -       0x000001d8   Zero   RW         4782    .bss                gimbalcontrol.o
    0x200018bc        -       0x0000005e   Zero   RW         4855    .bss                remote_control.o
    0x2000191a   COMPRESSED   0x00000002   PAD
    0x2000191c        -       0x00000240   Zero   RW         4974    .bss                shoot_control.o
    0x20001b5c        -       0x000000fc   Zero   RW         5076    .bss                can_receive.o
    0x20001c58        -       0x00000040   Zero   RW         5548    .bss                bmi088driver.o
    0x20001c98        -       0x00000270   Zero   RW         6011    .bss                quaternionekf.o
    0x20001f08        -       0x00000040   Zero   RW         6383    .bss                queue.o
    0x20001f48        -       0x000000f0   Zero   RW         6756    .bss                tasks.o
    0x20002038        -       0x000000e8   Zero   RW         7084    .bss                timers.o
    0x20002120        -       0x00006000   Zero   RW         7605    .bss                heap_4.o
    0x20008120        -       0x00000060   Zero   RW         8239    .bss                c_w.l(libspace.o)
    0x20008180        -       0x00004000   Zero   RW            2    HEAP                startup_stm32f407xx.o
    0x2000c180        -       0x00004000   Zero   RW            1    STACK               startup_stm32f407xx.o


    Execution Region RW_IRAM2 (Exec base: 0x2001c000, Load base: 0x0800df04, Size: 0x00000000, Max: 0x00004000, ABSOLUTE)

    **** No section assigned to this execution region ****


==============================================================================

Image component sizes


      Code (inc. data)   RO Data    RW Data    ZI Data      Debug   Object Name

      1652        124          0         50          0       7978   all_task.o
      2882        174          0         72         64      10513   bmi088driver.o
       116         30          0          4          0       3488   bmi088middleware.o
       148         10          0          0          0        682   bsp_can.o
       580        112          0         64          0       4926   bsp_dwt.o
        58          0          0          0          0        994   bsp_pwm.o
       156         14          0          0          0       1006   bsp_rc.o
       488         44          0          4         80       2494   can.o
       820        106          0         50        252       8850   can_receive.o
       916         76         24          8        804       5338   chassis_control.o
       130          0          0          0          0      23023   cmsis_os.o
      2252         38          0        624          0      12820   controller.o
       168          6          0          0          0        866   dma.o
         0          0          0          0          0      17312   event_groups.o
       224         44        186         20       1704       9128   freertos.o
       736         76          0         20        472       5232   gimbalcontrol.o
       356         22          0          0          0       1139   gpio.o
       504         32          0         32      24576       5087   heap_4.o
       876          8          0          0          0       7087   hipnuc_dec.o
       280         58          0         12        500       1499   hipnuc_imu_task.o
       408         42          0          0        276       1955   i2c.o
      2564        188         48         72        322      10498   ins_task.o
      3160         26          0          4          0      22963   kalman_filter.o
       144          0          0          0          0       3646   list.o
      1294         50          0         20          0       6559   m2006_driver.o
      1158         66          0          0          0       5817   m3508_driver.o
      1570         36          0          0          0       5239   m6020_driver.o
       312         14          0          0          0     753659   main.o
       600          8          0          0          0       3226   pid.o
       814         92          0         12          0      12129   port.o
      4156        234        144        212        624      10571   quaternionekf.o
      1586         24          0          0         64      17808   queue.o
       550         40          0          6         94     597858   remote_control.o
       236         22          0          8        576       2026   shoot_control.o
       416         38          0          0        280       1975   spi.o
        64         26        392          0      32768        856   startup_stm32f407xx.o
       136         24          0          9          0       8794   stm32f4xx_hal.o
      2132          6          0          0          0      13919   stm32f4xx_hal_can.o
       252         22          0          0          0      33734   stm32f4xx_hal_cortex.o
      1224         16          8          0          0       5615   stm32f4xx_hal_dma.o
       512         46          0          0          0       2144   stm32f4xx_hal_gpio.o
       464         18          0          0          0       2091   stm32f4xx_hal_i2c.o
        84          6          0          0          0        882   stm32f4xx_hal_msp.o
      1888         94          0          0          0       6353   stm32f4xx_hal_rcc.o
      1078         14          0          0          0       4717   stm32f4xx_hal_spi.o
      2006        142          0          0          0      12808   stm32f4xx_hal_tim.o
         4          0          0          0          0       1597   stm32f4xx_hal_tim_ex.o
       136         12          0          0         72       1499   stm32f4xx_hal_timebase_tim.o
      1386         22          0          0          0       9558   stm32f4xx_hal_uart.o
       166         54          0          0          0       7499   stm32f4xx_it.o
        20          6         24          4          0       1163   system_stm32f4xx.o
      2384        204          0         60        240      29057   tasks.o
       256         28          0          0         72       2350   tim.o
      1076         96          0         20        232      30995   timers.o
       612         62          0          0        328       2681   usart.o
       790         26          0         24          0       9379   user_lib.o

    ----------------------------------------------------------------------
     49030       2778        860       1420      64404    1773082   Object Totals
         0          0         32          0          0          0   (incl. Generated)
        50          0          2          9          4          0   (incl. Padding)

    ----------------------------------------------------------------------

      Code (inc. data)   RO Data    RW Data    ZI Data      Debug   Library Member Name

         0          0       2052          0          0       6294   arm_common_tables.o
       152         12          0          0          0       1104   arm_cos_f32.o
       186          0          0          0          0       1797   arm_mat_add_f32.o
         8          0          0          0          0        841   arm_mat_init_f32.o
       756          4          0          0          0       3732   arm_mat_inverse_f32.o
       296          4          0          0          0       2300   arm_mat_mult_f32.o
       186          0          0          0          0       1795   arm_mat_sub_f32.o
       162          0          0          0          0       1865   arm_mat_trans_f32.o
       144         12          0          0          0       1092   arm_sin_f32.o
        90          0          0          0          0          0   __dczerorl2.o
         8          0          0          0          0         68   __main.o
         0          0          0          0          0          0   __rtentry.o
        12          0          0          0          0          0   __rtentry2.o
         6          0          0          0          0          0   __rtentry4.o
        52          8          0          0          0          0   __scatter.o
        28          0          0          0          0          0   __scatter_zi.o
        22          0          0          0          0        100   _rserrno.o
        16          0          0          0          0         68   aeabi_memset.o
        10          0          0          0          0         68   defsig_exit.o
        50          0          0          0          0         88   defsig_general.o
        80         58          0          0          0         76   defsig_rtmem_inner.o
        14          0          0          0          0         80   defsig_rtmem_outer.o
        18          0          0          0          0         80   exit.o
        94          0          0          0          0         80   h1_alloc.o
        52          0          0          0          0         68   h1_extend.o
        78          0          0          0          0         80   h1_free.o
        14          0          0          0          0         84   h1_init.o
         6          0          0          0          0        152   heapauxi.o
         4          0          0          0          0        136   hguard.o
         0          0          0          0          0          0   indicate_semi.o
       138          0          0          0          0        168   init_alloc.o
         2          0          0          0          0          0   libinit.o
        14          0          0          0          0          0   libinit2.o
         2          0          0          0          0          0   libshutdown.o
         2          0          0          0          0          0   libshutdown2.o
         8          4          0          0         96         68   libspace.o
       238          0          0          0          0        100   lludivv7m.o
         0          0          0          0          0          0   maybetermalloc1.o
         8          4          0          0          0         68   rt_errno_addr_intlibspace.o
         8          4          0          0          0         68   rt_heap_descriptor_intlibspace.o
        68          0          0          0          0         68   rt_memclr.o
        78          0          0          0          0         80   rt_memclr_w.o
       138          0          0          0          0         68   rt_memcpy_v6.o
       100          0          0          0          0         80   rt_memcpy_w.o
         2          0          0          0          0          0   rtexit.o
        10          0          0          0          0          0   rtexit2.o
        12          4          0          0          0         68   sys_exit.o
        74          0          0          0          0         80   sys_stackheap_outer.o
        14          0          0          0          0         76   sys_wrch.o
         2          0          0          0          0         68   use_no_semi.o
        10          0          0          0          0        116   fpinit.o
         0          0          0          0          0          0   usenofp.o
       280         46          0          0          0        176   acosf.o
       300         42          0          0          0        176   asinf.o
       684         90          0          0          0        208   atan2f.o
        38          0          0          0          0        116   fpclassifyf.o
        44         12          0          0          0        464   funder.o
       120          0          0          0          0        272   sqrtf.o

    ----------------------------------------------------------------------
      4958        304       2052          0         96      24636   Library Totals
        20          0          0          0          0          0   (incl. Padding)

    ----------------------------------------------------------------------

      Code (inc. data)   RO Data    RW Data    ZI Data      Debug   Library Name

      1890         32       2052          0          0      20820   arm_cortexM4lf_math.lib
      1572         82          0          0         96       2288   c_w.l
        10          0          0          0          0        116   fz_wm.l
      1466        190          0          0          0       1412   m_wm.l

    ----------------------------------------------------------------------
      4958        304       2052          0         96      24636   Library Totals

    ----------------------------------------------------------------------

==============================================================================


      Code (inc. data)   RO Data    RW Data    ZI Data      Debug   

     53988       3082       2912       1420      64500    1766058   Grand Totals
     53988       3082       2912        192      64500    1766058   ELF Image Totals (compressed)
     53988       3082       2912        192          0          0   ROM Totals

==============================================================================

    Total RO  Size (Code + RO Data)                56900 (  55.57kB)
    Total RW  Size (RW Data + ZI Data)             65920 (  64.38kB)
    Total ROM Size (Code + RO Data + RW Data)      57092 (  55.75kB)

==============================================================================

