Component: ARM Compiler 5.06 update 7 (build 960) Tool: armlink [4d3601]

==============================================================================

Section Cross References

    startup_stm32f407xx.o(STACK) refers (Special) to heapauxi.o(.text) for __use_two_region_memory
    startup_stm32f407xx.o(HEAP) refers (Special) to heapauxi.o(.text) for __use_two_region_memory
    startup_stm32f407xx.o(RESET) refers (Special) to heapauxi.o(.text) for __use_two_region_memory
    startup_stm32f407xx.o(RESET) refers to startup_stm32f407xx.o(STACK) for __initial_sp
    startup_stm32f407xx.o(RESET) refers to startup_stm32f407xx.o(.text) for Reset_Handler
    startup_stm32f407xx.o(RESET) refers to stm32f4xx_it.o(i.NMI_Handler) for NMI_Handler
    startup_stm32f407xx.o(RESET) refers to stm32f4xx_it.o(i.HardFault_Handler) for HardFault_Handler
    startup_stm32f407xx.o(RESET) refers to stm32f4xx_it.o(i.MemManage_Handler) for MemManage_Handler
    startup_stm32f407xx.o(RESET) refers to stm32f4xx_it.o(i.BusFault_Handler) for BusFault_Handler
    startup_stm32f407xx.o(RESET) refers to stm32f4xx_it.o(i.UsageFault_Handler) for UsageFault_Handler
    startup_stm32f407xx.o(RESET) refers to port.o(.emb_text) for SVC_Handler
    startup_stm32f407xx.o(RESET) refers to stm32f4xx_it.o(i.DebugMon_Handler) for DebugMon_Handler
    startup_stm32f407xx.o(RESET) refers to port.o(i.SysTick_Handler) for SysTick_Handler
    startup_stm32f407xx.o(RESET) refers to stm32f4xx_it.o(i.DMA1_Stream1_IRQHandler) for DMA1_Stream1_IRQHandler
    startup_stm32f407xx.o(RESET) refers to stm32f4xx_it.o(i.DMA1_Stream2_IRQHandler) for DMA1_Stream2_IRQHandler
    startup_stm32f407xx.o(RESET) refers to stm32f4xx_it.o(i.DMA1_Stream4_IRQHandler) for DMA1_Stream4_IRQHandler
    startup_stm32f407xx.o(RESET) refers to stm32f4xx_it.o(i.CAN1_RX0_IRQHandler) for CAN1_RX0_IRQHandler
    startup_stm32f407xx.o(RESET) refers to stm32f4xx_it.o(i.TIM2_IRQHandler) for TIM2_IRQHandler
    startup_stm32f407xx.o(RESET) refers to remote_control.o(i.USART3_IRQHandler) for USART3_IRQHandler
    startup_stm32f407xx.o(RESET) refers to stm32f4xx_it.o(i.DMA2_Stream0_IRQHandler) for DMA2_Stream0_IRQHandler
    startup_stm32f407xx.o(RESET) refers to stm32f4xx_it.o(i.DMA2_Stream2_IRQHandler) for DMA2_Stream2_IRQHandler
    startup_stm32f407xx.o(RESET) refers to stm32f4xx_it.o(i.DMA2_Stream3_IRQHandler) for DMA2_Stream3_IRQHandler
    startup_stm32f407xx.o(RESET) refers to stm32f4xx_it.o(i.CAN2_RX1_IRQHandler) for CAN2_RX1_IRQHandler
    startup_stm32f407xx.o(.text) refers (Special) to heapauxi.o(.text) for __use_two_region_memory
    startup_stm32f407xx.o(.text) refers to system_stm32f4xx.o(i.SystemInit) for SystemInit
    startup_stm32f407xx.o(.text) refers to __main.o(!!!main) for __main
    startup_stm32f407xx.o(.text) refers to startup_stm32f407xx.o(HEAP) for Heap_Mem
    startup_stm32f407xx.o(.text) refers to startup_stm32f407xx.o(STACK) for Stack_Mem
    main.o(i.HAL_TIM_PeriodElapsedCallback) refers to stm32f4xx_hal.o(i.HAL_IncTick) for HAL_IncTick
    main.o(i.SystemClock_Config) refers to rt_memclr_w.o(.text) for __aeabi_memclr4
    main.o(i.SystemClock_Config) refers to stm32f4xx_hal_rcc.o(i.HAL_RCC_OscConfig) for HAL_RCC_OscConfig
    main.o(i.SystemClock_Config) refers to main.o(i.Error_Handler) for Error_Handler
    main.o(i.SystemClock_Config) refers to stm32f4xx_hal_rcc.o(i.HAL_RCC_ClockConfig) for HAL_RCC_ClockConfig
    main.o(i.main) refers to stm32f4xx_hal.o(i.HAL_Init) for HAL_Init
    main.o(i.main) refers to main.o(i.SystemClock_Config) for SystemClock_Config
    main.o(i.main) refers to gpio.o(i.MX_GPIO_Init) for MX_GPIO_Init
    main.o(i.main) refers to dma.o(i.MX_DMA_Init) for MX_DMA_Init
    main.o(i.main) refers to can.o(i.MX_CAN1_Init) for MX_CAN1_Init
    main.o(i.main) refers to can.o(i.MX_CAN2_Init) for MX_CAN2_Init
    main.o(i.main) refers to usart.o(i.MX_USART3_UART_Init) for MX_USART3_UART_Init
    main.o(i.main) refers to i2c.o(i.MX_I2C3_Init) for MX_I2C3_Init
    main.o(i.main) refers to spi.o(i.MX_SPI1_Init) for MX_SPI1_Init
    main.o(i.main) refers to tim.o(i.MX_TIM10_Init) for MX_TIM10_Init
    main.o(i.main) refers to usart.o(i.MX_USART1_UART_Init) for MX_USART1_UART_Init
    main.o(i.main) refers to bsp_can.o(i.can_filter_init) for can_filter_init
    main.o(i.main) refers to remote_control.o(i.remote_control_init) for remote_control_init
    main.o(i.main) refers to ins_task.o(i.INS_Init) for INS_Init
    main.o(i.main) refers to chassis_control.o(i.Chassis_Init) for Chassis_Init
    main.o(i.main) refers to gimbalcontrol.o(i.Gimbal_Init) for Gimbal_Init
    main.o(i.main) refers to shoot_control.o(i.Shoot_Init) for Shoot_Init
    main.o(i.main) refers to bsp_dwt.o(i.DWT_Init) for DWT_Init
    main.o(i.main) refers to bmi088driver.o(i.BMI088_init) for BMI088_init
    main.o(i.main) refers to hipnuc_imu_task.o(i.hipnuc_Init) for hipnuc_Init
    main.o(i.main) refers to freertos.o(i.MX_FREERTOS_Init) for MX_FREERTOS_Init
[...]
    HAL_DMA_IRQHandler                       0x080033e5   Thumb Code   570  stm32f4xx_hal_dma.o(i.HAL_DMA_IRQHandler)
    HAL_DMA_Init                             0x08003625   Thumb Code   232  stm32f4xx_hal_dma.o(i.HAL_DMA_Init)
    HAL_DMA_Start_IT                         0x08003711   Thumb Code   146  stm32f4xx_hal_dma.o(i.HAL_DMA_Start_IT)
    HAL_Delay                                0x080037a5   Thumb Code    36  stm32f4xx_hal.o(i.HAL_Delay)
    HAL_GPIO_Init                            0x080037cd   Thumb Code   454  stm32f4xx_hal_gpio.o(i.HAL_GPIO_Init)
    HAL_GPIO_WritePin                        0x080039c1   Thumb Code    12  stm32f4xx_hal_gpio.o(i.HAL_GPIO_WritePin)
    HAL_GetTick                              0x080039cd   Thumb Code     6  stm32f4xx_hal.o(i.HAL_GetTick)
    HAL_I2C_Init                             0x080039d9   Thumb Code   446  stm32f4xx_hal_i2c.o(i.HAL_I2C_Init)
    HAL_I2C_MspInit                          0x08003ba9   Thumb Code   318  i2c.o(i.HAL_I2C_MspInit)
    HAL_IncTick                              0x08003d05   Thumb Code    16  stm32f4xx_hal.o(i.HAL_IncTick)
    HAL_Init                                 0x08003d1d   Thumb Code    54  stm32f4xx_hal.o(i.HAL_Init)
    HAL_InitTick                             0x08003d59   Thumb Code   124  stm32f4xx_hal_timebase_tim.o(i.HAL_InitTick)
    HAL_MspInit                              0x08003de1   Thumb Code    78  stm32f4xx_hal_msp.o(i.HAL_MspInit)
    HAL_NVIC_EnableIRQ                       0x08003e35   Thumb Code    32  stm32f4xx_hal_cortex.o(i.HAL_NVIC_EnableIRQ)
    HAL_NVIC_SetPriority                     0x08003e55   Thumb Code   124  stm32f4xx_hal_cortex.o(i.HAL_NVIC_SetPriority)
    HAL_NVIC_SetPriorityGrouping             0x08003ed1   Thumb Code    32  stm32f4xx_hal_cortex.o(i.HAL_NVIC_SetPriorityGrouping)
    HAL_RCC_ClockConfig                      0x08003ef9   Thumb Code   368  stm32f4xx_hal_rcc.o(i.HAL_RCC_ClockConfig)
    HAL_RCC_GetClockConfig                   0x0800407d   Thumb Code    58  stm32f4xx_hal_rcc.o(i.HAL_RCC_GetClockConfig)
    HAL_RCC_GetHCLKFreq                      0x080040c1   Thumb Code     6  stm32f4xx_hal_rcc.o(i.HAL_RCC_GetHCLKFreq)
    HAL_RCC_GetPCLK1Freq                     0x080040cd   Thumb Code    22  stm32f4xx_hal_rcc.o(i.HAL_RCC_GetPCLK1Freq)
    HAL_RCC_GetPCLK2Freq                     0x080040ed   Thumb Code    22  stm32f4xx_hal_rcc.o(i.HAL_RCC_GetPCLK2Freq)
    HAL_RCC_GetSysClockFreq                  0x0800410d   Thumb Code   162  stm32f4xx_hal_rcc.o(i.HAL_RCC_GetSysClockFreq)
    HAL_RCC_OscConfig                        0x080041bd   Thumb Code  1172  stm32f4xx_hal_rcc.o(i.HAL_RCC_OscConfig)
    HAL_SPI_Init                             0x08004659   Thumb Code   200  stm32f4xx_hal_spi.o(i.HAL_SPI_Init)
    HAL_SPI_MspInit                          0x08004721   Thumb Code   316  spi.o(i.HAL_SPI_MspInit)
    HAL_SPI_TransmitReceive                  0x08004879   Thumb Code   554  stm32f4xx_hal_spi.o(i.HAL_SPI_TransmitReceive)
    HAL_TIMEx_BreakCallback                  0x08004aa3   Thumb Code     2  stm32f4xx_hal_tim_ex.o(i.HAL_TIMEx_BreakCallback)
    HAL_TIMEx_CommutCallback                 0x08004aa5   Thumb Code     2  stm32f4xx_hal_tim_ex.o(i.HAL_TIMEx_CommutCallback)
    HAL_TIM_Base_Init                        0x08004aa7   Thumb Code   102  stm32f4xx_hal_tim.o(i.HAL_TIM_Base_Init)
    HAL_TIM_Base_MspInit                     0x08004b0d   Thumb Code    44  tim.o(i.HAL_TIM_Base_MspInit)
    HAL_TIM_Base_Start_IT                    0x08004b41   Thumb Code   138  stm32f4xx_hal_tim.o(i.HAL_TIM_Base_Start_IT)
    HAL_TIM_IC_CaptureCallback               0x08004be9   Thumb Code     2  stm32f4xx_hal_tim.o(i.HAL_TIM_IC_CaptureCallback)
    HAL_TIM_IRQHandler                       0x08004beb   Thumb Code   406  stm32f4xx_hal_tim.o(i.HAL_TIM_IRQHandler)
    HAL_TIM_MspPostInit                      0x08004d81   Thumb Code    84  tim.o(i.HAL_TIM_MspPostInit)
    HAL_TIM_OC_DelayElapsedCallback          0x08004de1   Thumb Code     2  stm32f4xx_hal_tim.o(i.HAL_TIM_OC_DelayElapsedCallback)
    HAL_TIM_PWM_ConfigChannel                0x08004de3   Thumb Code   260  stm32f4xx_hal_tim.o(i.HAL_TIM_PWM_ConfigChannel)
    HAL_TIM_PWM_Init                         0x08004ee7   Thumb Code   102  stm32f4xx_hal_tim.o(i.HAL_TIM_PWM_Init)
    HAL_TIM_PWM_MspInit                      0x08004f4d   Thumb Code     2  stm32f4xx_hal_tim.o(i.HAL_TIM_PWM_MspInit)
    HAL_TIM_PWM_PulseFinishedCallback        0x08004f4f   Thumb Code     2  stm32f4xx_hal_tim.o(i.HAL_TIM_PWM_PulseFinishedCallback)
    HAL_TIM_PWM_Start                        0x08004f51   Thumb Code   238  stm32f4xx_hal_tim.o(i.HAL_TIM_PWM_Start)
    HAL_TIM_PeriodElapsedCallback            0x0800505d   Thumb Code    18  main.o(i.HAL_TIM_PeriodElapsedCallback)
    HAL_TIM_TriggerCallback                  0x0800506f   Thumb Code     2  stm32f4xx_hal_tim.o(i.HAL_TIM_TriggerCallback)
    HAL_UARTEx_RxEventCallback               0x08005071   Thumb Code     2  stm32f4xx_hal_uart.o(i.HAL_UARTEx_RxEventCallback)
    HAL_UART_ErrorCallback                   0x08005073   Thumb Code     2  stm32f4xx_hal_uart.o(i.HAL_UART_ErrorCallback)
    HAL_UART_Init                            0x08005075   Thumb Code   114  stm32f4xx_hal_uart.o(i.HAL_UART_Init)
    HAL_UART_MspInit                         0x080050e9   Thumb Code   456  usart.o(i.HAL_UART_MspInit)
    HAL_UART_Receive_DMA                     0x080052d9   Thumb Code    66  stm32f4xx_hal_uart.o(i.HAL_UART_Receive_DMA)
    HAL_UART_RxCpltCallback                  0x0800531b   Thumb Code     2  stm32f4xx_hal_uart.o(i.HAL_UART_RxCpltCallback)
    HAL_UART_RxHalfCpltCallback              0x0800531d   Thumb Code     2  stm32f4xx_hal_uart.o(i.HAL_UART_RxHalfCpltCallback)
    HardFault_Handler                        0x08005451   Thumb Code     4  stm32f4xx_it.o(i.HardFault_Handler)
    HiPNUC_DMA_Init                          0x08005455   Thumb Code    86  hipnuc_dec.o(i.HiPNUC_DMA_Init)
    HiPNUC_Process                           0x080054ab   Thumb Code    22  hipnuc_dec.o(i.HiPNUC_Process)
    IMU_QuaternionEKF_Init                   0x08005a6d   Thumb Code   264  quaternionekf.o(i.IMU_QuaternionEKF_Init)
    IMU_QuaternionEKF_Update                 0x08005cf9   Thumb Code  1566  quaternionekf.o(i.IMU_QuaternionEKF_Update)
    IMU_Temperature_Ctrl                     0x08006835   Thumb Code    90  ins_task.o(i.IMU_Temperature_Ctrl)
    INS_Init                                 0x080068a9   Thumb Code   152  ins_task.o(i.INS_Init)
    INS_Task                                 0x0800696d   Thumb Code   616  ins_task.o(i.INS_Task)
    Kalman_Filter_Init                       0x08006c11   Thumb Code  1800  kalman_filter.o(i.Kalman_Filter_Init)
    Kalman_Filter_Measure                    0x0800731d   Thumb Code    74  kalman_filter.o(i.Kalman_Filter_Measure)
    Kalman_Filter_P_Update                   0x0800736d   Thumb Code   104  kalman_filter.o(i.Kalman_Filter_P_Update)
    Kalman_Filter_PminusUpdate               0x080073d5   Thumb Code   104  kalman_filter.o(i.Kalman_Filter_PminusUpdate)
    Kalman_Filter_SetK                       0x0800743d   Thumb Code   210  kalman_filter.o(i.Kalman_Filter_SetK)
    Kalman_Filter_Update                     0x08007511   Thumb Code   292  kalman_filter.o(i.Kalman_Filter_Update)
    Kalman_Filter_xhatMinusUpdate            0x08007639   Thumb Code   124  kalman_filter.o(i.Kalman_Filter_xhatMinusUpdate)
    Kalman_Filter_xhatUpdate                 0x080076b5   Thumb Code   134  kalman_filter.o(i.Kalman_Filter_xhatUpdate)
    M2006_GetBasicData                       0x0800773b   Thumb Code    30  m2006_driver.o(i.M2006_GetBasicData)
    M2006_Init                               0x08007759   Thumb Code   202  m2006_driver.o(i.M2006_Init)
    M2006_LockedMotorDetertion               0x08007839   Thumb Code   136  m2006_driver.o(i.M2006_LockedMotorDetertion)
    M2006_SpeedLoopPIDController             0x080078c9   Thumb Code   516  m2006_driver.o(i.M2006_SpeedLoopPIDController)
    M2006_UnlockMotor                        0x08007acd   Thumb Code   344  m2006_driver.o(i.M2006_UnlockMotor)
    M3508_GetBasicData                       0x08007c39   Thumb Code    90  m3508_driver.o(i.M3508_GetBasicData)
    M3508_Init                               0x08007c95   Thumb Code   482  m3508_driver.o(i.M3508_Init)
    M3508_SpeedLoopPIDController             0x08007ea9   Thumb Code   516  m3508_driver.o(i.M3508_SpeedLoopPIDController)
    M6020_GetBasicData                       0x080080ad   Thumb Code    44  m6020_driver.o(i.M6020_GetBasicData)
    M6020_Init                               0x080080d9   Thumb Code   414  m6020_driver.o(i.M6020_Init)
    M6020_PositionLoopPIDController          0x0800829d   Thumb Code   554  m6020_driver.o(i.M6020_PositionLoopPIDController)
    M6020_SpeedLoopPIDController             0x080084c7   Thumb Code   516  m6020_driver.o(i.M6020_SpeedLoopPIDController)
    MX_CAN1_Init                             0x080086cd   Thumb Code    58  can.o(i.MX_CAN1_Init)
    MX_CAN2_Init                             0x08008711   Thumb Code    58  can.o(i.MX_CAN2_Init)
    MX_DMA_Init                              0x08008755   Thumb Code   162  dma.o(i.MX_DMA_Init)
    MX_FREERTOS_Init                         0x080087fd   Thumb Code   126  freertos.o(i.MX_FREERTOS_Init)
    MX_GPIO_Init                             0x08008895   Thumb Code   334  gpio.o(i.MX_GPIO_Init)
    MX_I2C3_Init                             0x080089f9   Thumb Code    48  i2c.o(i.MX_I2C3_Init)
    MX_SPI1_Init                             0x08008a35   Thumb Code    62  spi.o(i.MX_SPI1_Init)
    MX_TIM10_Init                            0x08008a7d   Thumb Code   100  tim.o(i.MX_TIM10_Init)
    MX_USART1_UART_Init                      0x08008ae9   Thumb Code    46  usart.o(i.MX_USART1_UART_Init)
    MX_USART3_UART_Init                      0x08008b21   Thumb Code    48  usart.o(i.MX_USART3_UART_Init)
    MemManage_Handler                        0x08008b5d   Thumb Code     4  stm32f4xx_it.o(i.MemManage_Handler)
    NMI_Handler                              0x08008b61   Thumb Code     4  stm32f4xx_it.o(i.NMI_Handler)
    OLS_Derivative                           0x08008b65   Thumb Code   578  user_lib.o(i.OLS_Derivative)
    OLS_Init                                 0x08008db1   Thumb Code    82  user_lib.o(i.OLS_Init)
    PID_Calculate                            0x08008e09   Thumb Code   720  controller.o(i.PID_Calculate)
    PID_Init                                 0x080090d9   Thumb Code   184  controller.o(i.PID_Init)
    PID_calc                                 0x08009195   Thumb Code   492  pid.o(i.PID_calc)
    PID_init                                 0x08009385   Thumb Code   100  pid.o(i.PID_init)
    Pitch_Gimbal_Contro_Angle                0x080093ed   Thumb Code   154  gimbalcontrol.o(i.Pitch_Gimbal_Contro_Angle)
    Pitch_Gimbal_ControlOfIMU                0x08009491   Thumb Code   126  gimbalcontrol.o(i.Pitch_Gimbal_ControlOfIMU)
    RC_init                                  0x08009529   Thumb Code   142  bsp_rc.o(i.RC_init)
    Shoot_FrictionWheelControl               0x08009709   Thumb Code   178  shoot_control.o(i.Shoot_FrictionWheelControl)
    Shoot_Init                               0x080097d1   Thumb Code    50  shoot_control.o(i.Shoot_Init)
    Shoot_Task                               0x08009811   Thumb Code   110  all_task.o(i.Shoot_Task)
    StartDefaultTask                         0x08009895   Thumb Code    10  freertos.o(i.StartDefaultTask)
    StartINSTask                             0x0800989f   Thumb Code    14  freertos.o(i.StartINSTask)
    SysTick_Handler                          0x080098ad   Thumb Code    38  port.o(i.SysTick_Handler)
    SystemClock_Config                       0x080098d9   Thumb Code   170  main.o(i.SystemClock_Config)
    SystemInit                               0x0800998d   Thumb Code    14  system_stm32f4xx.o(i.SystemInit)
    TIM2_IRQHandler                          0x080099a1   Thumb Code    10  stm32f4xx_it.o(i.TIM2_IRQHandler)
    TIM_Base_SetConfig                       0x080099b1   Thumb Code   170  stm32f4xx_hal_tim.o(i.TIM_Base_SetConfig)
    TIM_CCxChannelCmd                        0x08009a89   Thumb Code    34  stm32f4xx_hal_tim.o(i.TIM_CCxChannelCmd)
    TIM_OC2_SetConfig                        0x08009b1d   Thumb Code   114  stm32f4xx_hal_tim.o(i.TIM_OC2_SetConfig)
    TIM_Set_PWM                              0x08009c65   Thumb Code    58  bsp_pwm.o(i.TIM_Set_PWM)
    UART_Start_Receive_DMA                   0x0800a08d   Thumb Code   196  stm32f4xx_hal_uart.o(i.UART_Start_Receive_DMA)
    USART3_IRQHandler                        0x0800a15d   Thumb Code   264  remote_control.o(i.USART3_IRQHandler)
    UsageFault_Handler                       0x0800a281   Thumb Code     4  stm32f4xx_it.o(i.UsageFault_Handler)
    Yaw_Gimbal_6020_angle                    0x0800a285   Thumb Code    80  gimbalcontrol.o(i.Yaw_Gimbal_6020_angle)
    Yaw_Gimbal_Contro_Angle                  0x0800a2d5   Thumb Code    78  gimbalcontrol.o(i.Yaw_Gimbal_Contro_Angle)
    Yaw_Gimbal_ControlOfIMU                  0x0800a32d   Thumb Code   126  gimbalcontrol.o(i.Yaw_Gimbal_ControlOfIMU)
    __ARM_fpclassifyf                        0x0800a3b5   Thumb Code    38  fpclassifyf.o(i.__ARM_fpclassifyf)
    __hardfp_acosf                           0x0800a415   Thumb Code   234  acosf.o(i.__hardfp_acosf)
    __hardfp_asinf                           0x0800a52d   Thumb Code   258  asinf.o(i.__hardfp_asinf)
    __hardfp_atan2f                          0x0800a659   Thumb Code   594  atan2f.o(i.__hardfp_atan2f)
    __hardfp_sqrtf                           0x0800a905   Thumb Code    58  sqrtf.o(i.__hardfp_sqrtf)
    __mathlib_flt_infnan                     0x0800a93f   Thumb Code     6  funder.o(i.__mathlib_flt_infnan)
    __mathlib_flt_infnan2                    0x0800a945   Thumb Code     6  funder.o(i.__mathlib_flt_infnan2)
    __mathlib_flt_invalid                    0x0800a94d   Thumb Code    10  funder.o(i.__mathlib_flt_invalid)
    __mathlib_flt_underflow                  0x0800a95d   Thumb Code    10  funder.o(i.__mathlib_flt_underflow)
    bmi088_accel_init                        0x0800a96d   Thumb Code   348  bmi088driver.o(i.bmi088_accel_init)
    bmi088_gyro_init                         0x0800aad9   Thumb Code   284  bmi088driver.o(i.bmi088_gyro_init)
    can_filter_init                          0x0800ac09   Thumb Code   138  bsp_can.o(i.can_filter_init)
    float_constrain                          0x0800b21f   Thumb Code    42  user_lib.o(i.float_constrain)
    float_rounding                           0x0800b249   Thumb Code    62  user_lib.o(i.float_rounding)
    get_Fire_motor_measure_point             0x0800b291   Thumb Code    18  can_receive.o(i.get_Fire_motor_measure_point)
    get_chassis_motor_measure_point          0x0800b2a9   Thumb Code    18  can_receive.o(i.get_chassis_motor_measure_point)
    get_pitch_gimbal_motor_measure_point     0x0800b2c1   Thumb Code     4  can_receive.o(i.get_pitch_gimbal_motor_measure_point)
    get_remote_control_point                 0x0800b2c9   Thumb Code     4  remote_control.o(i.get_remote_control_point)
    get_trigger_motor_measure_point          0x0800b2d1   Thumb Code     4  can_receive.o(i.get_trigger_motor_measure_point)
    get_yaw_gimbal_motor_measure_point       0x0800b2d9   Thumb Code     4  can_receive.o(i.get_yaw_gimbal_motor_measure_point)
    hipnuc_Init                              0x0800b2e1   Thumb Code    32  hipnuc_imu_task.o(i.hipnuc_Init)
    hipnuc_imu_task                          0x0800b359   Thumb Code   190  hipnuc_imu_task.o(i.hipnuc_imu_task)
    int16_abs                                0x0800b435   Thumb Code    16  m2006_driver.o(i.int16_abs)
    main                                     0x0800b481   Thumb Code   104  main.o(i.main)
    osDelay                                  0x0800b4f9   Thumb Code    16  cmsis_os.o(i.osDelay)
    osKernelStart                            0x0800b509   Thumb Code    10  cmsis_os.o(i.osKernelStart)
    osThreadCreate                           0x0800b513   Thumb Code    92  cmsis_os.o(i.osThreadCreate)
    pvPortMalloc                             0x0800c029   Thumb Code   224  heap_4.o(i.pvPortMalloc)
    pxPortInitialiseStack                    0x0800c111   Thumb Code    38  port.o(i.pxPortInitialiseStack)
    remote_control_init                      0x0800c13d   Thumb Code    24  remote_control.o(i.remote_control_init)
    sqrtf                                    0x0800c237   Thumb Code    62  sqrtf.o(i.sqrtf)
    ulTaskNotifyTake                         0x0800c275   Thumb Code    96  tasks.o(i.ulTaskNotifyTake)
    uxListRemove                             0x0800c2dd   Thumb Code    38  list.o(i.uxListRemove)
    vApplicationGetIdleTaskMemory            0x0800c305   Thumb Code    14  freertos.o(i.vApplicationGetIdleTaskMemory)
    vApplicationGetTimerTaskMemory           0x0800c31d   Thumb Code    16  freertos.o(i.vApplicationGetTimerTaskMemory)
    vListInitialise                          0x0800c335   Thumb Code    22  list.o(i.vListInitialise)
    vListInitialiseItem                      0x0800c34b   Thumb Code     6  list.o(i.vListInitialiseItem)
    vListInsert                              0x0800c351   Thumb Code    54  list.o(i.vListInsert)
    vListInsertEnd                           0x0800c387   Thumb Code    24  list.o(i.vListInsertEnd)
    vPortEnterCritical                       0x0800c3a1   Thumb Code    54  port.o(i.vPortEnterCritical)
    vPortExitCritical                        0x0800c3e1   Thumb Code    38  port.o(i.vPortExitCritical)
    vPortFree                                0x0800c40d   Thumb Code    94  heap_4.o(i.vPortFree)
    vPortSetupTimerInterrupt                 0x0800c471   Thumb Code    32  port.o(i.vPortSetupTimerInterrupt)
    vPortValidateInterruptPriority           0x0800c495   Thumb Code    74  port.o(i.vPortValidateInterruptPriority)
    vQueueAddToRegistry                      0x0800c4e9   Thumb Code    34  queue.o(i.vQueueAddToRegistry)
    vQueueWaitForMessageRestricted           0x0800c511   Thumb Code    74  queue.o(i.vQueueWaitForMessageRestricted)
    vTaskDelay                               0x0800c55d   Thumb Code    70  tasks.o(i.vTaskDelay)
    vTaskInternalSetTimeOutState             0x0800c5ad   Thumb Code    12  tasks.o(i.vTaskInternalSetTimeOutState)
    vTaskMissedYield                         0x0800c5bd   Thumb Code     8  tasks.o(i.vTaskMissedYield)
    vTaskPlaceOnEventList                    0x0800c5c9   Thumb Code    48  tasks.o(i.vTaskPlaceOnEventList)
    vTaskPlaceOnEventListRestricted          0x0800c5fd   Thumb Code    54  tasks.o(i.vTaskPlaceOnEventListRestricted)
    vTaskStartScheduler                      0x0800c639   Thumb Code   128  tasks.o(i.vTaskStartScheduler)
    vTaskSuspendAll                          0x0800c6c9   Thumb Code    10  tasks.o(i.vTaskSuspendAll)
    vTaskSwitchContext                       0x0800c6d9   Thumb Code    86  tasks.o(i.vTaskSwitchContext)
    xPortStartScheduler                      0x0800c739   Thumb Code   232  port.o(i.xPortStartScheduler)
    xQueueGenericCreateStatic                0x0800c83d   Thumb Code   112  queue.o(i.xQueueGenericCreateStatic)
    xQueueGenericReset                       0x0800c8ad   Thumb Code   138  queue.o(i.xQueueGenericReset)
    xQueueGenericSend                        0x0800c93d   Thumb Code   362  queue.o(i.xQueueGenericSend)
    xQueueGenericSendFromISR                 0x0800caad   Thumb Code   190  queue.o(i.xQueueGenericSendFromISR)
    xQueueReceive                            0x0800cb6d   Thumb Code   322  queue.o(i.xQueueReceive)
    xTaskCheckForTimeOut                     0x0800ccb5   Thumb Code   148  tasks.o(i.xTaskCheckForTimeOut)
    xTaskCreate                              0x0800cd4d   Thumb Code   108  tasks.o(i.xTaskCreate)
    xTaskCreateStatic                        0x0800cdb9   Thumb Code    96  tasks.o(i.xTaskCreateStatic)
    xTaskGetSchedulerState                   0x0800ce19   Thumb Code    24  tasks.o(i.xTaskGetSchedulerState)
    xTaskGetTickCount                        0x0800ce35   Thumb Code     6  tasks.o(i.xTaskGetTickCount)
    xTaskIncrementTick                       0x0800ce41   Thumb Code   202  tasks.o(i.xTaskIncrementTick)
    xTaskPriorityDisinherit                  0x0800cf15   Thumb Code   146  tasks.o(i.xTaskPriorityDisinherit)
    xTaskRemoveFromEventList                 0x0800cfb1   Thumb Code   108  tasks.o(i.xTaskRemoveFromEventList)
    xTaskResumeAll                           0x0800d029   Thumb Code   190  tasks.o(i.xTaskResumeAll)
    xTimerCreateTimerTask                    0x0800d0f5   Thumb Code    86  timers.o(i.xTimerCreateTimerTask)
    xTimerGenericCommand                     0x0800d15d   Thumb Code   112  timers.o(i.xTimerGenericCommand)
    _fp_init                                 0x0800d1d1   Thumb Code    10  fpinit.o(x$fpl$fpinit)
    __fplib_config_fpu_vfp                   0x0800d1d9   Thumb Code     0  fpinit.o(x$fpl$fpinit)
    __fplib_config_pureend_doubles           0x0800d1d9   Thumb Code     0  fpinit.o(x$fpl$fpinit)
    __I$use$fp                               0x0800d1da   Number         0  usenofp.o(x$fpl$usenofp)
    AHBPrescTable                            0x0800d270   Data          16  system_stm32f4xx.o(.constdata)
    APBPrescTable                            0x0800d280   Data           8  system_stm32f4xx.o(.constdata)
    xb                                       0x0800d288   Data          12  ins_task.o(.constdata)
    yb                                       0x0800d294   Data          12  ins_task.o(.constdata)
    zb                                       0x0800d2a0   Data          12  ins_task.o(.constdata)
    IMU_QuaternionEKF_F                      0x0800d2d0   Data         144  quaternionekf.o(.constdata)
    sinTable_f32                             0x0800d390   Data        2052  arm_common_tables.o(.rodata.sinTable_f32)
    Region$$Table$$Base                      0x0800db94   Number         0  anon$$obj.o(Region$$Table)
    Region$$Table$$Limit                     0x0800dbb4   Number         0  anon$$obj.o(Region$$Table)
    defaultTaskHandle                        0x20000000   Data           4  freertos.o(.data)
    INS_TaskHandle                           0x20000004   Data           4  freertos.o(.data)
    ChassisHandle                            0x20000008   Data           4  freertos.o(.data)
    GimbalHandle                             0x2000000c   Data           4  freertos.o(.data)
    ShootHandle                              0x20000010   Data           4  freertos.o(.data)
    uwTick                                   0x20000018   Data           4  stm32f4xx_hal.o(.data)
    uwTickPrio                               0x2000001c   Data           4  stm32f4xx_hal.o(.data)
    uwTickFreq                               0x20000020   Data           1  stm32f4xx_hal.o(.data)
    SystemCoreClock                          0x20000024   Data           4  system_stm32f4xx.o(.data)
    ChassisMode                              0x20000028   Data           1  all_task.o(.data)
    INS_Total                                0x20000038   Data           4  all_task.o(.data)
    GimbalMode                               0x2000003c   Data           1  all_task.o(.data)
    pitch_output                             0x2000003e   Data           2  all_task.o(.data)
    pitch_angle_output                       0x20000040   Data           2  all_task.o(.data)
    pitch_GravityCompensation                0x20000042   Data           2  all_task.o(.data)
    yaw_angle_output                         0x20000044   Data           2  all_task.o(.data)
    yaw_output                               0x20000046   Data           2  all_task.o(.data)
    set_pitch                                0x20000048   Data           2  all_task.o(.data)
    set_yaw                                  0x2000004a   Data           2  all_task.o(.data)
    UP_TRIGGER_SPEED                         0x2000004c   Data           2  all_task.o(.data)
    INS_DWT_Count                            0x20000050   Data           4  ins_task.o(.data)
    ins_debug_mode                           0x2000005c   Data           1  ins_task.o(.data)
    RefTemp                                  0x20000060   Data           4  ins_task.o(.data)
    hipnuc_imu_taskHandle                    0x20000098   Data           4  hipnuc_imu_task.o(.data)
    set_currentMA                            0x200000a4   Data           2  chassis_control.o(.data)
    set_currentMB                            0x200000a6   Data           2  chassis_control.o(.data)
    set_currentMC                            0x200000a8   Data           2  chassis_control.o(.data)
    set_currentMD                            0x200000aa   Data           2  chassis_control.o(.data)
    Compensation_Factor                      0x200000ac   Data           4  gimbalcontrol.o(.data)
    Pitch_cos                                0x200000b0   Data           4  gimbalcontrol.o(.data)
    Pitch_sin                                0x200000b4   Data           4  gimbalcontrol.o(.data)
    RC                                       0x200000c0   Data           4  remote_control.o(.data)
    shoot_mode_message                       0x200000c8   Data           8  shoot_control.o(.data)
    setCurrent_Low                           0x200000d0   Data           2  shoot_control.o(.data)
    setCurrent_Left                          0x200000d2   Data           2  shoot_control.o(.data)
    setCurrent_Right                         0x200000d4   Data           2  shoot_control.o(.data)
    CAN2_RX                                  0x200000ee   Data           8  can_receive.o(.data)
    Stop_Signal                              0x20000100   Data           4  m2006_driver.o(.data)
    BMI088_ACCEL_SEN                         0x20000114   Data           4  bmi088driver.o(.data)
    BMI088_GYRO_SEN                          0x20000118   Data           4  bmi088driver.o(.data)
    gNormDiff                                0x20000120   Data           4  bmi088driver.o(.data)
    caliOffset                               0x20000124   Data           1  bmi088driver.o(.data)
    caliCount                                0x20000126   Data           2  bmi088driver.o(.data)
    BMI088_SPI                               0x2000015c   Data           4  bmi088middleware.o(.data)
    SysTime                                  0x20000160   Data           8  bsp_dwt.o(.data)
    CYCCNT64                                 0x20000180   Data           8  bsp_dwt.o(.data)
    sizeof_float                             0x20000410   Data           2  kalman_filter.o(.data)
    sizeof_double                            0x20000412   Data           2  kalman_filter.o(.data)
    IMU_QuaternionEKF_P                      0x20000414   Data         144  quaternionekf.o(.data)
    GlobalDebugMode                          0x200004e8   Data           1  user_lib.o(.data)
    pxCurrentTCB                             0x20000500   Data           4  tasks.o(.data)
    hcan1                                    0x20000c24   Data          40  can.o(.bss)
    hcan2                                    0x20000c4c   Data          40  can.o(.bss)
    hi2c3                                    0x20000c74   Data          84  i2c.o(.bss)
    hdma_i2c3_rx                             0x20000cc8   Data          96  i2c.o(.bss)
    hdma_i2c3_tx                             0x20000d28   Data          96  i2c.o(.bss)
    hspi1                                    0x20000d88   Data          88  spi.o(.bss)
    hdma_spi1_rx                             0x20000de0   Data          96  spi.o(.bss)
    hdma_spi1_tx                             0x20000e40   Data          96  spi.o(.bss)
    htim10                                   0x20000ea0   Data          72  tim.o(.bss)
    huart1                                   0x20000ee8   Data          68  usart.o(.bss)
    huart3                                   0x20000f2c   Data          68  usart.o(.bss)
    hdma_usart1_rx                           0x20000f70   Data          96  usart.o(.bss)
    hdma_usart3_rx                           0x20000fd0   Data          96  usart.o(.bss)
    htim2                                    0x20001030   Data          72  stm32f4xx_hal_timebase_tim.o(.bss)
    INS                                      0x20001078   Data         124  ins_task.o(.bss)
    IMU_Param                                0x200010f4   Data          28  ins_task.o(.bss)
    TempCtrl                                 0x20001110   Data         170  ins_task.o(.bss)
    chassis_hipnuc_imu                       0x200011bc   Data         500  hipnuc_imu_task.o(.bss)
    Wheel_M3508Handle                        0x200013b0   Data         640  chassis_control.o(.bss)
    chassis_vectors                          0x20001630   Data          12  chassis_control.o(.bss)
    Chassis_Angle_PID                        0x2000163c   Data          76  chassis_control.o(.bss)
    Chassis_Speed_PID                        0x20001688   Data          76  chassis_control.o(.bss)
    Yaw_Gimbal_Motor                         0x200016d4   Data         236  gimbalcontrol.o(.bss)
    Pitch_Gimbal_Motor                       0x200017c0   Data         236  gimbalcontrol.o(.bss)
    rc_ctrl                                  0x200018ac   Data          22  remote_control.o(.bss)
    up_trigger_motor                         0x2000190c   Data         256  shoot_control.o(.bss)
    FrictionWheel_motorHandle                0x20001a0c   Data         320  shoot_control.o(.bss)
    gyroDiff                                 0x20001c08   Data          12  bmi088driver.o(.bss)
    BMI088                                   0x20001c14   Data          52  bmi088driver.o(.bss)
    QEKF_INS                                 0x20001c48   Data         480  quaternionekf.o(.bss)
    IMU_QuaternionEKF_K                      0x20001e28   Data          72  quaternionekf.o(.bss)
    IMU_QuaternionEKF_H                      0x20001e70   Data          72  quaternionekf.o(.bss)
    xQueueRegistry                           0x20001eb8   Data          64  queue.o(.bss)
    __libspace_start                         0x200080d0   Data          96  libspace.o(.bss)
    __temporary_stack_top$libspace           0x20008130   Data           0  libspace.o(.bss)



==============================================================================

Memory Map of the image

  Image Entry point : 0x08000189

  Load Region LR_IROM1 (Base: 0x08000000, Size: 0x0000e130, Max: 0x00080000, ABSOLUTE, COMPRESSED[0x0000dc74])

    Execution Region ER_IROM1 (Exec base: 0x08000000, Load base: 0x08000000, Size: 0x0000dbb4, Max: 0x00080000, ABSOLUTE)

    Exec Addr    Load Addr    Size         Type   Attr      Idx    E Section Name        Object

    0x08000000   0x08000000   0x00000188   Data   RO            3    RESET               startup_stm32f407xx.o
    0x08000188   0x08000188   0x00000008   Code   RO         8023  * !!!main             c_w.l(__main.o)
    0x08000190   0x08000190   0x00000034   Code   RO         8416    !!!scatter          c_w.l(__scatter.o)
    0x080001c4   0x080001c4   0x0000005a   Code   RO         8414    !!dczerorl2         c_w.l(__dczerorl2.o)
    0x0800021e   0x0800021e   0x00000002   PAD
    0x08000220   0x08000220   0x0000001c   Code   RO         8418    !!handler_zi        c_w.l(__scatter_zi.o)
    0x0800023c   0x0800023c   0x00000002   Code   RO         8351    .ARM.Collect$$libinit$$00000000  c_w.l(libinit.o)
    0x0800023e   0x0800023e   0x00000004   Code   RO         8156    .ARM.Collect$$libinit$$00000001  c_w.l(libinit2.o)
    0x08000242   0x08000242   0x00000000   Code   RO         8159    .ARM.Collect$$libinit$$00000004  c_w.l(libinit2.o)
    0x08000242   0x08000242   0x00000008   Code   RO         8160    .ARM.Collect$$libinit$$00000005  c_w.l(libinit2.o)
    0x0800024a   0x0800024a   0x00000000   Code   RO         8162    .ARM.Collect$$libinit$$0000000A  c_w.l(libinit2.o)
    0x0800024a   0x0800024a   0x00000000   Code   RO         8164    .ARM.Collect$$libinit$$0000000C  c_w.l(libinit2.o)
    0x0800024a   0x0800024a   0x00000000   Code   RO         8166    .ARM.Collect$$libinit$$0000000E  c_w.l(libinit2.o)
    0x0800024a   0x0800024a   0x00000000   Code   RO         8169    .ARM.Collect$$libinit$$00000011  c_w.l(libinit2.o)
    0x0800024a   0x0800024a   0x00000000   Code   RO         8171    .ARM.Collect$$libinit$$00000013  c_w.l(libinit2.o)
    0x0800024a   0x0800024a   0x00000000   Code   RO         8173    .ARM.Collect$$libinit$$00000015  c_w.l(libinit2.o)
    0x0800024a   0x0800024a   0x00000000   Code   RO         8175    .ARM.Collect$$libinit$$00000017  c_w.l(libinit2.o)
    0x0800024a   0x0800024a   0x00000000   Code   RO         8177    .ARM.Collect$$libinit$$00000019  c_w.l(libinit2.o)
    0x0800024a   0x0800024a   0x00000000   Code   RO         8179    .ARM.Collect$$libinit$$0000001B  c_w.l(libinit2.o)
    0x0800024a   0x0800024a   0x00000000   Code   RO         8181    .ARM.Collect$$libinit$$0000001D  c_w.l(libinit2.o)
    0x0800024a   0x0800024a   0x00000000   Code   RO         8183    .ARM.Collect$$libinit$$0000001F  c_w.l(libinit2.o)
    0x0800024a   0x0800024a   0x00000000   Code   RO         8185    .ARM.Collect$$libinit$$00000021  c_w.l(libinit2.o)
    0x0800024a   0x0800024a   0x00000000   Code   RO         8187    .ARM.Collect$$libinit$$00000023  c_w.l(libinit2.o)
    0x0800024a   0x0800024a   0x00000000   Code   RO         8189    .ARM.Collect$$libinit$$00000025  c_w.l(libinit2.o)
    0x0800024a   0x0800024a   0x00000000   Code   RO         8193    .ARM.Collect$$libinit$$0000002C  c_w.l(libinit2.o)
    0x0800024a   0x0800024a   0x00000000   Code   RO         8195    .ARM.Collect$$libinit$$0000002E  c_w.l(libinit2.o)
    0x0800024a   0x0800024a   0x00000000   Code   RO         8197    .ARM.Collect$$libinit$$00000030  c_w.l(libinit2.o)
    0x0800024a   0x0800024a   0x00000000   Code   RO         8199    .ARM.Collect$$libinit$$00000032  c_w.l(libinit2.o)
    0x0800024a   0x0800024a   0x00000002   Code   RO         8200    .ARM.Collect$$libinit$$00000033  c_w.l(libinit2.o)
    0x0800024c   0x0800024c   0x00000002   Code   RO         8411    .ARM.Collect$$libshutdown$$00000000  c_w.l(libshutdown.o)
    0x0800024e   0x0800024e   0x00000000   Code   RO         8367    .ARM.Collect$$libshutdown$$00000002  c_w.l(libshutdown2.o)
    0x0800024e   0x0800024e   0x00000000   Code   RO         8369    .ARM.Collect$$libshutdown$$00000004  c_w.l(libshutdown2.o)
    0x0800024e   0x0800024e   0x00000000   Code   RO         8371    .ARM.Collect$$libshutdown$$00000006  c_w.l(libshutdown2.o)
    0x0800024e   0x0800024e   0x00000000   Code   RO         8374    .ARM.Collect$$libshutdown$$00000009  c_w.l(libshutdown2.o)
    0x0800024e   0x0800024e   0x00000000   Code   RO         8377    .ARM.Collect$$libshutdown$$0000000C  c_w.l(libshutdown2.o)
    0x0800024e   0x0800024e   0x00000000   Code   RO         8379    .ARM.Collect$$libshutdown$$0000000E  c_w.l(libshutdown2.o)
    0x0800024e   0x0800024e   0x00000000   Code   RO         8382    .ARM.Collect$$libshutdown$$00000011  c_w.l(libshutdown2.o)
    0x0800024e   0x0800024e   0x00000002   Code   RO         8383    .ARM.Collect$$libshutdown$$00000012  c_w.l(libshutdown2.o)
    0x08000250   0x08000250   0x00000000   Code   RO         8105    .ARM.Collect$$rtentry$$00000000  c_w.l(__rtentry.o)
    0x08000250   0x08000250   0x00000000   Code   RO         8236    .ARM.Collect$$rtentry$$00000002  c_w.l(__rtentry2.o)
    0x08000250   0x08000250   0x00000006   Code   RO         8248    .ARM.Collect$$rtentry$$00000004  c_w.l(__rtentry4.o)
    0x08000256   0x08000256   0x00000000   Code   RO         8238    .ARM.Collect$$rtentry$$00000009  c_w.l(__rtentry2.o)
    0x08000256   0x08000256   0x00000004   Code   RO         8239    .ARM.Collect$$rtentry$$0000000A  c_w.l(__rtentry2.o)
    0x0800025a   0x0800025a   0x00000000   Code   RO         8241    .ARM.Collect$$rtentry$$0000000C  c_w.l(__rtentry2.o)
    0x0800025a   0x0800025a   0x00000008   Code   RO         8242    .ARM.Collect$$rtentry$$0000000D  c_w.l(__rtentry2.o)
    0x08000262   0x08000262   0x00000002   Code   RO         8354    .ARM.Collect$$rtexit$$00000000  c_w.l(rtexit.o)
    0x08000264   0x08000264   0x00000000   Code   RO         8387    .ARM.Collect$$rtexit$$00000002  c_w.l(rtexit2.o)
    0x08000264   0x08000264   0x00000004   Code   RO         8388    .ARM.Collect$$rtexit$$00000003  c_w.l(rtexit2.o)
    0x08000268   0x08000268   0x00000006   Code   RO         8389    .ARM.Collect$$rtexit$$00000004  c_w.l(rtexit2.o)
    0x0800026e   0x0800026e   0x00000002   PAD
    0x08000270   0x08000270   0x000000be   Code   RO         7646    .emb_text           port.o
    0x0800032e   0x0800032e   0x00000002   PAD
    0x08000330   0x08000330   0x00000000   Code   RO         8264    .emb_text           c_w.l(maybetermalloc1.o)
    0x08000330   0x08000330   0x00000040   Code   RO            4    .text               startup_stm32f407xx.o
    0x08000370   0x08000370   0x0000005e   Code   RO         7918    .text               c_w.l(h1_alloc.o)
    0x080003ce   0x080003ce   0x000000ee   Code   RO         7972    .text               c_w.l(lludivv7m.o)
    0x080004bc   0x080004bc   0x0000008a   Code   RO         8009    .text               c_w.l(rt_memcpy_v6.o)
    0x08000546   0x08000546   0x00000064   Code   RO         8011    .text               c_w.l(rt_memcpy_w.o)
    0x080005aa   0x080005aa   0x00000010   Code   RO         8015    .text               c_w.l(aeabi_memset.o)
    0x080005ba   0x080005ba   0x00000044   Code   RO         8017    .text               c_w.l(rt_memclr.o)
    0x080005fe   0x080005fe   0x0000004e   Code   RO         8019    .text               c_w.l(rt_memclr_w.o)
    0x0800064c   0x0800064c   0x00000006   Code   RO         8021    .text               c_w.l(heapauxi.o)
    0x08000652   0x08000652   0x00000002   PAD
    0x08000654   0x08000654   0x00000008   Code   RO         8113    .text               c_w.l(rt_heap_descriptor_intlibspace.o)
    0x0800065c   0x0800065c   0x00000004   Code   RO         8115    .text               c_w.l(hguard.o)
    0x08000660   0x08000660   0x0000008a   Code   RO         8117    .text               c_w.l(init_alloc.o)
    0x080006ea   0x080006ea   0x0000000e   Code   RO         8123    .text               c_w.l(h1_init.o)
    0x080006f8   0x080006f8   0x0000004e   Code   RO         8125    .text               c_w.l(h1_free.o)
    0x08000746   0x08000746   0x00000016   Code   RO         8141    .text               c_w.l(_rserrno.o)
    0x0800075c   0x0800075c   0x00000008   Code   RO         8232    .text               c_w.l(libspace.o)
    0x08000764   0x08000764   0x00000008   Code   RO         8260    .text               c_w.l(rt_errno_addr_intlibspace.o)
    0x0800076c   0x0800076c   0x00000034   Code   RO         8266    .text               c_w.l(h1_extend.o)
    0x080007a0   0x080007a0   0x0000000e   Code   RO         8304    .text               c_w.l(defsig_rtmem_outer.o)
    0x080007ae   0x080007ae   0x00000002   Code   RO         8321    .text               c_w.l(use_no_semi.o)
    0x080007b0   0x080007b0   0x00000000   Code   RO         8323    .text               c_w.l(indicate_semi.o)
    0x080007b0   0x080007b0   0x0000004a   Code   RO         8324    .text               c_w.l(sys_stackheap_outer.o)
    0x080007fa   0x080007fa   0x00000012   Code   RO         8330    .text               c_w.l(exit.o)
    0x0800080c   0x0800080c   0x0000000a   Code   RO         8332    .text               c_w.l(defsig_exit.o)
    0x08000816   0x08000816   0x00000002   PAD
    0x08000818   0x08000818   0x00000050   Code   RO         8338    .text               c_w.l(defsig_rtmem_inner.o)
    0x08000868   0x08000868   0x0000000c   Code   RO         8352    .text               c_w.l(sys_exit.o)
    0x08000874   0x08000874   0x00000032   Code   RO         8362    .text               c_w.l(defsig_general.o)
    0x080008a6   0x080008a6   0x0000000e   Code   RO         8384    .text               c_w.l(sys_wrch.o)
    0x080008b4   0x080008b4   0x00000098   Code   RO         7724    .text.arm_cos_f32   arm_cortexM4lf_math.lib(arm_cos_f32.o)
    0x0800094c   0x0800094c   0x000000ba   Code   RO         7742    .text.arm_mat_add_f32  arm_cortexM4lf_math.lib(arm_mat_add_f32.o)
    0x08000a06   0x08000a06   0x00000008   Code   RO         7751    .text.arm_mat_init_f32  arm_cortexM4lf_math.lib(arm_mat_init_f32.o)
    0x08000a0e   0x08000a0e   0x00000002   PAD
    0x08000a10   0x08000a10   0x000002f4   Code   RO         7759    .text.arm_mat_inverse_f32  arm_cortexM4lf_math.lib(arm_mat_inverse_f32.o)
    0x08000d04   0x08000d04   0x00000128   Code   RO         7768    .text.arm_mat_mult_f32  arm_cortexM4lf_math.lib(arm_mat_mult_f32.o)
    0x08000e2c   0x08000e2c   0x000000ba   Code   RO         7777    .text.arm_mat_sub_f32  arm_cortexM4lf_math.lib(arm_mat_sub_f32.o)
    0x08000ee6   0x08000ee6   0x00000002   PAD
    0x08000ee8   0x08000ee8   0x000000a2   Code   RO         7786    .text.arm_mat_trans_f32  arm_cortexM4lf_math.lib(arm_mat_trans_f32.o)
    0x08000f8a   0x08000f8a   0x00000002   PAD
    0x08000f8c   0x08000f8c   0x00000090   Code   RO         7733    .text.arm_sin_f32   arm_cortexM4lf_math.lib(arm_sin_f32.o)
    0x0800101c   0x0800101c   0x00000014   Code   RO         5619    i.BMI088_ACCEL_NS_H  bmi088middleware.o
    0x08001030   0x08001030   0x00000014   Code   RO         5620    i.BMI088_ACCEL_NS_L  bmi088middleware.o
    0x08001044   0x08001044   0x00000014   Code   RO         5621    i.BMI088_GYRO_NS_H  bmi088middleware.o
    0x08001058   0x08001058   0x00000014   Code   RO         5622    i.BMI088_GYRO_NS_L  bmi088middleware.o
    0x0800106c   0x0800106c   0x0000027c   Code   RO         5534    i.BMI088_Read       bmi088driver.o
    0x080012e8   0x080012e8   0x00000098   Code   RO         5535    i.BMI088_init       bmi088driver.o
    0x08001380   0x08001380   0x00000026   Code   RO         5536    i.BMI088_read_muli_reg  bmi088driver.o
    0x080013a6   0x080013a6   0x00000018   Code   RO         5537    i.BMI088_read_single_reg  bmi088driver.o
    0x080013be   0x080013be   0x00000002   PAD
    0x080013c0   0x080013c0   0x00000024   Code   RO         5623    i.BMI088_read_write_byte  bmi088middleware.o
    0x080013e4   0x080013e4   0x00000014   Code   RO         5538    i.BMI088_write_single_reg  bmi088driver.o
    0x080013f8   0x080013f8   0x0000015a   Code   RO         4560    i.BodyFrameToEarthFrame  ins_task.o
    0x08001552   0x08001552   0x00000004   Code   RO          682    i.BusFault_Handler  stm32f4xx_it.o
    0x08001556   0x08001556   0x00000002   PAD
    0x08001558   0x08001558   0x00000010   Code   RO          683    i.CAN1_RX0_IRQHandler  stm32f4xx_it.o
    0x08001568   0x08001568   0x00000010   Code   RO          684    i.CAN2_RX1_IRQHandler  stm32f4xx_it.o
    0x08001578   0x08001578   0x00000050   Code   RO         5062    i.CAN_cmd_chassis   can_receive.o
    0x080015c8   0x080015c8   0x0000004c   Code   RO         5064    i.CAN_cmd_gimbal    can_receive.o
    0x08001614   0x08001614   0x00000050   Code   RO         5065    i.CAN_cmd_gimbal_Frie  can_receive.o
    0x08001664   0x08001664   0x00000540   Code   RO         5539    i.Calibrate_MPU_Offset  bmi088driver.o
    0x08001ba4   0x08001ba4   0x000000c8   Code   RO         4718    i.ChassisGyro_Task  chassis_control.o
    0x08001c6c   0x08001c6c   0x00000084   Code   RO         4719    i.ChassisPositionControl_Task  chassis_control.o
    0x08001cf0   0x08001cf0   0x000000ac   Code   RO         4721    i.Chassis_Init      chassis_control.o
    0x08001d9c   0x08001d9c   0x000001dc   Code   RO         4476    i.Chassis_Task      all_task.o
    0x08001f78   0x08001f78   0x0000019c   Code   RO         4722    i.Chassis_WheatWheel_Solution  chassis_control.o
    0x08002114   0x08002114   0x00000010   Code   RO          685    i.DMA1_Stream1_IRQHandler  stm32f4xx_it.o
    0x08002124   0x08002124   0x00000010   Code   RO          686    i.DMA1_Stream2_IRQHandler  stm32f4xx_it.o
    0x08002134   0x08002134   0x00000010   Code   RO          687    i.DMA1_Stream4_IRQHandler  stm32f4xx_it.o
    0x08002144   0x08002144   0x00000010   Code   RO          688    i.DMA2_Stream0_IRQHandler  stm32f4xx_it.o
    0x08002154   0x08002154   0x00000010   Code   RO          689    i.DMA2_Stream2_IRQHandler  stm32f4xx_it.o
    0x08002164   0x08002164   0x00000010   Code   RO          690    i.DMA2_Stream3_IRQHandler  stm32f4xx_it.o
    0x08002174   0x08002174   0x00000034   Code   RO         2582    i.DMA_CalcBaseAndBitshift  stm32f4xx_hal_dma.o
    0x080021a8   0x080021a8   0x000000aa   Code   RO         2583    i.DMA_CheckFifoParam  stm32f4xx_hal_dma.o
    0x08002252   0x08002252   0x0000002c   Code   RO         2584    i.DMA_SetConfig     stm32f4xx_hal_dma.o
    0x0800227e   0x0800227e   0x00000002   PAD
    0x08002280   0x08002280   0x00000030   Code   RO         5673    i.DWT_CNT_Update    bsp_dwt.o
    0x080022b0   0x080022b0   0x0000003c   Code   RO         5674    i.DWT_Delay         bsp_dwt.o
    0x080022ec   0x080022ec   0x0000004c   Code   RO         5675    i.DWT_GetDeltaT     bsp_dwt.o
    0x08002338   0x08002338   0x00000054   Code   RO         5678    i.DWT_GetTimeline_s  bsp_dwt.o
    0x0800238c   0x0800238c   0x00000068   Code   RO         5680    i.DWT_Init          bsp_dwt.o
    0x080023f4   0x080023f4   0x000000d0   Code   RO         5681    i.DWT_SysTimeUpdate  bsp_dwt.o
    0x080024c4   0x080024c4   0x00000002   Code   RO          691    i.DebugMon_Handler  stm32f4xx_it.o
    0x080024c6   0x080024c6   0x0000015a   Code   RO         4561    i.EarthFrameToBodyFrame  ins_task.o
    0x08002620   0x08002620   0x00000006   Code   RO           13    i.Error_Handler     main.o
    0x08002626   0x08002626   0x00000002   PAD
    0x08002628   0x08002628   0x00000050   Code   RO         4774    i.Gimbal_Init       gimbalcontrol.o
    0x08002678   0x08002678   0x000001c0   Code   RO         4477    i.Gimbal_Task       all_task.o
    0x08002838   0x08002838   0x0000002a   Code   RO         1845    i.HAL_CAN_ActivateNotification  stm32f4xx_hal_can.o
    0x08002862   0x08002862   0x00000156   Code   RO         1846    i.HAL_CAN_AddTxMessage  stm32f4xx_hal_can.o
    0x080029b8   0x080029b8   0x00000124   Code   RO         1847    i.HAL_CAN_ConfigFilter  stm32f4xx_hal_can.o
    0x08002adc   0x08002adc   0x00000002   Code   RO         1850    i.HAL_CAN_ErrorCallback  stm32f4xx_hal_can.o
    0x08002ade   0x08002ade   0x0000017a   Code   RO         1853    i.HAL_CAN_GetRxMessage  stm32f4xx_hal_can.o
    0x08002c58   0x08002c58   0x0000024e   Code   RO         1857    i.HAL_CAN_IRQHandler  stm32f4xx_hal_can.o
    0x08002ea6   0x08002ea6   0x00000174   Code   RO         1858    i.HAL_CAN_Init      stm32f4xx_hal_can.o
    0x0800301a   0x0800301a   0x00000002   PAD
    0x0800301c   0x0800301c   0x00000160   Code   RO          430    i.HAL_CAN_MspInit   can.o
    0x0800317c   0x0800317c   0x00000002   Code   RO         1865    i.HAL_CAN_RxFifo0FullCallback  stm32f4xx_hal_can.o
    0x0800317e   0x0800317e   0x00000002   PAD
    0x08003180   0x08003180   0x000000fc   Code   RO         5067    i.HAL_CAN_RxFifo0MsgPendingCallback  can_receive.o
    0x0800327c   0x0800327c   0x00000002   Code   RO         1867    i.HAL_CAN_RxFifo1FullCallback  stm32f4xx_hal_can.o
    0x0800327e   0x0800327e   0x00000002   PAD
    0x08003280   0x08003280   0x000000f4   Code   RO         5068    i.HAL_CAN_RxFifo1MsgPendingCallback  can_receive.o
    0x08003374   0x08003374   0x00000002   Code   RO         1869    i.HAL_CAN_SleepCallback  stm32f4xx_hal_can.o
    0x08003376   0x08003376   0x0000005e   Code   RO         1870    i.HAL_CAN_Start     stm32f4xx_hal_can.o
    0x080033d4   0x080033d4   0x00000002   Code   RO         1872    i.HAL_CAN_TxMailbox0AbortCallback  stm32f4xx_hal_can.o
    0x080033d6   0x080033d6   0x00000002   Code   RO         1873    i.HAL_CAN_TxMailbox0CompleteCallback  stm32f4xx_hal_can.o
    0x080033d8   0x080033d8   0x00000002   Code   RO         1874    i.HAL_CAN_TxMailbox1AbortCallback  stm32f4xx_hal_can.o
    0x080033da   0x080033da   0x00000002   Code   RO         1875    i.HAL_CAN_TxMailbox1CompleteCallback  stm32f4xx_hal_can.o
    0x080033dc   0x080033dc   0x00000002   Code   RO         1876    i.HAL_CAN_TxMailbox2AbortCallback  stm32f4xx_hal_can.o
    0x080033de   0x080033de   0x00000002   Code   RO         1877    i.HAL_CAN_TxMailbox2CompleteCallback  stm32f4xx_hal_can.o
    0x080033e0   0x080033e0   0x00000002   Code   RO         1879    i.HAL_CAN_WakeUpFromRxMsgCallback  stm32f4xx_hal_can.o
    0x080033e2   0x080033e2   0x00000002   PAD
    0x080033e4   0x080033e4   0x00000240   Code   RO         2590    i.HAL_DMA_IRQHandler  stm32f4xx_hal_dma.o
    0x08003624   0x08003624   0x000000ec   Code   RO         2591    i.HAL_DMA_Init      stm32f4xx_hal_dma.o
    0x08003710   0x08003710   0x00000092   Code   RO         2595    i.HAL_DMA_Start_IT  stm32f4xx_hal_dma.o
    0x080037a2   0x080037a2   0x00000002   PAD
    0x080037a4   0x080037a4   0x00000028   Code   RO         3009    i.HAL_Delay         stm32f4xx_hal.o
    0x080037cc   0x080037cc   0x000001f4   Code   RO         2478    i.HAL_GPIO_Init     stm32f4xx_hal_gpio.o
    0x080039c0   0x080039c0   0x0000000c   Code   RO         2482    i.HAL_GPIO_WritePin  stm32f4xx_hal_gpio.o
    0x080039cc   0x080039cc   0x0000000c   Code   RO         3015    i.HAL_GetTick       stm32f4xx_hal.o
    0x080039d8   0x080039d8   0x000001d0   Code   RO         3271    i.HAL_I2C_Init      stm32f4xx_hal_i2c.o
    0x08003ba8   0x08003ba8   0x0000015c   Code   RO          503    i.HAL_I2C_MspInit   i2c.o
    0x08003d04   0x08003d04   0x00000018   Code   RO         3021    i.HAL_IncTick       stm32f4xx_hal.o
    0x08003d1c   0x08003d1c   0x0000003c   Code   RO         3022    i.HAL_Init          stm32f4xx_hal.o
    0x08003d58   0x08003d58   0x00000088   Code   RO          821    i.HAL_InitTick      stm32f4xx_hal_timebase_tim.o
    0x08003de0   0x08003de0   0x00000054   Code   RO          797    i.HAL_MspInit       stm32f4xx_hal_msp.o
    0x08003e34   0x08003e34   0x00000020   Code   RO         2867    i.HAL_NVIC_EnableIRQ  stm32f4xx_hal_cortex.o
    0x08003e54   0x08003e54   0x0000007c   Code   RO         2873    i.HAL_NVIC_SetPriority  stm32f4xx_hal_cortex.o
    0x08003ed0   0x08003ed0   0x00000028   Code   RO         2874    i.HAL_NVIC_SetPriorityGrouping  stm32f4xx_hal_cortex.o
    0x08003ef8   0x08003ef8   0x00000184   Code   RO         2079    i.HAL_RCC_ClockConfig  stm32f4xx_hal_rcc.o
    0x0800407c   0x0800407c   0x00000044   Code   RO         2083    i.HAL_RCC_GetClockConfig  stm32f4xx_hal_rcc.o
    0x080040c0   0x080040c0   0x0000000c   Code   RO         2084    i.HAL_RCC_GetHCLKFreq  stm32f4xx_hal_rcc.o
    0x080040cc   0x080040cc   0x00000020   Code   RO         2086    i.HAL_RCC_GetPCLK1Freq  stm32f4xx_hal_rcc.o
    0x080040ec   0x080040ec   0x00000020   Code   RO         2087    i.HAL_RCC_GetPCLK2Freq  stm32f4xx_hal_rcc.o
    0x0800410c   0x0800410c   0x000000b0   Code   RO         2088    i.HAL_RCC_GetSysClockFreq  stm32f4xx_hal_rcc.o
    0x080041bc   0x080041bc   0x0000049c   Code   RO         2091    i.HAL_RCC_OscConfig  stm32f4xx_hal_rcc.o
    0x08004658   0x08004658   0x000000c8   Code   RO         3761    i.HAL_SPI_Init      stm32f4xx_hal_spi.o
    0x08004720   0x08004720   0x00000158   Code   RO          545    i.HAL_SPI_MspInit   spi.o
    0x08004878   0x08004878   0x0000022a   Code   RO         3770    i.HAL_SPI_TransmitReceive  stm32f4xx_hal_spi.o
    0x08004aa2   0x08004aa2   0x00000002   Code   RO         1577    i.HAL_TIMEx_BreakCallback  stm32f4xx_hal_tim_ex.o
    0x08004aa4   0x08004aa4   0x00000002   Code   RO         1578    i.HAL_TIMEx_CommutCallback  stm32f4xx_hal_tim_ex.o
    0x08004aa6   0x08004aa6   0x00000066   Code   RO          862    i.HAL_TIM_Base_Init  stm32f4xx_hal_tim.o
    0x08004b0c   0x08004b0c   0x00000034   Code   RO          587    i.HAL_TIM_Base_MspInit  tim.o
    0x08004b40   0x08004b40   0x000000a8   Code   RO          867    i.HAL_TIM_Base_Start_IT  stm32f4xx_hal_tim.o
    0x08004be8   0x08004be8   0x00000002   Code   RO          896    i.HAL_TIM_IC_CaptureCallback  stm32f4xx_hal_tim.o
    0x08004bea   0x08004bea   0x00000196   Code   RO          910    i.HAL_TIM_IRQHandler  stm32f4xx_hal_tim.o
    0x08004d80   0x08004d80   0x00000060   Code   RO          588    i.HAL_TIM_MspPostInit  tim.o
    0x08004de0   0x08004de0   0x00000002   Code   RO          913    i.HAL_TIM_OC_DelayElapsedCallback  stm32f4xx_hal_tim.o
    0x08004de2   0x08004de2   0x00000104   Code   RO          934    i.HAL_TIM_PWM_ConfigChannel  stm32f4xx_hal_tim.o
    0x08004ee6   0x08004ee6   0x00000066   Code   RO          937    i.HAL_TIM_PWM_Init  stm32f4xx_hal_tim.o
    0x08004f4c   0x08004f4c   0x00000002   Code   RO          939    i.HAL_TIM_PWM_MspInit  stm32f4xx_hal_tim.o
    0x08004f4e   0x08004f4e   0x00000002   Code   RO          940    i.HAL_TIM_PWM_PulseFinishedCallback  stm32f4xx_hal_tim.o
    0x08004f50   0x08004f50   0x0000010c   Code   RO          942    i.HAL_TIM_PWM_Start  stm32f4xx_hal_tim.o
    0x0800505c   0x0800505c   0x00000012   Code   RO           14    i.HAL_TIM_PeriodElapsedCallback  main.o
    0x0800506e   0x0800506e   0x00000002   Code   RO          953    i.HAL_TIM_TriggerCallback  stm32f4xx_hal_tim.o
    0x08005070   0x08005070   0x00000002   Code   RO         4083    i.HAL_UARTEx_RxEventCallback  stm32f4xx_hal_uart.o
    0x08005072   0x08005072   0x00000002   Code   RO         4097    i.HAL_UART_ErrorCallback  stm32f4xx_hal_uart.o
    0x08005074   0x08005074   0x00000072   Code   RO         4101    i.HAL_UART_Init     stm32f4xx_hal_uart.o
    0x080050e6   0x080050e6   0x00000002   PAD
    0x080050e8   0x080050e8   0x000001f0   Code   RO          635    i.HAL_UART_MspInit  usart.o
    0x080052d8   0x080052d8   0x00000042   Code   RO         4105    i.HAL_UART_Receive_DMA  stm32f4xx_hal_uart.o
    0x0800531a   0x0800531a   0x00000002   Code   RO         4107    i.HAL_UART_RxCpltCallback  stm32f4xx_hal_uart.o
    0x0800531c   0x0800531c   0x00000002   Code   RO         4108    i.HAL_UART_RxHalfCpltCallback  stm32f4xx_hal_uart.o
    0x0800531e   0x0800531e   0x00000002   PAD
    0x08005320   0x08005320   0x00000130   Code   RO         5912    i.H_K_R_Adjustment  kalman_filter.o
    0x08005450   0x08005450   0x00000004   Code   RO          692    i.HardFault_Handler  stm32f4xx_it.o
    0x08005454   0x08005454   0x00000056   Code   RO         5403    i.HiPNUC_DMA_Init   hipnuc_dec.o
    0x080054aa   0x080054aa   0x00000016   Code   RO         5405    i.HiPNUC_Process    hipnuc_dec.o
    0x080054c0   0x080054c0   0x00000374   Code   RO         4563    i.IMU_Param_Correction  ins_task.o
    0x08005834   0x08005834   0x00000238   Code   RO         5998    i.IMU_QuaternionEKF_F_Linearization_P_Fading  quaternionekf.o
    0x08005a6c   0x08005a6c   0x00000130   Code   RO         5999    i.IMU_QuaternionEKF_Init  quaternionekf.o
    0x08005b9c   0x08005b9c   0x00000034   Code   RO         6000    i.IMU_QuaternionEKF_Observe  quaternionekf.o
    0x08005bd0   0x08005bd0   0x00000128   Code   RO         6001    i.IMU_QuaternionEKF_SetH  quaternionekf.o
    0x08005cf8   0x08005cf8   0x00000634   Code   RO         6002    i.IMU_QuaternionEKF_Update  quaternionekf.o
    0x0800632c   0x0800632c   0x00000508   Code   RO         6003    i.IMU_QuaternionEKF_xhatUpdate  quaternionekf.o
    0x08006834   0x08006834   0x00000074   Code   RO         4564    i.IMU_Temperature_Ctrl  ins_task.o
    0x080068a8   0x080068a8   0x000000c4   Code   RO         4565    i.INS_Init          ins_task.o
    0x0800696c   0x0800696c   0x000002a4   Code   RO         4566    i.INS_Task          ins_task.o
    0x08006c10   0x08006c10   0x0000070c   Code   RO         5913    i.Kalman_Filter_Init  kalman_filter.o
    0x0800731c   0x0800731c   0x00000050   Code   RO         5914    i.Kalman_Filter_Measure  kalman_filter.o
    0x0800736c   0x0800736c   0x00000068   Code   RO         5915    i.Kalman_Filter_P_Update  kalman_filter.o
    0x080073d4   0x080073d4   0x00000068   Code   RO         5916    i.Kalman_Filter_PminusUpdate  kalman_filter.o
    0x0800743c   0x0800743c   0x000000d2   Code   RO         5917    i.Kalman_Filter_SetK  kalman_filter.o
    0x0800750e   0x0800750e   0x00000002   PAD
    0x08007510   0x08007510   0x00000128   Code   RO         5918    i.Kalman_Filter_Update  kalman_filter.o
    0x08007638   0x08007638   0x0000007c   Code   RO         5919    i.Kalman_Filter_xhatMinusUpdate  kalman_filter.o
    0x080076b4   0x080076b4   0x00000086   Code   RO         5920    i.Kalman_Filter_xhatUpdate  kalman_filter.o
    0x0800773a   0x0800773a   0x0000001e   Code   RO         5270    i.M2006_GetBasicData  m2006_driver.o
    0x08007758   0x08007758   0x000000e0   Code   RO         5272    i.M2006_Init        m2006_driver.o
    0x08007838   0x08007838   0x00000090   Code   RO         5273    i.M2006_LockedMotorDetertion  m2006_driver.o
    0x080078c8   0x080078c8   0x00000204   Code   RO         5275    i.M2006_SpeedLoopPIDController  m2006_driver.o
    0x08007acc   0x08007acc   0x0000016c   Code   RO         5276    i.M2006_UnlockMotor  m2006_driver.o
    0x08007c38   0x08007c38   0x0000005a   Code   RO         5170    i.M3508_GetBasicData  m3508_driver.o
    0x08007c92   0x08007c92   0x00000002   PAD
    0x08007c94   0x08007c94   0x00000214   Code   RO         5171    i.M3508_Init        m3508_driver.o
    0x08007ea8   0x08007ea8   0x00000204   Code   RO         5172    i.M3508_SpeedLoopPIDController  m3508_driver.o
    0x080080ac   0x080080ac   0x0000002c   Code   RO         5218    i.M6020_GetBasicData  m6020_driver.o
    0x080080d8   0x080080d8   0x000001c4   Code   RO         5219    i.M6020_Init        m6020_driver.o
    0x0800829c   0x0800829c   0x0000022a   Code   RO         5220    i.M6020_PositionLoopPIDController  m6020_driver.o
    0x080084c6   0x080084c6   0x00000204   Code   RO         5221    i.M6020_SpeedLoopPIDController  m6020_driver.o
    0x080086ca   0x080086ca   0x00000002   PAD
    0x080086cc   0x080086cc   0x00000044   Code   RO          431    i.MX_CAN1_Init      can.o
    0x08008710   0x08008710   0x00000044   Code   RO          432    i.MX_CAN2_Init      can.o
    0x08008754   0x08008754   0x000000a8   Code   RO          478    i.MX_DMA_Init       dma.o
    0x080087fc   0x080087fc   0x00000098   Code   RO          345    i.MX_FREERTOS_Init  freertos.o
    0x08008894   0x08008894   0x00000164   Code   RO          319    i.MX_GPIO_Init      gpio.o
    0x080089f8   0x080089f8   0x0000003c   Code   RO          504    i.MX_I2C3_Init      i2c.o
    0x08008a34   0x08008a34   0x00000048   Code   RO          546    i.MX_SPI1_Init      spi.o
    0x08008a7c   0x08008a7c   0x0000006c   Code   RO          589    i.MX_TIM10_Init     tim.o
    0x08008ae8   0x08008ae8   0x00000038   Code   RO          636    i.MX_USART1_UART_Init  usart.o
    0x08008b20   0x08008b20   0x0000003c   Code   RO          637    i.MX_USART3_UART_Init  usart.o
    0x08008b5c   0x08008b5c   0x00000004   Code   RO          693    i.MemManage_Handler  stm32f4xx_it.o
    0x08008b60   0x08008b60   0x00000004   Code   RO          694    i.NMI_Handler       stm32f4xx_it.o
    0x08008b64   0x08008b64   0x0000024c   Code   RO         6068    i.OLS_Derivative    user_lib.o
    0x08008db0   0x08008db0   0x00000058   Code   RO         6069    i.OLS_Init          user_lib.o
    0x08008e08   0x08008e08   0x000002d0   Code   RO         5783    i.PID_Calculate     controller.o
    0x080090d8   0x080090d8   0x000000bc   Code   RO         5784    i.PID_Init          controller.o
    0x08009194   0x08009194   0x000001f0   Code   RO         5485    i.PID_calc          pid.o
    0x08009384   0x08009384   0x00000068   Code   RO         5488    i.PID_init          pid.o
    0x080093ec   0x080093ec   0x000000a4   Code   RO         4776    i.Pitch_Gimbal_Contro_Angle  gimbalcontrol.o
    0x08009490   0x08009490   0x0000008c   Code   RO         4778    i.Pitch_Gimbal_ControlOfIMU  gimbalcontrol.o
    0x0800951c   0x0800951c   0x0000000c   Code   RO         5406    i.R4                hipnuc_dec.o
    0x08009528   0x08009528   0x0000009c   Code   RO         5034    i.RC_init           bsp_rc.o
    0x080095c4   0x080095c4   0x0000006c   Code   RO         3799    i.SPI_EndRxTxTransaction  stm32f4xx_hal_spi.o
    0x08009630   0x08009630   0x000000d8   Code   RO         3804    i.SPI_WaitFlagStateUntilTimeout  stm32f4xx_hal_spi.o
    0x08009708   0x08009708   0x000000c8   Code   RO         4972    i.Shoot_FrictionWheelControl  shoot_control.o
    0x080097d0   0x080097d0   0x00000040   Code   RO         4973    i.Shoot_Init        shoot_control.o
    0x08009810   0x08009810   0x00000084   Code   RO         4478    i.Shoot_Task        all_task.o
    0x08009894   0x08009894   0x0000000a   Code   RO          347    i.StartDefaultTask  freertos.o
    0x0800989e   0x0800989e   0x0000000e   Code   RO          348    i.StartINSTask      freertos.o
    0x080098ac   0x080098ac   0x0000002c   Code   RO         7647    i.SysTick_Handler   port.o
    0x080098d8   0x080098d8   0x000000b4   Code   RO           15    i.SystemClock_Config  main.o
    0x0800998c   0x0800998c   0x00000014   Code   RO         4440    i.SystemInit        system_stm32f4xx.o
    0x080099a0   0x080099a0   0x00000010   Code   RO          695    i.TIM2_IRQHandler   stm32f4xx_it.o
    0x080099b0   0x080099b0   0x000000d8   Code   RO          955    i.TIM_Base_SetConfig  stm32f4xx_hal_tim.o
    0x08009a88   0x08009a88   0x00000022   Code   RO          956    i.TIM_CCxChannelCmd  stm32f4xx_hal_tim.o
    0x08009aaa   0x08009aaa   0x00000002   PAD
    0x08009aac   0x08009aac   0x00000070   Code   RO          968    i.TIM_OC1_SetConfig  stm32f4xx_hal_tim.o
    0x08009b1c   0x08009b1c   0x0000007c   Code   RO          969    i.TIM_OC2_SetConfig  stm32f4xx_hal_tim.o
    0x08009b98   0x08009b98   0x00000078   Code   RO          970    i.TIM_OC3_SetConfig  stm32f4xx_hal_tim.o
    0x08009c10   0x08009c10   0x00000054   Code   RO          971    i.TIM_OC4_SetConfig  stm32f4xx_hal_tim.o
    0x08009c64   0x08009c64   0x0000003a   Code   RO         5750    i.TIM_Set_PWM       bsp_pwm.o
    0x08009c9e   0x08009c9e   0x0000000e   Code   RO         5407    i.U2                hipnuc_dec.o
    0x08009cac   0x08009cac   0x00000050   Code   RO         4115    i.UART_DMAError     stm32f4xx_hal_uart.o
    0x08009cfc   0x08009cfc   0x000000b0   Code   RO         4116    i.UART_DMAReceiveCplt  stm32f4xx_hal_uart.o
    0x08009dac   0x08009dac   0x00000020   Code   RO         4118    i.UART_DMARxHalfCplt  stm32f4xx_hal_uart.o
    0x08009dcc   0x08009dcc   0x0000006c   Code   RO         4124    i.UART_EndRxTransfer  stm32f4xx_hal_uart.o
    0x08009e38   0x08009e38   0x00000026   Code   RO         4126    i.UART_EndTxTransfer  stm32f4xx_hal_uart.o
    0x08009e5e   0x08009e5e   0x00000002   PAD
    0x08009e60   0x08009e60   0x0000022c   Code   RO         4128    i.UART_SetConfig    stm32f4xx_hal_uart.o
    0x0800a08c   0x0800a08c   0x000000d0   Code   RO         4129    i.UART_Start_Receive_DMA  stm32f4xx_hal_uart.o
    0x0800a15c   0x0800a15c   0x00000124   Code   RO         4851    i.USART3_IRQHandler  remote_control.o
    0x0800a280   0x0800a280   0x00000004   Code   RO          696    i.UsageFault_Handler  stm32f4xx_it.o
    0x0800a284   0x0800a284   0x00000050   Code   RO         4779    i.Yaw_Gimbal_6020_angle  gimbalcontrol.o
    0x0800a2d4   0x0800a2d4   0x00000058   Code   RO         4780    i.Yaw_Gimbal_Contro_Angle  gimbalcontrol.o
    0x0800a32c   0x0800a32c   0x00000088   Code   RO         4781    i.Yaw_Gimbal_ControlOfIMU  gimbalcontrol.o
    0x0800a3b4   0x0800a3b4   0x00000026   Code   RO         8214    i.__ARM_fpclassifyf  m_wm.l(fpclassifyf.o)
    0x0800a3da   0x0800a3da   0x00000002   PAD
    0x0800a3dc   0x0800a3dc   0x00000010   Code   RO         2880    i.__NVIC_GetPriorityGrouping  stm32f4xx_hal_cortex.o
    0x0800a3ec   0x0800a3ec   0x00000028   Code   RO         2881    i.__NVIC_SetPriority  stm32f4xx_hal_cortex.o
    0x0800a414   0x0800a414   0x00000118   Code   RO         8043    i.__hardfp_acosf    m_wm.l(acosf.o)
    0x0800a52c   0x0800a52c   0x0000012c   Code   RO         8055    i.__hardfp_asinf    m_wm.l(asinf.o)
    0x0800a658   0x0800a658   0x000002ac   Code   RO         8067    i.__hardfp_atan2f   m_wm.l(atan2f.o)
    0x0800a904   0x0800a904   0x0000003a   Code   RO         8091    i.__hardfp_sqrtf    m_wm.l(sqrtf.o)
    0x0800a93e   0x0800a93e   0x00000006   Code   RO         8217    i.__mathlib_flt_infnan  m_wm.l(funder.o)
    0x0800a944   0x0800a944   0x00000006   Code   RO         8218    i.__mathlib_flt_infnan2  m_wm.l(funder.o)
    0x0800a94a   0x0800a94a   0x00000002   PAD
    0x0800a94c   0x0800a94c   0x00000010   Code   RO         8219    i.__mathlib_flt_invalid  m_wm.l(funder.o)
    0x0800a95c   0x0800a95c   0x00000010   Code   RO         8222    i.__mathlib_flt_underflow  m_wm.l(funder.o)
    0x0800a96c   0x0800a96c   0x0000016c   Code   RO         5540    i.bmi088_accel_init  bmi088driver.o
    0x0800aad8   0x0800aad8   0x00000130   Code   RO         5541    i.bmi088_gyro_init  bmi088driver.o
    0x0800ac08   0x0800ac08   0x00000094   Code   RO         5006    i.can_filter_init   bsp_can.o
    0x0800ac9c   0x0800ac9c   0x0000003e   Code   RO         5408    i.decode_hipnuc     hipnuc_dec.o
    0x0800acda   0x0800acda   0x00000002   PAD
    0x0800acdc   0x0800acdc   0x000000f0   Code   RO         5787    i.f_Changing_Integration_Rate  controller.o
    0x0800adcc   0x0800adcc   0x00000056   Code   RO         5788    i.f_Derivative_Filter  controller.o
    0x0800ae22   0x0800ae22   0x000000f4   Code   RO         5789    i.f_Derivative_On_Measurement  controller.o
    0x0800af16   0x0800af16   0x00000002   PAD
    0x0800af18   0x0800af18   0x000000f0   Code   RO         5790    i.f_Integral_Limit  controller.o
    0x0800b008   0x0800b008   0x00000056   Code   RO         5791    i.f_Output_Filter   controller.o
    0x0800b05e   0x0800b05e   0x00000046   Code   RO         5792    i.f_Output_Limit    controller.o
    0x0800b0a4   0x0800b0a4   0x000000b4   Code   RO         5793    i.f_PID_ErrorHandle  controller.o
    0x0800b158   0x0800b158   0x00000046   Code   RO         5794    i.f_Proportion_Limit  controller.o
    0x0800b19e   0x0800b19e   0x00000080   Code   RO         5795    i.f_Trapezoid_Intergral  controller.o
    0x0800b21e   0x0800b21e   0x0000002a   Code   RO         6074    i.float_constrain   user_lib.o
    0x0800b248   0x0800b248   0x00000048   Code   RO         6076    i.float_rounding    user_lib.o
    0x0800b290   0x0800b290   0x00000018   Code   RO         5070    i.get_Fire_motor_measure_point  can_receive.o
    0x0800b2a8   0x0800b2a8   0x00000018   Code   RO         5071    i.get_chassis_motor_measure_point  can_receive.o
    0x0800b2c0   0x0800b2c0   0x00000008   Code   RO         5072    i.get_pitch_gimbal_motor_measure_point  can_receive.o
    0x0800b2c8   0x0800b2c8   0x00000008   Code   RO         4852    i.get_remote_control_point  remote_control.o
    0x0800b2d0   0x0800b2d0   0x00000008   Code   RO         5073    i.get_trigger_motor_measure_point  can_receive.o
    0x0800b2d8   0x0800b2d8   0x00000008   Code   RO         5074    i.get_yaw_gimbal_motor_measure_point  can_receive.o
    0x0800b2e0   0x0800b2e0   0x0000003c   Code   RO         4656    i.hipnuc_Init       hipnuc_imu_task.o
    0x0800b31c   0x0800b31c   0x0000003c   Code   RO         5409    i.hipnuc_crc16      hipnuc_dec.o
    0x0800b358   0x0800b358   0x000000dc   Code   RO         4657    i.hipnuc_imu_task   hipnuc_imu_task.o
    0x0800b434   0x0800b434   0x00000010   Code   RO         5277    i.int16_abs         m2006_driver.o
    0x0800b444   0x0800b444   0x0000003c   Code   RO         6004    i.invSqrt           quaternionekf.o
    0x0800b480   0x0800b480   0x0000006c   Code   RO           16    i.main              main.o
    0x0800b4ec   0x0800b4ec   0x0000000c   Code   RO         7212    i.makeFreeRtosPriority  cmsis_os.o
    0x0800b4f8   0x0800b4f8   0x00000010   Code   RO         7214    i.osDelay           cmsis_os.o
    0x0800b508   0x0800b508   0x0000000a   Code   RO         7217    i.osKernelStart     cmsis_os.o
    0x0800b512   0x0800b512   0x0000005c   Code   RO         7251    i.osThreadCreate    cmsis_os.o
    0x0800b56e   0x0800b56e   0x00000002   PAD
    0x0800b570   0x0800b570   0x0000026c   Code   RO         5412    i.parse_data        hipnuc_dec.o
    0x0800b7dc   0x0800b7dc   0x00000080   Code   RO         6692    i.prvAddCurrentTaskToDelayedList  tasks.o
    0x0800b85c   0x0800b85c   0x00000088   Code   RO         6693    i.prvAddNewTaskToReadyList  tasks.o
    0x0800b8e4   0x0800b8e4   0x0000005c   Code   RO         7056    i.prvCheckForValidListAndQueue  timers.o
    0x0800b940   0x0800b940   0x00000040   Code   RO         6694    i.prvCheckTasksWaitingTermination  tasks.o
    0x0800b980   0x0800b980   0x00000024   Code   RO         6345    i.prvCopyDataFromQueue  queue.o
    0x0800b9a4   0x0800b9a4   0x0000006e   Code   RO         6346    i.prvCopyDataToQueue  queue.o
    0x0800ba12   0x0800ba12   0x00000040   Code   RO         6695    i.prvDeleteTCB      tasks.o
    0x0800ba52   0x0800ba52   0x00000002   PAD
    0x0800ba54   0x0800ba54   0x00000024   Code   RO         7057    i.prvGetNextExpireTime  timers.o
    0x0800ba78   0x0800ba78   0x00000050   Code   RO         7591    i.prvHeapInit       heap_4.o
    0x0800bac8   0x0800bac8   0x00000028   Code   RO         6696    i.prvIdleTask       tasks.o
    0x0800baf0   0x0800baf0   0x00000018   Code   RO         6349    i.prvInitialiseNewQueue  queue.o
    0x0800bb08   0x0800bb08   0x00000098   Code   RO         6697    i.prvInitialiseNewTask  tasks.o
    0x0800bba0   0x0800bba0   0x00000060   Code   RO         6698    i.prvInitialiseTaskLists  tasks.o
    0x0800bc00   0x0800bc00   0x0000005c   Code   RO         7592    i.prvInsertBlockIntoFreeList  heap_4.o
    0x0800bc5c   0x0800bc5c   0x00000048   Code   RO         7059    i.prvInsertTimerInActiveList  timers.o
    0x0800bca4   0x0800bca4   0x0000001a   Code   RO         6350    i.prvIsQueueEmpty   queue.o
    0x0800bcbe   0x0800bcbe   0x0000001e   Code   RO         6351    i.prvIsQueueFull    queue.o
    0x0800bcdc   0x0800bcdc   0x00000068   Code   RO         7060    i.prvProcessExpiredTimer  timers.o
    0x0800bd44   0x0800bd44   0x00000104   Code   RO         7061    i.prvProcessReceivedCommands  timers.o
    0x0800be48   0x0800be48   0x0000006c   Code   RO         7062    i.prvProcessTimerOrBlockTask  timers.o
    0x0800beb4   0x0800beb4   0x00000024   Code   RO         6699    i.prvResetNextTaskUnblockTime  tasks.o
    0x0800bed8   0x0800bed8   0x0000002c   Code   RO         7063    i.prvSampleTimeNow  timers.o
    0x0800bf04   0x0800bf04   0x00000078   Code   RO         7064    i.prvSwitchTimerLists  timers.o
    0x0800bf7c   0x0800bf7c   0x00000030   Code   RO         7648    i.prvTaskExitError  port.o
    0x0800bfac   0x0800bfac   0x00000014   Code   RO         7065    i.prvTimerTask      timers.o
    0x0800bfc0   0x0800bfc0   0x00000068   Code   RO         6352    i.prvUnlockQueue    queue.o
    0x0800c028   0x0800c028   0x000000e8   Code   RO         7593    i.pvPortMalloc      heap_4.o
    0x0800c110   0x0800c110   0x0000002c   Code   RO         7649    i.pxPortInitialiseStack  port.o
    0x0800c13c   0x0800c13c   0x00000020   Code   RO         4853    i.remote_control_init  remote_control.o
    0x0800c15c   0x0800c15c   0x000000da   Code   RO         4854    i.sbus_to_rc        remote_control.o
    0x0800c236   0x0800c236   0x0000003e   Code   RO         8093    i.sqrtf             m_wm.l(sqrtf.o)
    0x0800c274   0x0800c274   0x00000068   Code   RO         6704    i.ulTaskNotifyTake  tasks.o
    0x0800c2dc   0x0800c2dc   0x00000026   Code   RO         6308    i.uxListRemove      list.o
    0x0800c302   0x0800c302   0x00000002   PAD
    0x0800c304   0x0800c304   0x00000018   Code   RO          349    i.vApplicationGetIdleTaskMemory  freertos.o
    0x0800c31c   0x0800c31c   0x00000018   Code   RO          350    i.vApplicationGetTimerTaskMemory  freertos.o
    0x0800c334   0x0800c334   0x00000016   Code   RO         6309    i.vListInitialise   list.o
    0x0800c34a   0x0800c34a   0x00000006   Code   RO         6310    i.vListInitialiseItem  list.o
    0x0800c350   0x0800c350   0x00000036   Code   RO         6311    i.vListInsert       list.o
    0x0800c386   0x0800c386   0x00000018   Code   RO         6312    i.vListInsertEnd    list.o
    0x0800c39e   0x0800c39e   0x00000002   PAD
    0x0800c3a0   0x0800c3a0   0x00000040   Code   RO         7651    i.vPortEnterCritical  port.o
    0x0800c3e0   0x0800c3e0   0x0000002c   Code   RO         7652    i.vPortExitCritical  port.o
    0x0800c40c   0x0800c40c   0x00000064   Code   RO         7594    i.vPortFree         heap_4.o
    0x0800c470   0x0800c470   0x00000024   Code   RO         7653    i.vPortSetupTimerInterrupt  port.o
    0x0800c494   0x0800c494   0x00000054   Code   RO         7654    i.vPortValidateInterruptPriority  port.o
    0x0800c4e8   0x0800c4e8   0x00000028   Code   RO         6356    i.vQueueAddToRegistry  queue.o
    0x0800c510   0x0800c510   0x0000004a   Code   RO         6359    i.vQueueWaitForMessageRestricted  queue.o
    0x0800c55a   0x0800c55a   0x00000002   PAD
    0x0800c55c   0x0800c55c   0x00000050   Code   RO         6711    i.vTaskDelay        tasks.o
    0x0800c5ac   0x0800c5ac   0x00000010   Code   RO         6715    i.vTaskInternalSetTimeOutState  tasks.o
    0x0800c5bc   0x0800c5bc   0x0000000c   Code   RO         6716    i.vTaskMissedYield  tasks.o
    0x0800c5c8   0x0800c5c8   0x00000034   Code   RO         6718    i.vTaskPlaceOnEventList  tasks.o
    0x0800c5fc   0x0800c5fc   0x0000003c   Code   RO         6719    i.vTaskPlaceOnEventListRestricted  tasks.o
    0x0800c638   0x0800c638   0x00000090   Code   RO         6726    i.vTaskStartScheduler  tasks.o
    0x0800c6c8   0x0800c6c8   0x00000010   Code   RO         6728    i.vTaskSuspendAll   tasks.o
    0x0800c6d8   0x0800c6d8   0x00000060   Code   RO         6729    i.vTaskSwitchContext  tasks.o
    0x0800c738   0x0800c738   0x00000104   Code   RO         7655    i.xPortStartScheduler  port.o
    0x0800c83c   0x0800c83c   0x00000070   Code   RO         6363    i.xQueueGenericCreateStatic  queue.o
    0x0800c8ac   0x0800c8ac   0x00000090   Code   RO         6364    i.xQueueGenericReset  queue.o
    0x0800c93c   0x0800c93c   0x00000170   Code   RO         6365    i.xQueueGenericSend  queue.o
    0x0800caac   0x0800caac   0x000000be   Code   RO         6366    i.xQueueGenericSendFromISR  queue.o
    0x0800cb6a   0x0800cb6a   0x00000002   PAD
    0x0800cb6c   0x0800cb6c   0x00000148   Code   RO         6374    i.xQueueReceive     queue.o
    0x0800ccb4   0x0800ccb4   0x00000098   Code   RO         6732    i.xTaskCheckForTimeOut  tasks.o
    0x0800cd4c   0x0800cd4c   0x0000006c   Code   RO         6733    i.xTaskCreate       tasks.o
    0x0800cdb8   0x0800cdb8   0x00000060   Code   RO         6734    i.xTaskCreateStatic  tasks.o
    0x0800ce18   0x0800ce18   0x0000001c   Code   RO         6739    i.xTaskGetSchedulerState  tasks.o
    0x0800ce34   0x0800ce34   0x0000000c   Code   RO         6740    i.xTaskGetTickCount  tasks.o
    0x0800ce40   0x0800ce40   0x000000d4   Code   RO         6742    i.xTaskIncrementTick  tasks.o
    0x0800cf14   0x0800cf14   0x0000009c   Code   RO         6745    i.xTaskPriorityDisinherit  tasks.o
    0x0800cfb0   0x0800cfb0   0x00000078   Code   RO         6747    i.xTaskRemoveFromEventList  tasks.o
    0x0800d028   0x0800d028   0x000000cc   Code   RO         6748    i.xTaskResumeAll    tasks.o
    0x0800d0f4   0x0800d0f4   0x00000068   Code   RO         7072    i.xTimerCreateTimerTask  timers.o
    0x0800d15c   0x0800d15c   0x00000074   Code   RO         7073    i.xTimerGenericCommand  timers.o
    0x0800d1d0   0x0800d1d0   0x0000000a   Code   RO         8315    x$fpl$fpinit        fz_wm.l(fpinit.o)
    0x0800d1da   0x0800d1da   0x00000000   Code   RO         8213    x$fpl$usenofp       fz_wm.l(usenofp.o)
    0x0800d1da   0x0800d1da   0x00000002   PAD
    0x0800d1dc   0x0800d1dc   0x0000008c   Data   RO          352    .constdata          freertos.o
    0x0800d268   0x0800d268   0x00000008   Data   RO         2597    .constdata          stm32f4xx_hal_dma.o
    0x0800d270   0x0800d270   0x00000018   Data   RO         4441    .constdata          system_stm32f4xx.o
    0x0800d288   0x0800d288   0x00000030   Data   RO         4570    .constdata          ins_task.o
    0x0800d2b8   0x0800d2b8   0x00000018   Data   RO         4724    .constdata          chassis_control.o
    0x0800d2d0   0x0800d2d0   0x00000090   Data   RO         6006    .constdata          quaternionekf.o
    0x0800d360   0x0800d360   0x0000002e   Data   RO          353    .conststring        freertos.o
    0x0800d38e   0x0800d38e   0x00000002   PAD
    0x0800d390   0x0800d390   0x00000804   Data   RO         7907    .rodata.sinTable_f32  arm_cortexM4lf_math.lib(arm_common_tables.o)
    0x0800db94   0x0800db94   0x00000020   Data   RO         8412    Region$$Table       anon$$obj.o


    Execution Region RW_IRAM1 (Exec base: 0x20000000, Load base: 0x0800dbb4, Size: 0x00010130, Max: 0x0001c000, ABSOLUTE, COMPRESSED[0x000000c0])

    Exec Addr    Load Addr    Size         Type   Attr      Idx    E Section Name        Object

    0x20000000   COMPRESSED   0x00000014   Data   RW          354    .data               freertos.o
    0x20000014   COMPRESSED   0x00000004   Data   RW          434    .data               can.o
    0x20000018   COMPRESSED   0x00000009   Data   RW         3029    .data               stm32f4xx_hal.o
    0x20000021   COMPRESSED   0x00000003   PAD
    0x20000024   COMPRESSED   0x00000004   Data   RW         4442    .data               system_stm32f4xx.o
    0x20000028   COMPRESSED   0x00000026   Data   RW         4480    .data               all_task.o
    0x2000004e   COMPRESSED   0x00000002   PAD
    0x20000050   COMPRESSED   0x00000048   Data   RW         4571    .data               ins_task.o
    0x20000098   COMPRESSED   0x0000000c   Data   RW         4660    .data               hipnuc_imu_task.o
    0x200000a4   COMPRESSED   0x00000008   Data   RW         4725    .data               chassis_control.o
    0x200000ac   COMPRESSED   0x00000014   Data   RW         4783    .data               gimbalcontrol.o
    0x200000c0   COMPRESSED   0x00000006   Data   RW         4856    .data               remote_control.o
    0x200000c6   COMPRESSED   0x00000002   PAD
    0x200000c8   COMPRESSED   0x0000000e   Data   RW         4975    .data               shoot_control.o
    0x200000d6   COMPRESSED   0x0000002a   Data   RW         5076    .data               can_receive.o
    0x20000100   COMPRESSED   0x00000014   Data   RW         5278    .data               m2006_driver.o
    0x20000114   COMPRESSED   0x00000048   Data   RW         5543    .data               bmi088driver.o
    0x2000015c   COMPRESSED   0x00000004   Data   RW         5624    .data               bmi088middleware.o
    0x20000160   COMPRESSED   0x00000040   Data   RW         5682    .data               bsp_dwt.o
    0x200001a0   COMPRESSED   0x00000270   Data   RW         5796    .data               controller.o
    0x20000410   COMPRESSED   0x00000004   Data   RW         5921    .data               kalman_filter.o
    0x20000414   COMPRESSED   0x000000d4   Data   RW         6007    .data               quaternionekf.o
    0x200004e8   COMPRESSED   0x00000018   Data   RW         6084    .data               user_lib.o
    0x20000500   COMPRESSED   0x0000003c   Data   RW         6751    .data               tasks.o
    0x2000053c   COMPRESSED   0x00000014   Data   RW         7079    .data               timers.o
    0x20000550   COMPRESSED   0x00000020   Data   RW         7600    .data               heap_4.o
    0x20000570   COMPRESSED   0x0000000c   Data   RW         7656    .data               port.o
    0x2000057c        -       0x000006a8   Zero   RW          351    .bss                freertos.o
    0x20000c24        -       0x00000050   Zero   RW          433    .bss                can.o
    0x20000c74        -       0x00000114   Zero   RW          505    .bss                i2c.o
    0x20000d88        -       0x00000118   Zero   RW          547    .bss                spi.o
    0x20000ea0        -       0x00000048   Zero   RW          590    .bss                tim.o
    0x20000ee8        -       0x00000148   Zero   RW          638    .bss                usart.o
    0x20001030        -       0x00000048   Zero   RW          824    .bss                stm32f4xx_hal_timebase_tim.o
    0x20001078        -       0x00000142   Zero   RW         4569    .bss                ins_task.o
    0x200011ba   COMPRESSED   0x00000002   PAD
    0x200011bc        -       0x000001f4   Zero   RW         4659    .bss                hipnuc_imu_task.o
    0x200013b0        -       0x00000324   Zero   RW         4723    .bss                chassis_control.o
    0x200016d4        -       0x000001d8   Zero   RW         4782    .bss                gimbalcontrol.o
    0x200018ac        -       0x0000005e   Zero   RW         4855    .bss                remote_control.o
    0x2000190a   COMPRESSED   0x00000002   PAD
    0x2000190c        -       0x00000240   Zero   RW         4974    .bss                shoot_control.o
    0x20001b4c        -       0x000000bc   Zero   RW         5075    .bss                can_receive.o
    0x20001c08        -       0x00000040   Zero   RW         5542    .bss                bmi088driver.o
    0x20001c48        -       0x00000270   Zero   RW         6005    .bss                quaternionekf.o
    0x20001eb8        -       0x00000040   Zero   RW         6377    .bss                queue.o
    0x20001ef8        -       0x000000f0   Zero   RW         6750    .bss                tasks.o
    0x20001fe8        -       0x000000e8   Zero   RW         7078    .bss                timers.o
    0x200020d0        -       0x00006000   Zero   RW         7599    .bss                heap_4.o
    0x200080d0        -       0x00000060   Zero   RW         8233    .bss                c_w.l(libspace.o)
    0x20008130        -       0x00004000   Zero   RW            2    HEAP                startup_stm32f407xx.o
    0x2000c130        -       0x00004000   Zero   RW            1    STACK               startup_stm32f407xx.o


    Execution Region RW_IRAM2 (Exec base: 0x2001c000, Load base: 0x0800dc74, Size: 0x00000000, Max: 0x00004000, ABSOLUTE)

    **** No section assigned to this execution region ****


==============================================================================

Image component sizes


      Code (inc. data)   RO Data    RW Data    ZI Data      Debug   Object Name

      1056         90          0         38          0       7726   all_task.o
      2882        174          0         72         64      10513   bmi088driver.o
       116         30          0          4          0       3488   bmi088middleware.o
       148         10          0          0          0        682   bsp_can.o
       580        112          0         64          0       4926   bsp_dwt.o
        58          0          0          0          0        994   bsp_pwm.o
       156         14          0          0          0       1006   bsp_rc.o
       488         44          0          4         80       2494   can.o
       804         96          0         42        188       8622   can_receive.o
       916         76         24          8        804       5338   chassis_control.o
       130          0          0          0          0      23023   cmsis_os.o
      2252         38          0        624          0      12820   controller.o
       168          6          0          0          0        866   dma.o
         0          0          0          0          0      17312   event_groups.o
       224         44        186         20       1704       9128   freertos.o
       688         68          0         20        472       5184   gimbalcontrol.o
       356         22          0          0          0       1139   gpio.o
       504         32          0         32      24576       5087   heap_4.o
       876          8          0          0          0       7087   hipnuc_dec.o
       280         58          0         12        500       1499   hipnuc_imu_task.o
       408         42          0          0        276       1955   i2c.o
      2564        188         48         72        322      10498   ins_task.o
      3160         26          0          4          0      22963   kalman_filter.o
       144          0          0          0          0       3646   list.o
      1294         50          0         20          0       6559   m2006_driver.o
      1138         50          0          0          0       5673   m3508_driver.o
      1566         38          0          0          0       5243   m6020_driver.o
       312         14          0          0          0     753527   main.o
       600          8          0          0          0       3226   pid.o
       814         92          0         12          0      12129   port.o
      4156        234        144        212        624      10571   quaternionekf.o
      1586         24          0          0         64      17808   queue.o
       550         40          0          6         94     597810   remote_control.o
       264         36          0         14        576       2086   shoot_control.o
       416         38          0          0        280       1975   spi.o
        64         26        392          0      32768        856   startup_stm32f407xx.o
       136         24          0          9          0       8794   stm32f4xx_hal.o
      2132          6          0          0          0      13919   stm32f4xx_hal_can.o
       252         22          0          0          0      33734   stm32f4xx_hal_cortex.o
      1224         16          8          0          0       5615   stm32f4xx_hal_dma.o
       512         46          0          0          0       2144   stm32f4xx_hal_gpio.o
       464         18          0          0          0       2091   stm32f4xx_hal_i2c.o
        84          6          0          0          0        882   stm32f4xx_hal_msp.o
      1888         94          0          0          0       6353   stm32f4xx_hal_rcc.o
      1078         14          0          0          0       4717   stm32f4xx_hal_spi.o
      2006        142          0          0          0      12808   stm32f4xx_hal_tim.o
         4          0          0          0          0       1597   stm32f4xx_hal_tim_ex.o
       136         12          0          0         72       1499   stm32f4xx_hal_timebase_tim.o
      1386         22          0          0          0       9558   stm32f4xx_hal_uart.o
       166         54          0          0          0       7499   stm32f4xx_it.o
        20          6         24          4          0       1163   system_stm32f4xx.o
      2384        204          0         60        240      29057   tasks.o
       256         28          0          0         72       2350   tim.o
      1076         96          0         20        232      30995   timers.o
       612         62          0          0        328       2681   usart.o
       790         26          0         24          0       9379   user_lib.o

    ----------------------------------------------------------------------
     48374       2726        860       1404      64340    1772294   Object Totals
         0          0         32          0          0          0   (incl. Generated)
        50          0          2          7          4          0   (incl. Padding)

    ----------------------------------------------------------------------

      Code (inc. data)   RO Data    RW Data    ZI Data      Debug   Library Member Name

         0          0       2052          0          0       6294   arm_common_tables.o
       152         12          0          0          0       1104   arm_cos_f32.o
       186          0          0          0          0       1797   arm_mat_add_f32.o
         8          0          0          0          0        841   arm_mat_init_f32.o
       756          4          0          0          0       3732   arm_mat_inverse_f32.o
       296          4          0          0          0       2300   arm_mat_mult_f32.o
       186          0          0          0          0       1795   arm_mat_sub_f32.o
       162          0          0          0          0       1865   arm_mat_trans_f32.o
       144         12          0          0          0       1092   arm_sin_f32.o
        90          0          0          0          0          0   __dczerorl2.o
         8          0          0          0          0         68   __main.o
         0          0          0          0          0          0   __rtentry.o
        12          0          0          0          0          0   __rtentry2.o
         6          0          0          0          0          0   __rtentry4.o
        52          8          0          0          0          0   __scatter.o
        28          0          0          0          0          0   __scatter_zi.o
        22          0          0          0          0        100   _rserrno.o
        16          0          0          0          0         68   aeabi_memset.o
        10          0          0          0          0         68   defsig_exit.o
        50          0          0          0          0         88   defsig_general.o
        80         58          0          0          0         76   defsig_rtmem_inner.o
        14          0          0          0          0         80   defsig_rtmem_outer.o
        18          0          0          0          0         80   exit.o
        94          0          0          0          0         80   h1_alloc.o
        52          0          0          0          0         68   h1_extend.o
        78          0          0          0          0         80   h1_free.o
        14          0          0          0          0         84   h1_init.o
         6          0          0          0          0        152   heapauxi.o
         4          0          0          0          0        136   hguard.o
         0          0          0          0          0          0   indicate_semi.o
       138          0          0          0          0        168   init_alloc.o
         2          0          0          0          0          0   libinit.o
        14          0          0          0          0          0   libinit2.o
         2          0          0          0          0          0   libshutdown.o
         2          0          0          0          0          0   libshutdown2.o
         8          4          0          0         96         68   libspace.o
       238          0          0          0          0        100   lludivv7m.o
         0          0          0          0          0          0   maybetermalloc1.o
         8          4          0          0          0         68   rt_errno_addr_intlibspace.o
         8          4          0          0          0         68   rt_heap_descriptor_intlibspace.o
        68          0          0          0          0         68   rt_memclr.o
        78          0          0          0          0         80   rt_memclr_w.o
       138          0          0          0          0         68   rt_memcpy_v6.o
       100          0          0          0          0         80   rt_memcpy_w.o
         2          0          0          0          0          0   rtexit.o
        10          0          0          0          0          0   rtexit2.o
        12          4          0          0          0         68   sys_exit.o
        74          0          0          0          0         80   sys_stackheap_outer.o
        14          0          0          0          0         76   sys_wrch.o
         2          0          0          0          0         68   use_no_semi.o
        10          0          0          0          0        116   fpinit.o
         0          0          0          0          0          0   usenofp.o
       280         46          0          0          0        176   acosf.o
       300         42          0          0          0        176   asinf.o
       684         90          0          0          0        208   atan2f.o
        38          0          0          0          0        116   fpclassifyf.o
        44         12          0          0          0        464   funder.o
       120          0          0          0          0        272   sqrtf.o

    ----------------------------------------------------------------------
      4958        304       2052          0         96      24636   Library Totals
        20          0          0          0          0          0   (incl. Padding)

    ----------------------------------------------------------------------

      Code (inc. data)   RO Data    RW Data    ZI Data      Debug   Library Name

      1890         32       2052          0          0      20820   arm_cortexM4lf_math.lib
      1572         82          0          0         96       2288   c_w.l
        10          0          0          0          0        116   fz_wm.l
      1466        190          0          0          0       1412   m_wm.l

    ----------------------------------------------------------------------
      4958        304       2052          0         96      24636   Library Totals

    ----------------------------------------------------------------------

==============================================================================


      Code (inc. data)   RO Data    RW Data    ZI Data      Debug   

     53332       3030       2912       1404      64436    1765270   Grand Totals
     53332       3030       2912        192      64436    1765270   ELF Image Totals (compressed)
     53332       3030       2912        192          0          0   ROM Totals

==============================================================================

    Total RO  Size (Code + RO Data)                56244 (  54.93kB)
    Total RW  Size (RW Data + ZI Data)             65840 (  64.30kB)
    Total ROM Size (Code + RO Data + RW Data)      56436 (  55.11kB)

==============================================================================

